
 Start  Stop   Length Name               Class

 00000H 022B7H 022B8H _TEXT              CODE
 022B8H 02609H 00352H MAIN_TEXT          CODE
 0260AH 02E3BH 00832H BSP_TEXT           CODE
 02E3CH 037F2H 009B7H PHILO_TEXT         CODE
 037F3H 03F0AH 00718H TABLE_TEXT         CODE
 03F0BH 0426BH 00361H VIDEO_TEXT         CODE
 0426CH 04353H 000E8H OS_CPU_A_TEXT      CODE
 04354H 04575H 00222H OS_CPU_C_TEXT      CODE
 04576H 07629H 030B4H UCOS_II_TEXT       CODE
 0762AH 07E77H 0084EH QS_TEXT            CODE
 07E78H 08350H 004D9H QS__TEXT           CODE
 08351H 083C3H 00073H QS_BLK_TEXT        CODE
 083C4H 084D9H 00116H QA_SUB_TEXT        CODE
 084DAH 086C6H 001EDH QF_ACT_TEXT        CODE
 086C7H 087EBH 00125H QF_GC_TEXT         CODE
 087ECH 087ECH 00000H QF_LOG2_TEXT       CODE
 087ECH 088E2H 000F7H QF_NEW_TEXT        CODE
 088E3H 089A7H 000C5H QF_POOL_TEXT       CODE
 089A8H 089BFH 00018H QF_PSINI_TEXT      CODE
 089C0H 08B22H 00163H QF_PSPUB_TEXT      CODE
 08B23H 08B23H 00000H QF_PWR2_TEXT       CODE
 08B23H 08D5FH 0023DH QF_TICK_TEXT       CODE
 08D60H 08DFFH 000A0H QTE_CTOR_TEXT      CODE
 08E00H 08F33H 00134H QTE_ARM_TEXT       CODE
 08F34H 0924DH 0031AH QF_PORT_TEXT       CODE
 0924EH 09259H 0000CH QEP_TEXT           CODE
 0925AH 0953EH 002E5H QHSM_INI_TEXT      CODE
 0953FH 0A04FH 00B11H QHSM_DIS_TEXT      CODE
 0A050H 0A058H 00009H QHSM_TOP_TEXT      CODE
 0A060H 0A060H 00000H _FARDATA           FAR_DATA
 0A060H 0A060H 00000H MAIN5_FAR          FAR_DATA
 0A060H 0A060H 00000H MAIN6_FAR          FAR_DATA
 0A060H 0A060H 00000H MAIN7_FAR          FAR_DATA
 0A060H 0A060H 00000H MAIN8_FAR          FAR_DATA
 0A060H 0A060H 00000H MAIN9_FAR          FAR_DATA
 0A060H 0A060H 00000H MAIN10_FAR         FAR_DATA
 0A060H 0A060H 00000H MAIN11_FAR         FAR_DATA
 0A060H 0A060H 00000H MAIN12_FAR         FAR_DATA
 0A060H 0A060H 00000H MAIN13_FAR         FAR_DATA
 0A060H 0A060H 00000H BSP5_FAR           FAR_DATA
 0A060H 0A060H 00000H BSP6_FAR           FAR_DATA
 0A060H 0A060H 00000H BSP7_FAR           FAR_DATA
 0A060H 0A060H 00000H BSP8_FAR           FAR_DATA
 0A060H 0A060H 00000H BSP9_FAR           FAR_DATA
 0A060H 0A060H 00000H BSP10_FAR          FAR_DATA
 0A060H 0A060H 00000H BSP11_FAR          FAR_DATA
 0A060H 0A060H 00000H BSP12_FAR          FAR_DATA
 0A060H 0A060H 00000H BSP13_FAR          FAR_DATA
 0A060H 0A060H 00000H PHILO5_FAR         FAR_DATA
 0A060H 0A060H 00000H PHILO6_FAR         FAR_DATA
 0A060H 0A060H 00000H PHILO7_FAR         FAR_DATA
 0A060H 0A060H 00000H PHILO8_FAR         FAR_DATA
 0A060H 0A060H 00000H PHILO9_FAR         FAR_DATA
 0A060H 0A060H 00000H PHILO10_FAR        FAR_DATA
 0A060H 0A060H 00000H PHILO11_FAR        FAR_DATA
 0A060H 0A060H 00000H PHILO12_FAR        FAR_DATA
 0A060H 0A060H 00000H PHILO13_FAR        FAR_DATA
 0A060H 0A060H 00000H TABLE5_FAR         FAR_DATA
 0A060H 0A060H 00000H TABLE6_FAR         FAR_DATA
 0A060H 0A060H 00000H TABLE7_FAR         FAR_DATA
 0A060H 0A060H 00000H TABLE8_FAR         FAR_DATA
 0A060H 0A060H 00000H TABLE9_FAR         FAR_DATA
 0A060H 0A060H 00000H TABLE10_FAR        FAR_DATA
 0A060H 0A060H 00000H TABLE11_FAR        FAR_DATA
 0A060H 0A060H 00000H TABLE12_FAR        FAR_DATA
 0A060H 0A060H 00000H TABLE13_FAR        FAR_DATA
 0A060H 0A060H 00000H VIDEO5_FAR         FAR_DATA
 0A060H 0A060H 00000H VIDEO6_FAR         FAR_DATA
 0A060H 0A060H 00000H VIDEO7_FAR         FAR_DATA
 0A060H 0A060H 00000H VIDEO8_FAR         FAR_DATA
 0A060H 0A060H 00000H VIDEO9_FAR         FAR_DATA
 0A060H 0A060H 00000H VIDEO10_FAR        FAR_DATA
 0A060H 0A060H 00000H VIDEO11_FAR        FAR_DATA
 0A060H 0A060H 00000H VIDEO12_FAR        FAR_DATA
 0A060H 0A060H 00000H VIDEO13_FAR        FAR_DATA
 0A060H 0A060H 00000H QS5_FAR            FAR_DATA
 0A060H 0A060H 00000H QS6_FAR            FAR_DATA
 0A060H 0A060H 00000H QS7_FAR            FAR_DATA
 0A060H 0A060H 00000H QS8_FAR            FAR_DATA
 0A060H 0A060H 00000H QS9_FAR            FAR_DATA
 0A060H 0A060H 00000H QS10_FAR           FAR_DATA
 0A060H 0A060H 00000H QS11_FAR           FAR_DATA
 0A060H 0A060H 00000H QS12_FAR           FAR_DATA
 0A060H 0A060H 00000H QS13_FAR           FAR_DATA
 0A060H 0A060H 00000H QS_5_FAR           FAR_DATA
 0A060H 0A060H 00000H QS_6_FAR           FAR_DATA
 0A060H 0A060H 00000H QS_7_FAR           FAR_DATA
 0A060H 0A060H 00000H QS_8_FAR           FAR_DATA
 0A060H 0A060H 00000H QS_9_FAR           FAR_DATA
 0A060H 0A060H 00000H QS_10_FAR          FAR_DATA
 0A060H 0A060H 00000H QS_11_FAR          FAR_DATA
 0A060H 0A060H 00000H QS_12_FAR          FAR_DATA
 0A060H 0A060H 00000H QS_13_FAR          FAR_DATA
 0A060H 0A060H 00000H QS_BLK5_FAR        FAR_DATA
 0A060H 0A060H 00000H QS_BLK6_FAR        FAR_DATA
 0A060H 0A060H 00000H QS_BLK7_FAR        FAR_DATA
 0A060H 0A060H 00000H QS_BLK8_FAR        FAR_DATA
 0A060H 0A060H 00000H QS_BLK9_FAR        FAR_DATA
 0A060H 0A060H 00000H QS_BLK10_FAR       FAR_DATA
 0A060H 0A060H 00000H QS_BLK11_FAR       FAR_DATA
 0A060H 0A060H 00000H QS_BLK12_FAR       FAR_DATA
 0A060H 0A060H 00000H QS_BLK13_FAR       FAR_DATA
 0A060H 0A060H 00000H QA_SUB5_FAR        FAR_DATA
 0A060H 0A060H 00000H QA_SUB6_FAR        FAR_DATA
 0A060H 0A060H 00000H QA_SUB7_FAR        FAR_DATA
 0A060H 0A060H 00000H QA_SUB8_FAR        FAR_DATA
 0A060H 0A060H 00000H QA_SUB9_FAR        FAR_DATA
 0A060H 0A060H 00000H QA_SUB10_FAR       FAR_DATA
 0A060H 0A060H 00000H QA_SUB11_FAR       FAR_DATA
 0A060H 0A060H 00000H QA_SUB12_FAR       FAR_DATA
 0A060H 0A060H 00000H QA_SUB13_FAR       FAR_DATA
 0A060H 0A060H 00000H QF_ACT5_FAR        FAR_DATA
 0A060H 0A060H 00000H QF_ACT6_FAR        FAR_DATA
 0A060H 0A060H 00000H QF_ACT7_FAR        FAR_DATA
 0A060H 0A060H 00000H QF_ACT8_FAR        FAR_DATA
 0A060H 0A060H 00000H QF_ACT9_FAR        FAR_DATA
 0A060H 0A060H 00000H QF_ACT10_FAR       FAR_DATA
 0A060H 0A060H 00000H QF_ACT11_FAR       FAR_DATA
 0A060H 0A060H 00000H QF_ACT12_FAR       FAR_DATA
 0A060H 0A060H 00000H QF_ACT13_FAR       FAR_DATA
 0A060H 0A060H 00000H QF_GC5_FAR         FAR_DATA
 0A060H 0A060H 00000H QF_GC6_FAR         FAR_DATA
 0A060H 0A060H 00000H QF_GC7_FAR         FAR_DATA
 0A060H 0A060H 00000H QF_GC8_FAR         FAR_DATA
 0A060H 0A060H 00000H QF_GC9_FAR         FAR_DATA
 0A060H 0A060H 00000H QF_GC10_FAR        FAR_DATA
 0A060H 0A060H 00000H QF_GC11_FAR        FAR_DATA
 0A060H 0A060H 00000H QF_GC12_FAR        FAR_DATA
 0A060H 0A060H 00000H QF_GC13_FAR        FAR_DATA
 0A060H 0A060H 00000H QF_LOG25_FAR       FAR_DATA
 0A060H 0A060H 00000H QF_LOG26_FAR       FAR_DATA
 0A060H 0A060H 00000H QF_LOG27_FAR       FAR_DATA
 0A060H 0A060H 00000H QF_LOG28_FAR       FAR_DATA
 0A060H 0A060H 00000H QF_LOG29_FAR       FAR_DATA
 0A060H 0A060H 00000H QF_LOG210_FAR      FAR_DATA
 0A060H 0A060H 00000H QF_LOG211_FAR      FAR_DATA
 0A060H 0A060H 00000H QF_LOG212_FAR      FAR_DATA
 0A060H 0A060H 00000H QF_LOG213_FAR      FAR_DATA
 0A060H 0A060H 00000H QF_NEW5_FAR        FAR_DATA
 0A060H 0A060H 00000H QF_NEW6_FAR        FAR_DATA
 0A060H 0A060H 00000H QF_NEW7_FAR        FAR_DATA
 0A060H 0A060H 00000H QF_NEW8_FAR        FAR_DATA
 0A060H 0A060H 00000H QF_NEW9_FAR        FAR_DATA
 0A060H 0A060H 00000H QF_NEW10_FAR       FAR_DATA
 0A060H 0A060H 00000H QF_NEW11_FAR       FAR_DATA
 0A060H 0A060H 00000H QF_NEW12_FAR       FAR_DATA
 0A060H 0A060H 00000H QF_NEW13_FAR       FAR_DATA
 0A060H 0A060H 00000H QF_POOL5_FAR       FAR_DATA
 0A060H 0A060H 00000H QF_POOL6_FAR       FAR_DATA
 0A060H 0A060H 00000H QF_POOL7_FAR       FAR_DATA
 0A060H 0A060H 00000H QF_POOL8_FAR       FAR_DATA
 0A060H 0A060H 00000H QF_POOL9_FAR       FAR_DATA
 0A060H 0A060H 00000H QF_POOL10_FAR      FAR_DATA
 0A060H 0A060H 00000H QF_POOL11_FAR      FAR_DATA
 0A060H 0A060H 00000H QF_POOL12_FAR      FAR_DATA
 0A060H 0A060H 00000H QF_POOL13_FAR      FAR_DATA
 0A060H 0A060H 00000H QF_PSINI5_FAR      FAR_DATA
 0A060H 0A060H 00000H QF_PSINI6_FAR      FAR_DATA
 0A060H 0A060H 00000H QF_PSINI7_FAR      FAR_DATA
 0A060H 0A060H 00000H QF_PSINI8_FAR      FAR_DATA
 0A060H 0A060H 00000H QF_PSINI9_FAR      FAR_DATA
 0A060H 0A060H 00000H QF_PSINI10_FAR     FAR_DATA
 0A060H 0A060H 00000H QF_PSINI11_FAR     FAR_DATA
 0A060H 0A060H 00000H QF_PSINI12_FAR     FAR_DATA
 0A060H 0A060H 00000H QF_PSINI13_FAR     FAR_DATA
 0A060H 0A060H 00000H QF_PSPUB5_FAR      FAR_DATA
 0A060H 0A060H 00000H QF_PSPUB6_FAR      FAR_DATA
 0A060H 0A060H 00000H QF_PSPUB7_FAR      FAR_DATA
 0A060H 0A060H 00000H QF_PSPUB8_FAR      FAR_DATA
 0A060H 0A060H 00000H QF_PSPUB9_FAR      FAR_DATA
 0A060H 0A060H 00000H QF_PSPUB10_FAR     FAR_DATA
 0A060H 0A060H 00000H QF_PSPUB11_FAR     FAR_DATA
 0A060H 0A060H 00000H QF_PSPUB12_FAR     FAR_DATA
 0A060H 0A060H 00000H QF_PSPUB13_FAR     FAR_DATA
 0A060H 0A060H 00000H QF_PWR25_FAR       FAR_DATA
 0A060H 0A060H 00000H QF_PWR26_FAR       FAR_DATA
 0A060H 0A060H 00000H QF_PWR27_FAR       FAR_DATA
 0A060H 0A060H 00000H QF_PWR28_FAR       FAR_DATA
 0A060H 0A060H 00000H QF_PWR29_FAR       FAR_DATA
 0A060H 0A060H 00000H QF_PWR210_FAR      FAR_DATA
 0A060H 0A060H 00000H QF_PWR211_FAR      FAR_DATA
 0A060H 0A060H 00000H QF_PWR212_FAR      FAR_DATA
 0A060H 0A060H 00000H QF_PWR213_FAR      FAR_DATA
 0A060H 0A060H 00000H QF_TICK5_FAR       FAR_DATA
 0A060H 0A060H 00000H QF_TICK6_FAR       FAR_DATA
 0A060H 0A060H 00000H QF_TICK7_FAR       FAR_DATA
 0A060H 0A060H 00000H QF_TICK8_FAR       FAR_DATA
 0A060H 0A060H 00000H QF_TICK9_FAR       FAR_DATA
 0A060H 0A060H 00000H QF_TICK10_FAR      FAR_DATA
 0A060H 0A060H 00000H QF_TICK11_FAR      FAR_DATA
 0A060H 0A060H 00000H QF_TICK12_FAR      FAR_DATA
 0A060H 0A060H 00000H QF_TICK13_FAR      FAR_DATA
 0A060H 0A060H 00000H QTE_CTOR5_FAR      FAR_DATA
 0A060H 0A060H 00000H QTE_CTOR6_FAR      FAR_DATA
 0A060H 0A060H 00000H QTE_CTOR7_FAR      FAR_DATA
 0A060H 0A060H 00000H QTE_CTOR8_FAR      FAR_DATA
 0A060H 0A060H 00000H QTE_CTOR9_FAR      FAR_DATA
 0A060H 0A060H 00000H QTE_CTOR10_FAR     FAR_DATA
 0A060H 0A060H 00000H QTE_CTOR11_FAR     FAR_DATA
 0A060H 0A060H 00000H QTE_CTOR12_FAR     FAR_DATA
 0A060H 0A060H 00000H QTE_CTOR13_FAR     FAR_DATA
 0A060H 0A060H 00000H QTE_ARM5_FAR       FAR_DATA
 0A060H 0A060H 00000H QTE_ARM6_FAR       FAR_DATA
 0A060H 0A060H 00000H QTE_ARM7_FAR       FAR_DATA
 0A060H 0A060H 00000H QTE_ARM8_FAR       FAR_DATA
 0A060H 0A060H 00000H QTE_ARM9_FAR       FAR_DATA
 0A060H 0A060H 00000H QTE_ARM10_FAR      FAR_DATA
 0A060H 0A060H 00000H QTE_ARM11_FAR      FAR_DATA
 0A060H 0A060H 00000H QTE_ARM12_FAR      FAR_DATA
 0A060H 0A060H 00000H QTE_ARM13_FAR      FAR_DATA
 0A060H 0A060H 00000H QF_PORT5_FAR       FAR_DATA
 0A060H 0A060H 00000H QF_PORT6_FAR       FAR_DATA
 0A060H 0A060H 00000H QF_PORT7_FAR       FAR_DATA
 0A060H 0A060H 00000H QF_PORT8_FAR       FAR_DATA
 0A060H 0A060H 00000H QF_PORT9_FAR       FAR_DATA
 0A060H 0A060H 00000H QF_PORT10_FAR      FAR_DATA
 0A060H 0A060H 00000H QF_PORT11_FAR      FAR_DATA
 0A060H 0A060H 00000H QF_PORT12_FAR      FAR_DATA
 0A060H 0A060H 00000H QF_PORT13_FAR      FAR_DATA
 0A060H 0A060H 00000H QEP5_FAR           FAR_DATA
 0A060H 0A060H 00000H QEP6_FAR           FAR_DATA
 0A060H 0A060H 00000H QEP7_FAR           FAR_DATA
 0A060H 0A060H 00000H QEP8_FAR           FAR_DATA
 0A060H 0A060H 00000H QEP9_FAR           FAR_DATA
 0A060H 0A060H 00000H QEP10_FAR          FAR_DATA
 0A060H 0A060H 00000H QEP11_FAR          FAR_DATA
 0A060H 0A060H 00000H QEP12_FAR          FAR_DATA
 0A060H 0A060H 00000H QEP13_FAR          FAR_DATA
 0A060H 0A060H 00000H QHSM_INI5_FAR      FAR_DATA
 0A060H 0A060H 00000H QHSM_INI6_FAR      FAR_DATA
 0A060H 0A060H 00000H QHSM_INI7_FAR      FAR_DATA
 0A060H 0A060H 00000H QHSM_INI8_FAR      FAR_DATA
 0A060H 0A060H 00000H QHSM_INI9_FAR      FAR_DATA
 0A060H 0A060H 00000H QHSM_INI10_FAR     FAR_DATA
 0A060H 0A060H 00000H QHSM_INI11_FAR     FAR_DATA
 0A060H 0A060H 00000H QHSM_INI12_FAR     FAR_DATA
 0A060H 0A060H 00000H QHSM_INI13_FAR     FAR_DATA
 0A060H 0A060H 00000H QHSM_DIS5_FAR      FAR_DATA
 0A060H 0A060H 00000H QHSM_DIS6_FAR      FAR_DATA
 0A060H 0A060H 00000H QHSM_DIS7_FAR      FAR_DATA
 0A060H 0A060H 00000H QHSM_DIS8_FAR      FAR_DATA
 0A060H 0A060H 00000H QHSM_DIS9_FAR      FAR_DATA
 0A060H 0A060H 00000H QHSM_DIS10_FAR     FAR_DATA
 0A060H 0A060H 00000H QHSM_DIS11_FAR     FAR_DATA
 0A060H 0A060H 00000H QHSM_DIS12_FAR     FAR_DATA
 0A060H 0A060H 00000H QHSM_DIS13_FAR     FAR_DATA
 0A060H 0A060H 00000H QHSM_TOP5_FAR      FAR_DATA
 0A060H 0A060H 00000H QHSM_TOP6_FAR      FAR_DATA
 0A060H 0A060H 00000H QHSM_TOP7_FAR      FAR_DATA
 0A060H 0A060H 00000H QHSM_TOP8_FAR      FAR_DATA
 0A060H 0A060H 00000H QHSM_TOP9_FAR      FAR_DATA
 0A060H 0A060H 00000H QHSM_TOP10_FAR     FAR_DATA
 0A060H 0A060H 00000H QHSM_TOP11_FAR     FAR_DATA
 0A060H 0A060H 00000H QHSM_TOP12_FAR     FAR_DATA
 0A060H 0A060H 00000H QHSM_TOP13_FAR     FAR_DATA
 0A060H 0A060H 00000H _OVERLAY_          OVRINFO
 0A060H 0A07DH 0001EH _INIT_             INITDATA
 0A07EH 0A07EH 00000H _INITEND_          INITDATA
 0A07EH 0A089H 0000CH _EXIT_             EXITDATA
 0A08AH 0A08AH 00000H _EXITEND_          EXITDATA
 0A090H 0A090H 00000H _1STUB_            STUBSEG
 0A090H 0AF83H 00EF4H _DATA              DATA
 0AF84H 0AF84H 00000H _CVTSEG            DATA
 0AF84H 0AF84H 00000H _SCNSEG            DATA
 0AF84H 0EA61H 03ADEH _BSS               BSS
 0EA62H 0EA62H 00000H _BSSEND            ENDBSS
 0EA70H 0EAEFH 00080H _STACK             STACK

  Address         Publics by Name

 0000:1991       operator delete(void far*)
 0000:19CD       operator new(unsigned int)
 0260:042D       bsp_busydelay()
 0260:040E       bsp_displyphilstat(unsigned char,const char far*)
 0260:006E       bsp_init(int,char far*far*)
 0A09:0500       philo::
 02E3:000C       philo::philo()
 02E3:094D       philo::~philo()
 02E3:0734       philo::eating(philo far*,const qevent far*)
 02E3:0638       philo::hungry(philo far*,const qevent far*)
 02E3:007D       philo::initial(philo far*,const qevent far*)
 02E3:0588       philo::thinking(philo far*,const qevent far*)
 0A09:0504       qactive::
 02E3:087E       qactive::qactive(unsigned char(far*)(void far*,const qevent far*))
 02E3:098D       qactive::~qactive()
 08F3:02D2       qactive::get_()
 08F3:0226       qactive::postfifo(const qevent far*)
 08F3:027C       qactive::postlifo(const qevent far*)
 08F3:00DF       qactive::start(unsigned char,const qevent far*far*,unsigned long,void far*,unsigned long,const qevent far*)
 08F3:01E1       qactive::stop()
 083C:0004       qactive::subscribe(unsigned char) const
 0924:000E       qep::getversion()
 0A09:4850       qf::active_
 084D:0016       qf::add_(qactive far*)
 086C:0007       qf::gc(const qevent far*)
 08F3:0004       qf::getportversion()
 084D:000A       qf::getversion()
 08F3:0010       qf::init()
 087E:000C       qf::new_(unsigned int,unsigned char)
 0260:04E5       qf::oncleanup()
 0260:045E       qf::onstartup()
 088E:0003       qf::poolinit(void far*,unsigned long,unsigned int)
 089A:0008       qf::psinit(qsubscrlist far*,unsigned char)
 089C:0000       qf::publish(const qevent far*)
 084D:0101       qf::remove_(const qactive far*)
 08F3:001A       qf::run()
 08F3:0049       qf::stop()
 08B2:0003       qf::tick()
 0A09:0508       qhsm::
 02E3:08FD       qhsm::qhsm(unsigned char(far*)(void far*,const qevent far*))
 0925:000A       qhsm::~qhsm()
 0953:000F       qhsm::dispatch(const qevent far*)
 0925:0036       qhsm::init(const qevent far*)
 0A05:0000       qhsm::top(qhsm far*,const qevent far*)
 0A09:4838       qs::aoobj_
 0A09:4848       qs::apobj_
 0762:00D4       qs::begin(unsigned char)
 0762:01F5       qs::end()
 0A09:4840       qs::eqobj_
 0762:0080       qs::filteroff(unsigned char)
 0762:002E       qs::filteron(unsigned char)
 0835:0001       qs::getblock(unsigned int far*)
 0762:000A       qs::getversion()
 0A09:4814       qs::glbfilter_
 0762:0016       qs::initbuf(unsigned char far*,unsigned long)
 0A09:483C       qs::mpobj_
 0260:0741       qs::oncleanup()
 0260:07C0       qs::onflush()
 0260:0746       qs::ongettime()
 0260:0711       qs::onstartup(const void far*)
 0A09:4834       qs::smobj_
 07E7:040A       qs::str_(const char far*)
 07E7:047A       qs::str_rom_(const char far*)
 0A09:4844       qs::teobj_
 0A09:484C       qs::tickctr_
 0762:03D0       qs::u16(unsigned char,unsigned int)
 07E7:0094       qs::u16_(unsigned int)
 0762:056D       qs::u32(unsigned char,unsigned long)
 07E7:01A8       qs::u32_(unsigned long)
 0762:02BD       qs::u8(unsigned char,unsigned char)
 07E7:0008       qs::u8_(unsigned char)
 08D6:0000       qtimeevt::qtimeevt(unsigned char)
 08E0:0000       qtimeevt::arm_(qactive far*,unsigned int)
 02E3:08D8       qtimeevt::postin(qactive far*,unsigned int)
 0000:19A3       set_new_handler(void(far*)())
 0A09:05BF       table::
 037F:0003       table::table()
 037F:06DB       table::~table()
 037F:0094       table::initial(table far*,const qevent far*)
 037F:0358       table::serving(table far*,const qevent far*)
 03F0:002D       video::clearrect(unsigned char,unsigned char,unsigned char,unsigned char,unsigned char)
 03F0:000B       video::clearscreen(unsigned char)
 03F0:0234       video::drawbitmapat(unsigned char,unsigned char,const unsigned char far*,unsigned char,unsigned char)
 03F0:032B       video::drawstringat(unsigned char,unsigned char,const char far*)
 03F0:00DB       video::printnumat(unsigned char,unsigned char,unsigned char,unsigned long)
 03F0:0084       video::printstrat(unsigned char,unsigned char,unsigned char,const char far*)
 0A09:0000       DATASEG@
 0000:0206       DGROUP@
 0000:201F       F_LDIV@
 0000:202E       F_LMOD@
 0000:2026       F_LUDIV@
 0000:2036       F_LUMOD@
 0000:20CD       F_LXLSH@
 0000:20EE       F_LXURSH@
 0000:210F       F_PADD@
 0000:213E       F_PSUB@
 0000:201F       LDIV@
 0000:202E       LMOD@
 0000:2026       LUDIV@
 0000:2036       LUMOD@
 0000:20CD       LXLSH@
 0000:20EE       LXURSH@
 0000:201C       N_LDIV@
 0000:202B       N_LMOD@
 0000:2023       N_LUDIV@
 0000:2033       N_LUMOD@
 0000:20CA       N_LXLSH@
 0000:20EB       N_LXURSH@
 0000:210C       N_PADD@
 0000:216C       N_PCMP@
 0000:213B       N_PSUB@
 0000:210F       PADD@
 0000:213E       PSUB@
 0000:01F0       _ABORT
 0A09:03EC       _AO_PHILO
 0A09:0530       _AO_TABLE
 0000:020A       _ATEXIT
 0000:0FAA       _ATOI
 0000:0F35       _ATOL
 0000:0237       _CLRSCR
 0000:0390       _CPRINTF
 0A09:0E15       _DIRECTVIDEO
 0A09:007D       _ERRNO
 0000:03AD       _EXIT
 0000:1D5E       _FARFREE
 0000:1E4E       _FARMALLOC
 0000:1FAE       _FARREALLOC
 0000:04FE       _FFLUSH
 0000:05CE       _FLUSHALL
 0000:1D5E       _FREE
 0000:0695       _FSEEK
 0000:0715       _FTELL
 0000:1175       _GETCH
 0000:1191       _GETCHE
 0000:0765       _GETTEXT
 0000:11D1       _GETVECT
 0000:122E       _ISATTY
 0000:12F0       _ITOA
 0000:123F       _KBHIT
 0000:1245       _LSEEK
 0000:1337       _LTOA
 022B:0008       _MAIN
 0000:1E44       _MALLOC
 0000:135F       _MEMCPY
 0000:07F0       _MOVETEXT
 0426:000C       _OSCPUDISABLE
 0426:000E       _OSCPUENABLE
 0426:0014       _OSCPURESTORESR
 0426:0010       _OSCPUSAVESR
 0A09:3F29       _OSCPUUSAGE
 0426:003C       _OSCTXSW
 0A09:403A       _OSCTXSWCTR
 0A09:4256       _OSEVENTFREELIST
 0457:0006       _OSEVENTNAMEGET
 0457:0086       _OSEVENTNAMESET
 0457:0120       _OSEVENTPENDMULTI
 0A09:3782       _OSEVENTTBL
 0A09:3F30       _OSIDLECTR
 0A09:3F36       _OSIDLECTRMAX
 0A09:4048       _OSIDLECTRRUN
 0457:0505       _OSINIT
 0435:0004       _OSINITHOOKBEGIN
 0435:0009       _OSINITHOOKEND
 0426:0077       _OSINTCTXSW
 0457:053C       _OSINTENTER
 0457:0553       _OSINTEXIT
 0A09:4047       _OSINTNESTING
 0A09:404C       _OSLOCKNESTING
 0457:1338       _OSMEMCREATE
 0A09:404E       _OSMEMFREELIST
 0457:147C       _OSMEMGET
 0457:1501       _OSMEMNAMEGET
 0457:1554       _OSMEMNAMESET
 0457:15C2       _OSMEMPUT
 0457:1637       _OSMEMQUERY
 0A09:3714       _OSMEMTBL
 0A09:3F34       _OSPRIOCUR
 0A09:4046       _OSPRIOHIGHRDY
 0457:1760       _OSQACCEPT
 0457:1828       _OSQCREATE
 0457:1997       _OSQDEL
 0457:1B8D       _OSQFLUSH
 0A09:4042       _OSQFREELIST
 0457:1BF3       _OSQPEND
 0457:1DD8       _OSQPENDABORT
 0457:1E90       _OSQPOST
 0457:1F75       _OSQPOSTFRONT
 0457:2055       _OSQPOSTOPT
 0457:21C2       _OSQQUERY
 0A09:425C       _OSQTBL
 0A09:3F22       _OSRDYGRP
 0A09:21E2       _OSRDYTBL
 0A09:3F28       _OSRUNNING
 0457:05CF       _OSSCHEDLOCK
 0457:05FF       _OSSCHEDUNLOCK
 0457:0656       _OSSTART
 0426:001E       _OSSTARTHIGHRDY
 0457:069A       _OSSTATINIT
 0A09:3780       _OSSTATRDY
 0457:2302       _OSTASKCHANGEPRIO
 0457:25DD       _OSTASKCREATE
 0457:26D2       _OSTASKCREATEEXT
 0435:000E       _OSTASKCREATEHOOK
 0A09:3F2E       _OSTASKCTR
 0457:27DD       _OSTASKDEL
 0435:001F       _OSTASKDELHOOK
 0457:2A0D       _OSTASKDELREQ
 0260:0550       _OSTASKIDLEHOOK
 0A09:4156       _OSTASKIDLESTK
 0457:2AA7       _OSTASKNAMEGET
 0457:2B5E       _OSTASKNAMESET
 0457:2F1B       _OSTASKQUERY
 0457:2C2C       _OSTASKRESUME
 0435:0030       _OSTASKSTATHOOK
 0A09:4056       _OSTASKSTATSTK
 0457:2D08       _OSTASKSTKCHK
 0435:0035       _OSTASKSTKINIT
 0435:0125       _OSTASKSTKINIT_FPE_X86
 0457:2E23       _OSTASKSUSPEND
 0435:0210       _OSTASKSWHOOK
 0A09:3F24       _OSTCBCUR
 0A09:4052       _OSTCBFREELIST
 0A09:403E       _OSTCBHIGHRDY
 0435:0215       _OSTCBINITHOOK
 0A09:3F2A       _OSTCBLIST
 0A09:3F3A       _OSTCBPRIOTBL
 0A09:21EA       _OSTCBTBL
 0A09:21DC       _OSTICKDOSCTR
 0426:00A4       _OSTICKISR
 0A09:425A       _OSTICKSTEPSTATE
 0A09:21DE       _OSTIME
 0457:2FDD       _OSTIMEDLY
 0457:3065       _OSTIMEGET
 0457:3096       _OSTIMESET
 0457:06F2       _OSTIMETICK
 0260:0546       _OSTIMETICKHOOK
 0A09:07A2       _OSUNMAPTBL
 0457:0813       _OSVERSION
 0457:081D       _OS_DUMMY
 0457:0822       _OS_EVENTTASKRDY
 0457:0A96       _OS_EVENTTASKREMOVE
 0457:0AF2       _OS_EVENTTASKREMOVEMULTI
 0457:092F       _OS_EVENTTASKWAIT
 0457:09BB       _OS_EVENTTASKWAITMULTI
 0457:0B99       _OS_EVENTWAITLISTINIT
 0457:0E62       _OS_MEMCLR
 0457:0E7D       _OS_MEMCOPY
 0457:16DF       _OS_MEMINIT
 0457:229C       _OS_QINIT
 0457:0EA0       _OS_SCHED
 0457:0F36       _OS_STRCOPY
 0457:0F67       _OS_STRLEN
 0457:0F82       _OS_TASKIDLE
 0457:0FAA       _OS_TASKSTAT
 0457:1053       _OS_TASKSTATSTKCHK
 0457:2FA6       _OS_TASKSTKCLR
 0457:10E8       _OS_TCBINIT
 0000:1383       _OUTPORT
 0000:138F       _OUTPORTB
 0000:0896       _PUTCH
 0000:07B6       _PUTTEXT
 0A09:0B10       _QEP_RESERVEDEVT_
 0A09:0AA8       _QF_DIV8LKUP
 0A09:08E3       _QF_INTLOCKNEST_
 0A09:0A67       _QF_INVPWR2LKUP
 0A09:08F2       _QF_LOG2LKUP
 0A09:0A14       _QF_MAXPOOL_
 0A09:0A1A       _QF_MAXSIGNAL_
 0A09:0A02       _QF_POOL_
 0A09:0A26       _QF_PWR2LKUP
 0A09:0A16       _QF_SUBSCRLIST_
 0A09:0AFC       _QF_TIMEEVTLISTHEAD_
 0A09:08CB       _QS_CHKSUM_
 0A09:08C2       _QS_END_
 0A09:08CC       _QS_FULL_
 0A09:08C4       _QS_HEAD_
 0A09:08BE       _QS_RING_
 0A09:08CA       _QS_SEQ_
 0A09:08C6       _QS_TAIL_
 0A09:08C8       _QS_USED_
 0260:05B1       _Q_ONASSERT
 0000:1FA7       _REALLOC
 0000:139B       _SETBLOCK
 0000:0C69       _SETVBUF
 0000:11E0       _SETVECT
 08F3:0077       _TASK_FUNCTION
 0000:0D88       _TELL
 0260:000A       _UCOSTASK
 0000:131A       _ULTOA
 0000:11B5       _UNGETCH
 0000:0DAC       _WHEREX
 0000:0DBB       _WHEREY
 0000:0DCE       _WRITE
 0000:1000  Abs  __AHINCR
 0000:000C  Abs  __AHSHIFT
 0A09:0EE4       __ARGC
 0A09:0EE6       __ARGV
 0A09:0B34       __ATEXITCNT
 0A09:494E       __ATEXITTBL
 0000:0452       __BRK
 0A09:0087       __BRKLVL
 0A09:0069       __C0ARGC
 0A09:006B       __C0ARGV
 0000:107A       __C0CRTINIT
 0A09:006F       __C0ENVIRON
 0000:0260       __CPUTN
 0000:109A       __CRTINIT
 0A09:0B36       __CTYPE
 0A09:0E20       __DOSERRNO
 0A09:0E22       __DOSERRORTOSV
 0A09:0073       __ENVLNG
 0A09:0075       __ENVSEG
 0A09:0077       __ENVSIZE
 0000:011A       __EXIT
 0A09:0C38       __EXITBUF
 0000:00FA       __EXITCLEAN
 0A09:0C3C       __EXITFOPEN
 0A09:0C40       __EXITOPEN
 0A09:0083       __HEAPBASE
 0A09:008B       __HEAPTOP
 0A09:0059       __INT0VECTOR
 0A09:005D       __INT4VECTOR
 0A09:0061       __INT5VECTOR
 0A09:0065       __INT6VECTOR
 0000:11F1       __IOERROR
 0000:126E       __LONGTOA
 0000:0208       __MMODEL
 0A09:49CE       __NEW_HANDLER
 0000:118E       __NGETCHE
 0000:11B2       __NUNGETCH
 0A09:0DD6       __OPENFD
 0A09:007B       __OSMAJOR
 0A09:007C       __OSMINOR
 0A09:0079       __PSP
 0000:218D       __REALCVT
 0A09:0EF4       __REALCVTVECTOR
 0000:0178       __RESTOREZERO
 0000:0491       __SBRK
 0A09:0EF4       __SCANTODVECTOR
 0000:09E1       __SCREENIO
 0000:0A84       __SCROLL
 0000:0000  Abs  __SETARGV__
 0000:0BF0       __SETUPIO
 0A09:007F       __STARTTIME
 0A09:0E02       __STKLEN
 0A09:0C46       __STREAMS
 0000:0000  Abs  __TURBOCRT
 0000:0A1E       __VALIDATEXY
 0000:1A0F       __VECTOR_DELETE_
 0000:1B2A       __VECTOR_NEW_
 0A09:007B       __VERSION
 0A09:0E06       __VIDEO
 0000:0FF6       __VIDEOINT
 0000:13CF       __VPRINTER
 0000:18A7       __VPTR
 0000:18CD       __VRAM
 0000:0DA2       __WHEREXY
 0000:1946       __WRITE
 0A09:0E04       __WSCROLL
 0000:0EFB       __XFFLUSH
 0000:1C20       ___FIRST
 0000:1C22       ___LAST
 0000:1C24       ___ROVER

  Address         Publics by Value

 0000:0000  Abs  __SETARGV__
 0000:0000  Abs  __TURBOCRT
 0000:000C  Abs  __AHSHIFT
 0000:1000  Abs  __AHINCR
 0000:00FA       __EXITCLEAN
 0000:011A       __EXIT
 0000:0178       __RESTOREZERO
 0000:01F0       _ABORT
 0000:0206       DGROUP@
 0000:0208       __MMODEL
 0000:020A       _ATEXIT
 0000:0237       _CLRSCR
 0000:0260       __CPUTN
 0000:0390       _CPRINTF
 0000:03AD       _EXIT
 0000:0452       __BRK
 0000:0491       __SBRK
 0000:04FE       _FFLUSH
 0000:05CE       _FLUSHALL
 0000:0695       _FSEEK
 0000:0715       _FTELL
 0000:0765       _GETTEXT
 0000:07B6       _PUTTEXT
 0000:07F0       _MOVETEXT
 0000:0896       _PUTCH
 0000:09E1       __SCREENIO
 0000:0A1E       __VALIDATEXY
 0000:0A84       __SCROLL
 0000:0BF0       __SETUPIO
 0000:0C69       _SETVBUF
 0000:0D88       _TELL
 0000:0DA2       __WHEREXY
 0000:0DAC       _WHEREX
 0000:0DBB       _WHEREY
 0000:0DCE       _WRITE
 0000:0EFB       __XFFLUSH
 0000:0F35       _ATOL
 0000:0FAA       _ATOI
 0000:0FF6       __VIDEOINT
 0000:107A       __C0CRTINIT
 0000:109A       __CRTINIT
 0000:1175       _GETCH
 0000:118E       __NGETCHE
 0000:1191       _GETCHE
 0000:11B2       __NUNGETCH
 0000:11B5       _UNGETCH
 0000:11D1       _GETVECT
 0000:11E0       _SETVECT
 0000:11F1       __IOERROR
 0000:122E       _ISATTY
 0000:123F       _KBHIT
 0000:1245       _LSEEK
 0000:126E       __LONGTOA
 0000:12F0       _ITOA
 0000:131A       _ULTOA
 0000:1337       _LTOA
 0000:135F       _MEMCPY
 0000:1383       _OUTPORT
 0000:138F       _OUTPORTB
 0000:139B       _SETBLOCK
 0000:13CF       __VPRINTER
 0000:18A7       __VPTR
 0000:18CD       __VRAM
 0000:1946       __WRITE
 0000:1991       operator delete(void far*)
 0000:19A3       set_new_handler(void(far*)())
 0000:19CD       operator new(unsigned int)
 0000:1A0F       __VECTOR_DELETE_
 0000:1B2A       __VECTOR_NEW_
 0000:1C20       ___FIRST
 0000:1C22       ___LAST
 0000:1C24       ___ROVER
 0000:1D5E       _FREE
 0000:1D5E       _FARFREE
 0000:1E44       _MALLOC
 0000:1E4E       _FARMALLOC
 0000:1FA7       _REALLOC
 0000:1FAE       _FARREALLOC
 0000:201C       N_LDIV@
 0000:201F       F_LDIV@
 0000:201F       LDIV@
 0000:2023       N_LUDIV@
 0000:2026       F_LUDIV@
 0000:2026       LUDIV@
 0000:202B       N_LMOD@
 0000:202E       F_LMOD@
 0000:202E       LMOD@
 0000:2033       N_LUMOD@
 0000:2036       F_LUMOD@
 0000:2036       LUMOD@
 0000:20CA       N_LXLSH@
 0000:20CD       F_LXLSH@
 0000:20CD       LXLSH@
 0000:20EB       N_LXURSH@
 0000:20EE       F_LXURSH@
 0000:20EE       LXURSH@
 0000:210C       N_PADD@
 0000:210F       F_PADD@
 0000:210F       PADD@
 0000:213B       N_PSUB@
 0000:213E       F_PSUB@
 0000:213E       PSUB@
 0000:216C       N_PCMP@
 0000:218D       __REALCVT
 022B:0008       _MAIN
 0260:000A       _UCOSTASK
 0260:006E       bsp_init(int,char far*far*)
 0260:040E       bsp_displyphilstat(unsigned char,const char far*)
 0260:042D       bsp_busydelay()
 0260:045E       qf::onstartup()
 0260:04E5       qf::oncleanup()
 0260:0546       _OSTIMETICKHOOK
 0260:0550       _OSTASKIDLEHOOK
 0260:05B1       _Q_ONASSERT
 0260:0711       qs::onstartup(const void far*)
 0260:0741       qs::oncleanup()
 0260:0746       qs::ongettime()
 0260:07C0       qs::onflush()
 02E3:000C       philo::philo()
 02E3:007D       philo::initial(philo far*,const qevent far*)
 02E3:0588       philo::thinking(philo far*,const qevent far*)
 02E3:0638       philo::hungry(philo far*,const qevent far*)
 02E3:0734       philo::eating(philo far*,const qevent far*)
 02E3:087E       qactive::qactive(unsigned char(far*)(void far*,const qevent far*))
 02E3:08D8       qtimeevt::postin(qactive far*,unsigned int)
 02E3:08FD       qhsm::qhsm(unsigned char(far*)(void far*,const qevent far*))
 02E3:094D       philo::~philo()
 02E3:098D       qactive::~qactive()
 037F:0003       table::table()
 037F:0094       table::initial(table far*,const qevent far*)
 037F:0358       table::serving(table far*,const qevent far*)
 037F:06DB       table::~table()
 03F0:000B       video::clearscreen(unsigned char)
 03F0:002D       video::clearrect(unsigned char,unsigned char,unsigned char,unsigned char,unsigned char)
 03F0:0084       video::printstrat(unsigned char,unsigned char,unsigned char,const char far*)
 03F0:00DB       video::printnumat(unsigned char,unsigned char,unsigned char,unsigned long)
 03F0:0234       video::drawbitmapat(unsigned char,unsigned char,const unsigned char far*,unsigned char,unsigned char)
 03F0:032B       video::drawstringat(unsigned char,unsigned char,const char far*)
 0426:000C       _OSCPUDISABLE
 0426:000E       _OSCPUENABLE
 0426:0010       _OSCPUSAVESR
 0426:0014       _OSCPURESTORESR
 0426:001E       _OSSTARTHIGHRDY
 0426:003C       _OSCTXSW
 0426:0077       _OSINTCTXSW
 0426:00A4       _OSTICKISR
 0435:0004       _OSINITHOOKBEGIN
 0435:0009       _OSINITHOOKEND
 0435:000E       _OSTASKCREATEHOOK
 0435:001F       _OSTASKDELHOOK
 0435:0030       _OSTASKSTATHOOK
 0435:0035       _OSTASKSTKINIT
 0435:0125       _OSTASKSTKINIT_FPE_X86
 0435:0210       _OSTASKSWHOOK
 0435:0215       _OSTCBINITHOOK
 0457:0006       _OSEVENTNAMEGET
 0457:0086       _OSEVENTNAMESET
 0457:0120       _OSEVENTPENDMULTI
 0457:0505       _OSINIT
 0457:053C       _OSINTENTER
 0457:0553       _OSINTEXIT
 0457:05CF       _OSSCHEDLOCK
 0457:05FF       _OSSCHEDUNLOCK
 0457:0656       _OSSTART
 0457:069A       _OSSTATINIT
 0457:06F2       _OSTIMETICK
 0457:0813       _OSVERSION
 0457:081D       _OS_DUMMY
 0457:0822       _OS_EVENTTASKRDY
 0457:092F       _OS_EVENTTASKWAIT
 0457:09BB       _OS_EVENTTASKWAITMULTI
 0457:0A96       _OS_EVENTTASKREMOVE
 0457:0AF2       _OS_EVENTTASKREMOVEMULTI
 0457:0B99       _OS_EVENTWAITLISTINIT
 0457:0E62       _OS_MEMCLR
 0457:0E7D       _OS_MEMCOPY
 0457:0EA0       _OS_SCHED
 0457:0F36       _OS_STRCOPY
 0457:0F67       _OS_STRLEN
 0457:0F82       _OS_TASKIDLE
 0457:0FAA       _OS_TASKSTAT
 0457:1053       _OS_TASKSTATSTKCHK
 0457:10E8       _OS_TCBINIT
 0457:1338       _OSMEMCREATE
 0457:147C       _OSMEMGET
 0457:1501       _OSMEMNAMEGET
 0457:1554       _OSMEMNAMESET
 0457:15C2       _OSMEMPUT
 0457:1637       _OSMEMQUERY
 0457:16DF       _OS_MEMINIT
 0457:1760       _OSQACCEPT
 0457:1828       _OSQCREATE
 0457:1997       _OSQDEL
 0457:1B8D       _OSQFLUSH
 0457:1BF3       _OSQPEND
 0457:1DD8       _OSQPENDABORT
 0457:1E90       _OSQPOST
 0457:1F75       _OSQPOSTFRONT
 0457:2055       _OSQPOSTOPT
 0457:21C2       _OSQQUERY
 0457:229C       _OS_QINIT
 0457:2302       _OSTASKCHANGEPRIO
 0457:25DD       _OSTASKCREATE
 0457:26D2       _OSTASKCREATEEXT
 0457:27DD       _OSTASKDEL
 0457:2A0D       _OSTASKDELREQ
 0457:2AA7       _OSTASKNAMEGET
 0457:2B5E       _OSTASKNAMESET
 0457:2C2C       _OSTASKRESUME
 0457:2D08       _OSTASKSTKCHK
 0457:2E23       _OSTASKSUSPEND
 0457:2F1B       _OSTASKQUERY
 0457:2FA6       _OS_TASKSTKCLR
 0457:2FDD       _OSTIMEDLY
 0457:3065       _OSTIMEGET
 0457:3096       _OSTIMESET
 0762:000A       qs::getversion()
 0762:0016       qs::initbuf(unsigned char far*,unsigned long)
 0762:002E       qs::filteron(unsigned char)
 0762:0080       qs::filteroff(unsigned char)
 0762:00D4       qs::begin(unsigned char)
 0762:01F5       qs::end()
 0762:02BD       qs::u8(unsigned char,unsigned char)
 0762:03D0       qs::u16(unsigned char,unsigned int)
 0762:056D       qs::u32(unsigned char,unsigned long)
 07E7:0008       qs::u8_(unsigned char)
 07E7:0094       qs::u16_(unsigned int)
 07E7:01A8       qs::u32_(unsigned long)
 07E7:040A       qs::str_(const char far*)
 07E7:047A       qs::str_rom_(const char far*)
 0835:0001       qs::getblock(unsigned int far*)
 083C:0004       qactive::subscribe(unsigned char) const
 084D:000A       qf::getversion()
 084D:0016       qf::add_(qactive far*)
 084D:0101       qf::remove_(const qactive far*)
 086C:0007       qf::gc(const qevent far*)
 087E:000C       qf::new_(unsigned int,unsigned char)
 088E:0003       qf::poolinit(void far*,unsigned long,unsigned int)
 089A:0008       qf::psinit(qsubscrlist far*,unsigned char)
 089C:0000       qf::publish(const qevent far*)
 08B2:0003       qf::tick()
 08D6:0000       qtimeevt::qtimeevt(unsigned char)
 08E0:0000       qtimeevt::arm_(qactive far*,unsigned int)
 08F3:0004       qf::getportversion()
 08F3:0010       qf::init()
 08F3:001A       qf::run()
 08F3:0049       qf::stop()
 08F3:0077       _TASK_FUNCTION
 08F3:00DF       qactive::start(unsigned char,const qevent far*far*,unsigned long,void far*,unsigned long,const qevent far*)
 08F3:01E1       qactive::stop()
 08F3:0226       qactive::postfifo(const qevent far*)
 08F3:027C       qactive::postlifo(const qevent far*)
 08F3:02D2       qactive::get_()
 0924:000E       qep::getversion()
 0925:000A       qhsm::~qhsm()
 0925:0036       qhsm::init(const qevent far*)
 0953:000F       qhsm::dispatch(const qevent far*)
 0A05:0000       qhsm::top(qhsm far*,const qevent far*)
 0A09:0000       DATASEG@
 0A09:0059       __INT0VECTOR
 0A09:005D       __INT4VECTOR
 0A09:0061       __INT5VECTOR
 0A09:0065       __INT6VECTOR
 0A09:0069       __C0ARGC
 0A09:006B       __C0ARGV
 0A09:006F       __C0ENVIRON
 0A09:0073       __ENVLNG
 0A09:0075       __ENVSEG
 0A09:0077       __ENVSIZE
 0A09:0079       __PSP
 0A09:007B       __OSMAJOR
 0A09:007B       __VERSION
 0A09:007C       __OSMINOR
 0A09:007D       _ERRNO
 0A09:007F       __STARTTIME
 0A09:0083       __HEAPBASE
 0A09:0087       __BRKLVL
 0A09:008B       __HEAPTOP
 0A09:03EC       _AO_PHILO
 0A09:0500       philo::
 0A09:0504       qactive::
 0A09:0508       qhsm::
 0A09:0530       _AO_TABLE
 0A09:05BF       table::
 0A09:07A2       _OSUNMAPTBL
 0A09:08BE       _QS_RING_
 0A09:08C2       _QS_END_
 0A09:08C4       _QS_HEAD_
 0A09:08C6       _QS_TAIL_
 0A09:08C8       _QS_USED_
 0A09:08CA       _QS_SEQ_
 0A09:08CB       _QS_CHKSUM_
 0A09:08CC       _QS_FULL_
 0A09:08E3       _QF_INTLOCKNEST_
 0A09:08F2       _QF_LOG2LKUP
 0A09:0A02       _QF_POOL_
 0A09:0A14       _QF_MAXPOOL_
 0A09:0A16       _QF_SUBSCRLIST_
 0A09:0A1A       _QF_MAXSIGNAL_
 0A09:0A26       _QF_PWR2LKUP
 0A09:0A67       _QF_INVPWR2LKUP
 0A09:0AA8       _QF_DIV8LKUP
 0A09:0AFC       _QF_TIMEEVTLISTHEAD_
 0A09:0B10       _QEP_RESERVEDEVT_
 0A09:0B34       __ATEXITCNT
 0A09:0B36       __CTYPE
 0A09:0C38       __EXITBUF
 0A09:0C3C       __EXITFOPEN
 0A09:0C40       __EXITOPEN
 0A09:0C46       __STREAMS
 0A09:0DD6       __OPENFD
 0A09:0E02       __STKLEN
 0A09:0E04       __WSCROLL
 0A09:0E06       __VIDEO
 0A09:0E15       _DIRECTVIDEO
 0A09:0E20       __DOSERRNO
 0A09:0E22       __DOSERRORTOSV
 0A09:0EE4       __ARGC
 0A09:0EE6       __ARGV
 0A09:0EF4       __SCANTODVECTOR
 0A09:0EF4       __REALCVTVECTOR
 0A09:21DC       _OSTICKDOSCTR
 0A09:21DE       _OSTIME
 0A09:21E2       _OSRDYTBL
 0A09:21EA       _OSTCBTBL
 0A09:3714       _OSMEMTBL
 0A09:3780       _OSSTATRDY
 0A09:3782       _OSEVENTTBL
 0A09:3F22       _OSRDYGRP
 0A09:3F24       _OSTCBCUR
 0A09:3F28       _OSRUNNING
 0A09:3F29       _OSCPUUSAGE
 0A09:3F2A       _OSTCBLIST
 0A09:3F2E       _OSTASKCTR
 0A09:3F30       _OSIDLECTR
 0A09:3F34       _OSPRIOCUR
 0A09:3F36       _OSIDLECTRMAX
 0A09:3F3A       _OSTCBPRIOTBL
 0A09:403A       _OSCTXSWCTR
 0A09:403E       _OSTCBHIGHRDY
 0A09:4042       _OSQFREELIST
 0A09:4046       _OSPRIOHIGHRDY
 0A09:4047       _OSINTNESTING
 0A09:4048       _OSIDLECTRRUN
 0A09:404C       _OSLOCKNESTING
 0A09:404E       _OSMEMFREELIST
 0A09:4052       _OSTCBFREELIST
 0A09:4056       _OSTASKSTATSTK
 0A09:4156       _OSTASKIDLESTK
 0A09:4256       _OSEVENTFREELIST
 0A09:425A       _OSTICKSTEPSTATE
 0A09:425C       _OSQTBL
 0A09:4814       qs::glbfilter_
 0A09:4834       qs::smobj_
 0A09:4838       qs::aoobj_
 0A09:483C       qs::mpobj_
 0A09:4840       qs::eqobj_
 0A09:4844       qs::teobj_
 0A09:4848       qs::apobj_
 0A09:484C       qs::tickctr_
 0A09:4850       qf::active_
 0A09:494E       __ATEXITTBL
 0A09:49CE       __NEW_HANDLER

Program entry point at 0000:0000

