
 Start  Stop   Length Name               Class

 00000H 01B6AH 01B6BH _TEXT              CODE
 01B6BH 02473H 00909H BSP_TEXT           CODE
 02474H 027C5H 00352H MAIN_TEXT          CODE
 027C6H 03184H 009BFH MINE1_TEXT         CODE
 03185H 03A4FH 008CBH MINE2_TEXT         CODE
 03A50H 0400CH 005BDH MISSILE_TEXT       CODE
 0400DH 04752H 00746H SHIP_TEXT          CODE
 04753H 05F51H 017FFH TUNNEL_TEXT        CODE
 05F52H 0620AH 002B9H VIDEO_TEXT         CODE
 0620BH 06216H 0000CH QEP_TEXT           CODE
 06217H 064D5H 002BFH QHSM_INI_TEXT      CODE
 064D6H 06F35H 00A60H QHSM_DIS_TEXT      CODE
 06F36H 06F3EH 00009H QHSM_TOP_TEXT      CODE
 06F3FH 07109H 001CBH QA_FIFO_TEXT       CODE
 0710AH 073ADH 002A4H QA_GET__TEXT       CODE
 073AEH 074B5H 00108H QA_SUB_TEXT        CODE
 074B6H 07566H 000B1H QEQ_INIT_TEXT      CODE
 07567H 07731H 001CBH QF_ACT_TEXT        CODE
 07732H 0783FH 0010EH QF_GC_TEXT         CODE
 07840H 07840H 00000H QF_LOG2_TEXT       CODE
 07840H 07937H 000F8H QF_NEW_TEXT        CODE
 07938H 079BAH 00083H QF_POOL_TEXT       CODE
 079BBH 079D2H 00018H QF_PSINI_TEXT      CODE
 079D3H 07B27H 00155H QF_PSPUB_TEXT      CODE
 07B28H 07B28H 00000H QF_PWR2_TEXT       CODE
 07B28H 07D44H 0021DH QF_TICK_TEXT       CODE
 07D45H 07E7FH 0013BH QMP_GET_TEXT       CODE
 07E80H 08088H 00209H QMP_INIT_TEXT      CODE
 08089H 08183H 000FBH QMP_PUT_TEXT       CODE
 08184H 08223H 000A0H QTE_CTOR_TEXT      CODE
 08224H 08349H 00126H QTE_ARM_TEXT       CODE
 0834AH 084E9H 001A0H QTE_DARM_TEXT      CODE
 084EAH 0867DH 00194H QVANILLA_TEXT      CODE
 0867EH 08ECBH 0084EH QS_TEXT            CODE
 08ECCH 093A4H 004D9H QS__TEXT           CODE
 093A5H 09417H 00073H QS_BLK_TEXT        CODE
 09418H 09452H 0003BH QS_BYTE_TEXT       CODE
 09460H 09460H 00000H _FARDATA           FAR_DATA
 09460H 09460H 00000H BSP5_FAR           FAR_DATA
 09460H 09460H 00000H BSP6_FAR           FAR_DATA
 09460H 09460H 00000H BSP7_FAR           FAR_DATA
 09460H 09460H 00000H BSP8_FAR           FAR_DATA
 09460H 09460H 00000H BSP9_FAR           FAR_DATA
 09460H 09460H 00000H BSP10_FAR          FAR_DATA
 09460H 09460H 00000H BSP11_FAR          FAR_DATA
 09460H 09460H 00000H BSP12_FAR          FAR_DATA
 09460H 09460H 00000H BSP13_FAR          FAR_DATA
 09460H 09460H 00000H MAIN5_FAR          FAR_DATA
 09460H 09460H 00000H MAIN6_FAR          FAR_DATA
 09460H 09460H 00000H MAIN7_FAR          FAR_DATA
 09460H 09460H 00000H MAIN8_FAR          FAR_DATA
 09460H 09460H 00000H MAIN9_FAR          FAR_DATA
 09460H 09460H 00000H MAIN10_FAR         FAR_DATA
 09460H 09460H 00000H MAIN11_FAR         FAR_DATA
 09460H 09460H 00000H MAIN12_FAR         FAR_DATA
 09460H 09460H 00000H MAIN13_FAR         FAR_DATA
 09460H 09460H 00000H MINE15_FAR         FAR_DATA
 09460H 09460H 00000H MINE16_FAR         FAR_DATA
 09460H 09460H 00000H MINE17_FAR         FAR_DATA
 09460H 09460H 00000H MINE18_FAR         FAR_DATA
 09460H 09460H 00000H MINE19_FAR         FAR_DATA
 09460H 09460H 00000H MINE110_FAR        FAR_DATA
 09460H 09460H 00000H MINE111_FAR        FAR_DATA
 09460H 09460H 00000H MINE112_FAR        FAR_DATA
 09460H 09460H 00000H MINE113_FAR        FAR_DATA
 09460H 09460H 00000H MINE25_FAR         FAR_DATA
 09460H 09460H 00000H MINE26_FAR         FAR_DATA
 09460H 09460H 00000H MINE27_FAR         FAR_DATA
 09460H 09460H 00000H MINE28_FAR         FAR_DATA
 09460H 09460H 00000H MINE29_FAR         FAR_DATA
 09460H 09460H 00000H MINE210_FAR        FAR_DATA
 09460H 09460H 00000H MINE211_FAR        FAR_DATA
 09460H 09460H 00000H MINE212_FAR        FAR_DATA
 09460H 09460H 00000H MINE213_FAR        FAR_DATA
 09460H 09460H 00000H MISSILE5_FAR       FAR_DATA
 09460H 09460H 00000H MISSILE6_FAR       FAR_DATA
 09460H 09460H 00000H MISSILE7_FAR       FAR_DATA
 09460H 09460H 00000H MISSILE8_FAR       FAR_DATA
 09460H 09460H 00000H MISSILE9_FAR       FAR_DATA
 09460H 09460H 00000H MISSILE10_FAR      FAR_DATA
 09460H 09460H 00000H MISSILE11_FAR      FAR_DATA
 09460H 09460H 00000H MISSILE12_FAR      FAR_DATA
 09460H 09460H 00000H MISSILE13_FAR      FAR_DATA
 09460H 09460H 00000H SHIP5_FAR          FAR_DATA
 09460H 09460H 00000H SHIP6_FAR          FAR_DATA
 09460H 09460H 00000H SHIP7_FAR          FAR_DATA
 09460H 09460H 00000H SHIP8_FAR          FAR_DATA
 09460H 09460H 00000H SHIP9_FAR          FAR_DATA
 09460H 09460H 00000H SHIP10_FAR         FAR_DATA
 09460H 09460H 00000H SHIP11_FAR         FAR_DATA
 09460H 09460H 00000H SHIP12_FAR         FAR_DATA
 09460H 09460H 00000H SHIP13_FAR         FAR_DATA
 09460H 09460H 00000H TUNNEL5_FAR        FAR_DATA
 09460H 09460H 00000H TUNNEL6_FAR        FAR_DATA
 09460H 09460H 00000H TUNNEL7_FAR        FAR_DATA
 09460H 09460H 00000H TUNNEL8_FAR        FAR_DATA
 09460H 09460H 00000H TUNNEL9_FAR        FAR_DATA
 09460H 09460H 00000H TUNNEL10_FAR       FAR_DATA
 09460H 09460H 00000H TUNNEL11_FAR       FAR_DATA
 09460H 09460H 00000H TUNNEL12_FAR       FAR_DATA
 09460H 09460H 00000H TUNNEL13_FAR       FAR_DATA
 09460H 09460H 00000H VIDEO5_FAR         FAR_DATA
 09460H 09460H 00000H VIDEO6_FAR         FAR_DATA
 09460H 09460H 00000H VIDEO7_FAR         FAR_DATA
 09460H 09460H 00000H VIDEO8_FAR         FAR_DATA
 09460H 09460H 00000H VIDEO9_FAR         FAR_DATA
 09460H 09460H 00000H VIDEO10_FAR        FAR_DATA
 09460H 09460H 00000H VIDEO11_FAR        FAR_DATA
 09460H 09460H 00000H VIDEO12_FAR        FAR_DATA
 09460H 09460H 00000H VIDEO13_FAR        FAR_DATA
 09460H 09460H 00000H QEP5_FAR           FAR_DATA
 09460H 09460H 00000H QEP6_FAR           FAR_DATA
 09460H 09460H 00000H QEP7_FAR           FAR_DATA
 09460H 09460H 00000H QEP8_FAR           FAR_DATA
 09460H 09460H 00000H QEP9_FAR           FAR_DATA
 09460H 09460H 00000H QEP10_FAR          FAR_DATA
 09460H 09460H 00000H QEP11_FAR          FAR_DATA
 09460H 09460H 00000H QEP12_FAR          FAR_DATA
 09460H 09460H 00000H QEP13_FAR          FAR_DATA
 09460H 09460H 00000H QHSM_INI5_FAR      FAR_DATA
 09460H 09460H 00000H QHSM_INI6_FAR      FAR_DATA
 09460H 09460H 00000H QHSM_INI7_FAR      FAR_DATA
 09460H 09460H 00000H QHSM_INI8_FAR      FAR_DATA
 09460H 09460H 00000H QHSM_INI9_FAR      FAR_DATA
 09460H 09460H 00000H QHSM_INI10_FAR     FAR_DATA
 09460H 09460H 00000H QHSM_INI11_FAR     FAR_DATA
 09460H 09460H 00000H QHSM_INI12_FAR     FAR_DATA
 09460H 09460H 00000H QHSM_INI13_FAR     FAR_DATA
 09460H 09460H 00000H QHSM_DIS5_FAR      FAR_DATA
 09460H 09460H 00000H QHSM_DIS6_FAR      FAR_DATA
 09460H 09460H 00000H QHSM_DIS7_FAR      FAR_DATA
 09460H 09460H 00000H QHSM_DIS8_FAR      FAR_DATA
 09460H 09460H 00000H QHSM_DIS9_FAR      FAR_DATA
 09460H 09460H 00000H QHSM_DIS10_FAR     FAR_DATA
 09460H 09460H 00000H QHSM_DIS11_FAR     FAR_DATA
 09460H 09460H 00000H QHSM_DIS12_FAR     FAR_DATA
 09460H 09460H 00000H QHSM_DIS13_FAR     FAR_DATA
 09460H 09460H 00000H QHSM_TOP5_FAR      FAR_DATA
 09460H 09460H 00000H QHSM_TOP6_FAR      FAR_DATA
 09460H 09460H 00000H QHSM_TOP7_FAR      FAR_DATA
 09460H 09460H 00000H QHSM_TOP8_FAR      FAR_DATA
 09460H 09460H 00000H QHSM_TOP9_FAR      FAR_DATA
 09460H 09460H 00000H QHSM_TOP10_FAR     FAR_DATA
 09460H 09460H 00000H QHSM_TOP11_FAR     FAR_DATA
 09460H 09460H 00000H QHSM_TOP12_FAR     FAR_DATA
 09460H 09460H 00000H QHSM_TOP13_FAR     FAR_DATA
 09460H 09460H 00000H QA_FIFO5_FAR       FAR_DATA
 09460H 09460H 00000H QA_FIFO6_FAR       FAR_DATA
 09460H 09460H 00000H QA_FIFO7_FAR       FAR_DATA
 09460H 09460H 00000H QA_FIFO8_FAR       FAR_DATA
 09460H 09460H 00000H QA_FIFO9_FAR       FAR_DATA
 09460H 09460H 00000H QA_FIFO10_FAR      FAR_DATA
 09460H 09460H 00000H QA_FIFO11_FAR      FAR_DATA
 09460H 09460H 00000H QA_FIFO12_FAR      FAR_DATA
 09460H 09460H 00000H QA_FIFO13_FAR      FAR_DATA
 09460H 09460H 00000H QA_GET_5_FAR       FAR_DATA
 09460H 09460H 00000H QA_GET_6_FAR       FAR_DATA
 09460H 09460H 00000H QA_GET_7_FAR       FAR_DATA
 09460H 09460H 00000H QA_GET_8_FAR       FAR_DATA
 09460H 09460H 00000H QA_GET_9_FAR       FAR_DATA
 09460H 09460H 00000H QA_GET_10_FAR      FAR_DATA
 09460H 09460H 00000H QA_GET_11_FAR      FAR_DATA
 09460H 09460H 00000H QA_GET_12_FAR      FAR_DATA
 09460H 09460H 00000H QA_GET_13_FAR      FAR_DATA
 09460H 09460H 00000H QA_SUB5_FAR        FAR_DATA
 09460H 09460H 00000H QA_SUB6_FAR        FAR_DATA
 09460H 09460H 00000H QA_SUB7_FAR        FAR_DATA
 09460H 09460H 00000H QA_SUB8_FAR        FAR_DATA
 09460H 09460H 00000H QA_SUB9_FAR        FAR_DATA
 09460H 09460H 00000H QA_SUB10_FAR       FAR_DATA
 09460H 09460H 00000H QA_SUB11_FAR       FAR_DATA
 09460H 09460H 00000H QA_SUB12_FAR       FAR_DATA
 09460H 09460H 00000H QA_SUB13_FAR       FAR_DATA
 09460H 09460H 00000H QEQ_INIT5_FAR      FAR_DATA
 09460H 09460H 00000H QEQ_INIT6_FAR      FAR_DATA
 09460H 09460H 00000H QEQ_INIT7_FAR      FAR_DATA
 09460H 09460H 00000H QEQ_INIT8_FAR      FAR_DATA
 09460H 09460H 00000H QEQ_INIT9_FAR      FAR_DATA
 09460H 09460H 00000H QEQ_INIT10_FAR     FAR_DATA
 09460H 09460H 00000H QEQ_INIT11_FAR     FAR_DATA
 09460H 09460H 00000H QEQ_INIT12_FAR     FAR_DATA
 09460H 09460H 00000H QEQ_INIT13_FAR     FAR_DATA
 09460H 09460H 00000H QF_ACT5_FAR        FAR_DATA
 09460H 09460H 00000H QF_ACT6_FAR        FAR_DATA
 09460H 09460H 00000H QF_ACT7_FAR        FAR_DATA
 09460H 09460H 00000H QF_ACT8_FAR        FAR_DATA
 09460H 09460H 00000H QF_ACT9_FAR        FAR_DATA
 09460H 09460H 00000H QF_ACT10_FAR       FAR_DATA
 09460H 09460H 00000H QF_ACT11_FAR       FAR_DATA
 09460H 09460H 00000H QF_ACT12_FAR       FAR_DATA
 09460H 09460H 00000H QF_ACT13_FAR       FAR_DATA
 09460H 09460H 00000H QF_GC5_FAR         FAR_DATA
 09460H 09460H 00000H QF_GC6_FAR         FAR_DATA
 09460H 09460H 00000H QF_GC7_FAR         FAR_DATA
 09460H 09460H 00000H QF_GC8_FAR         FAR_DATA
 09460H 09460H 00000H QF_GC9_FAR         FAR_DATA
 09460H 09460H 00000H QF_GC10_FAR        FAR_DATA
 09460H 09460H 00000H QF_GC11_FAR        FAR_DATA
 09460H 09460H 00000H QF_GC12_FAR        FAR_DATA
 09460H 09460H 00000H QF_GC13_FAR        FAR_DATA
 09460H 09460H 00000H QF_LOG25_FAR       FAR_DATA
 09460H 09460H 00000H QF_LOG26_FAR       FAR_DATA
 09460H 09460H 00000H QF_LOG27_FAR       FAR_DATA
 09460H 09460H 00000H QF_LOG28_FAR       FAR_DATA
 09460H 09460H 00000H QF_LOG29_FAR       FAR_DATA
 09460H 09460H 00000H QF_LOG210_FAR      FAR_DATA
 09460H 09460H 00000H QF_LOG211_FAR      FAR_DATA
 09460H 09460H 00000H QF_LOG212_FAR      FAR_DATA
 09460H 09460H 00000H QF_LOG213_FAR      FAR_DATA
 09460H 09460H 00000H QF_NEW5_FAR        FAR_DATA
 09460H 09460H 00000H QF_NEW6_FAR        FAR_DATA
 09460H 09460H 00000H QF_NEW7_FAR        FAR_DATA
 09460H 09460H 00000H QF_NEW8_FAR        FAR_DATA
 09460H 09460H 00000H QF_NEW9_FAR        FAR_DATA
 09460H 09460H 00000H QF_NEW10_FAR       FAR_DATA
 09460H 09460H 00000H QF_NEW11_FAR       FAR_DATA
 09460H 09460H 00000H QF_NEW12_FAR       FAR_DATA
 09460H 09460H 00000H QF_NEW13_FAR       FAR_DATA
 09460H 09460H 00000H QF_POOL5_FAR       FAR_DATA
 09460H 09460H 00000H QF_POOL6_FAR       FAR_DATA
 09460H 09460H 00000H QF_POOL7_FAR       FAR_DATA
 09460H 09460H 00000H QF_POOL8_FAR       FAR_DATA
 09460H 09460H 00000H QF_POOL9_FAR       FAR_DATA
 09460H 09460H 00000H QF_POOL10_FAR      FAR_DATA
 09460H 09460H 00000H QF_POOL11_FAR      FAR_DATA
 09460H 09460H 00000H QF_POOL12_FAR      FAR_DATA
 09460H 09460H 00000H QF_POOL13_FAR      FAR_DATA
 09460H 09460H 00000H QF_PSINI5_FAR      FAR_DATA
 09460H 09460H 00000H QF_PSINI6_FAR      FAR_DATA
 09460H 09460H 00000H QF_PSINI7_FAR      FAR_DATA
 09460H 09460H 00000H QF_PSINI8_FAR      FAR_DATA
 09460H 09460H 00000H QF_PSINI9_FAR      FAR_DATA
 09460H 09460H 00000H QF_PSINI10_FAR     FAR_DATA
 09460H 09460H 00000H QF_PSINI11_FAR     FAR_DATA
 09460H 09460H 00000H QF_PSINI12_FAR     FAR_DATA
 09460H 09460H 00000H QF_PSINI13_FAR     FAR_DATA
 09460H 09460H 00000H QF_PSPUB5_FAR      FAR_DATA
 09460H 09460H 00000H QF_PSPUB6_FAR      FAR_DATA
 09460H 09460H 00000H QF_PSPUB7_FAR      FAR_DATA
 09460H 09460H 00000H QF_PSPUB8_FAR      FAR_DATA
 09460H 09460H 00000H QF_PSPUB9_FAR      FAR_DATA
 09460H 09460H 00000H QF_PSPUB10_FAR     FAR_DATA
 09460H 09460H 00000H QF_PSPUB11_FAR     FAR_DATA
 09460H 09460H 00000H QF_PSPUB12_FAR     FAR_DATA
 09460H 09460H 00000H QF_PSPUB13_FAR     FAR_DATA
 09460H 09460H 00000H QF_PWR25_FAR       FAR_DATA
 09460H 09460H 00000H QF_PWR26_FAR       FAR_DATA
 09460H 09460H 00000H QF_PWR27_FAR       FAR_DATA
 09460H 09460H 00000H QF_PWR28_FAR       FAR_DATA
 09460H 09460H 00000H QF_PWR29_FAR       FAR_DATA
 09460H 09460H 00000H QF_PWR210_FAR      FAR_DATA
 09460H 09460H 00000H QF_PWR211_FAR      FAR_DATA
 09460H 09460H 00000H QF_PWR212_FAR      FAR_DATA
 09460H 09460H 00000H QF_PWR213_FAR      FAR_DATA
 09460H 09460H 00000H QF_TICK5_FAR       FAR_DATA
 09460H 09460H 00000H QF_TICK6_FAR       FAR_DATA
 09460H 09460H 00000H QF_TICK7_FAR       FAR_DATA
 09460H 09460H 00000H QF_TICK8_FAR       FAR_DATA
 09460H 09460H 00000H QF_TICK9_FAR       FAR_DATA
 09460H 09460H 00000H QF_TICK10_FAR      FAR_DATA
 09460H 09460H 00000H QF_TICK11_FAR      FAR_DATA
 09460H 09460H 00000H QF_TICK12_FAR      FAR_DATA
 09460H 09460H 00000H QF_TICK13_FAR      FAR_DATA
 09460H 09460H 00000H QMP_GET5_FAR       FAR_DATA
 09460H 09460H 00000H QMP_GET6_FAR       FAR_DATA
 09460H 09460H 00000H QMP_GET7_FAR       FAR_DATA
 09460H 09460H 00000H QMP_GET8_FAR       FAR_DATA
 09460H 09460H 00000H QMP_GET9_FAR       FAR_DATA
 09460H 09460H 00000H QMP_GET10_FAR      FAR_DATA
 09460H 09460H 00000H QMP_GET11_FAR      FAR_DATA
 09460H 09460H 00000H QMP_GET12_FAR      FAR_DATA
 09460H 09460H 00000H QMP_GET13_FAR      FAR_DATA
 09460H 09460H 00000H QMP_INIT5_FAR      FAR_DATA
 09460H 09460H 00000H QMP_INIT6_FAR      FAR_DATA
 09460H 09460H 00000H QMP_INIT7_FAR      FAR_DATA
 09460H 09460H 00000H QMP_INIT8_FAR      FAR_DATA
 09460H 09460H 00000H QMP_INIT9_FAR      FAR_DATA
 09460H 09460H 00000H QMP_INIT10_FAR     FAR_DATA
 09460H 09460H 00000H QMP_INIT11_FAR     FAR_DATA
 09460H 09460H 00000H QMP_INIT12_FAR     FAR_DATA
 09460H 09460H 00000H QMP_INIT13_FAR     FAR_DATA
 09460H 09460H 00000H QMP_PUT5_FAR       FAR_DATA
 09460H 09460H 00000H QMP_PUT6_FAR       FAR_DATA
 09460H 09460H 00000H QMP_PUT7_FAR       FAR_DATA
 09460H 09460H 00000H QMP_PUT8_FAR       FAR_DATA
 09460H 09460H 00000H QMP_PUT9_FAR       FAR_DATA
 09460H 09460H 00000H QMP_PUT10_FAR      FAR_DATA
 09460H 09460H 00000H QMP_PUT11_FAR      FAR_DATA
 09460H 09460H 00000H QMP_PUT12_FAR      FAR_DATA
 09460H 09460H 00000H QMP_PUT13_FAR      FAR_DATA
 09460H 09460H 00000H QTE_CTOR5_FAR      FAR_DATA
 09460H 09460H 00000H QTE_CTOR6_FAR      FAR_DATA
 09460H 09460H 00000H QTE_CTOR7_FAR      FAR_DATA
 09460H 09460H 00000H QTE_CTOR8_FAR      FAR_DATA
 09460H 09460H 00000H QTE_CTOR9_FAR      FAR_DATA
 09460H 09460H 00000H QTE_CTOR10_FAR     FAR_DATA
 09460H 09460H 00000H QTE_CTOR11_FAR     FAR_DATA
 09460H 09460H 00000H QTE_CTOR12_FAR     FAR_DATA
 09460H 09460H 00000H QTE_CTOR13_FAR     FAR_DATA
 09460H 09460H 00000H QTE_ARM5_FAR       FAR_DATA
 09460H 09460H 00000H QTE_ARM6_FAR       FAR_DATA
 09460H 09460H 00000H QTE_ARM7_FAR       FAR_DATA
 09460H 09460H 00000H QTE_ARM8_FAR       FAR_DATA
 09460H 09460H 00000H QTE_ARM9_FAR       FAR_DATA
 09460H 09460H 00000H QTE_ARM10_FAR      FAR_DATA
 09460H 09460H 00000H QTE_ARM11_FAR      FAR_DATA
 09460H 09460H 00000H QTE_ARM12_FAR      FAR_DATA
 09460H 09460H 00000H QTE_ARM13_FAR      FAR_DATA
 09460H 09460H 00000H QTE_DARM5_FAR      FAR_DATA
 09460H 09460H 00000H QTE_DARM6_FAR      FAR_DATA
 09460H 09460H 00000H QTE_DARM7_FAR      FAR_DATA
 09460H 09460H 00000H QTE_DARM8_FAR      FAR_DATA
 09460H 09460H 00000H QTE_DARM9_FAR      FAR_DATA
 09460H 09460H 00000H QTE_DARM10_FAR     FAR_DATA
 09460H 09460H 00000H QTE_DARM11_FAR     FAR_DATA
 09460H 09460H 00000H QTE_DARM12_FAR     FAR_DATA
 09460H 09460H 00000H QTE_DARM13_FAR     FAR_DATA
 09460H 09460H 00000H QVANILLA5_FAR      FAR_DATA
 09460H 09460H 00000H QVANILLA6_FAR      FAR_DATA
 09460H 09460H 00000H QVANILLA7_FAR      FAR_DATA
 09460H 09460H 00000H QVANILLA8_FAR      FAR_DATA
 09460H 09460H 00000H QVANILLA9_FAR      FAR_DATA
 09460H 09460H 00000H QVANILLA10_FAR     FAR_DATA
 09460H 09460H 00000H QVANILLA11_FAR     FAR_DATA
 09460H 09460H 00000H QVANILLA12_FAR     FAR_DATA
 09460H 09460H 00000H QVANILLA13_FAR     FAR_DATA
 09460H 09460H 00000H QS5_FAR            FAR_DATA
 09460H 09460H 00000H QS6_FAR            FAR_DATA
 09460H 09460H 00000H QS7_FAR            FAR_DATA
 09460H 09460H 00000H QS8_FAR            FAR_DATA
 09460H 09460H 00000H QS9_FAR            FAR_DATA
 09460H 09460H 00000H QS10_FAR           FAR_DATA
 09460H 09460H 00000H QS11_FAR           FAR_DATA
 09460H 09460H 00000H QS12_FAR           FAR_DATA
 09460H 09460H 00000H QS13_FAR           FAR_DATA
 09460H 09460H 00000H QS_5_FAR           FAR_DATA
 09460H 09460H 00000H QS_6_FAR           FAR_DATA
 09460H 09460H 00000H QS_7_FAR           FAR_DATA
 09460H 09460H 00000H QS_8_FAR           FAR_DATA
 09460H 09460H 00000H QS_9_FAR           FAR_DATA
 09460H 09460H 00000H QS_10_FAR          FAR_DATA
 09460H 09460H 00000H QS_11_FAR          FAR_DATA
 09460H 09460H 00000H QS_12_FAR          FAR_DATA
 09460H 09460H 00000H QS_13_FAR          FAR_DATA
 09460H 09460H 00000H QS_BLK5_FAR        FAR_DATA
 09460H 09460H 00000H QS_BLK6_FAR        FAR_DATA
 09460H 09460H 00000H QS_BLK7_FAR        FAR_DATA
 09460H 09460H 00000H QS_BLK8_FAR        FAR_DATA
 09460H 09460H 00000H QS_BLK9_FAR        FAR_DATA
 09460H 09460H 00000H QS_BLK10_FAR       FAR_DATA
 09460H 09460H 00000H QS_BLK11_FAR       FAR_DATA
 09460H 09460H 00000H QS_BLK12_FAR       FAR_DATA
 09460H 09460H 00000H QS_BLK13_FAR       FAR_DATA
 09460H 09460H 00000H QS_BYTE5_FAR       FAR_DATA
 09460H 09460H 00000H QS_BYTE6_FAR       FAR_DATA
 09460H 09460H 00000H QS_BYTE7_FAR       FAR_DATA
 09460H 09460H 00000H QS_BYTE8_FAR       FAR_DATA
 09460H 09460H 00000H QS_BYTE9_FAR       FAR_DATA
 09460H 09460H 00000H QS_BYTE10_FAR      FAR_DATA
 09460H 09460H 00000H QS_BYTE11_FAR      FAR_DATA
 09460H 09460H 00000H QS_BYTE12_FAR      FAR_DATA
 09460H 09460H 00000H QS_BYTE13_FAR      FAR_DATA
 09460H 09460H 00000H _OVERLAY_          OVRINFO
 09460H 0948FH 00030H _INIT_             INITDATA
 09490H 09490H 00000H _INITEND_          INITDATA
 09490H 094ADH 0001EH _EXIT_             EXITDATA
 094AEH 094AEH 00000H _EXITEND_          EXITDATA
 094B0H 094B0H 00000H _1STUB_            STUBSEG
 094B0H 0A43DH 00F8EH _DATA              DATA
 0A43EH 0A43EH 00000H _CVTSEG            DATA
 0A43EH 0A43EH 00000H _SCNSEG            DATA
 0A43EH 0AC33H 007F6H _BSS               BSS
 0AC34H 0AC34H 00000H _BSSEND            ENDBSS
 0AC40H 0ACBFH 00080H _STACK             STACK


Detailed map of segments

 0000:0000 020A C=CODE   S=_TEXT          G=(none)  M=c0.ASM     ACBP=28
 0000:020A 002D C=CODE   S=_TEXT          G=(none)  M=ATEXIT     ACBP=28
 0000:0237 0029 C=CODE   S=_TEXT          G=(none)  M=CLRSCR     ACBP=28
 0000:0260 0026 C=CODE   S=_TEXT          G=(none)  M=EXIT       ACBP=28
 0000:0286 012C C=CODE   S=_TEXT          G=(none)  M=FBRK       ACBP=28
 0000:03B2 00D0 C=CODE   S=_TEXT          G=(none)  M=FFLUSH     ACBP=28
 0000:0482 0000 C=CODE   S=_TEXT          G=(none)  M=FILES      ACBP=28
 0000:0482 0000 C=CODE   S=_TEXT          G=(none)  M=FILES2     ACBP=28
 0000:0482 0043 C=CODE   S=_TEXT          G=(none)  M=FLUSHALL   ACBP=28
 0000:04C5 0154 C=CODE   S=_TEXT          G=(none)  M=FSEEK      ACBP=28
 0000:0619 008B C=CODE   S=_TEXT          G=(none)  M=GPTEXT     ACBP=28
 0000:06A4 00A6 C=CODE   S=_TEXT          G=(none)  M=MOVETEXT   ACBP=28
 0000:074A 01B1 C=CODE   S=_TEXT          G=(none)  M=SCREEN     ACBP=28
 0000:08FB 0192 C=CODE   S=_TEXT          G=(none)  M=SCROLL     ACBP=28
 0000:0A8D 0079 C=CODE   S=_TEXT          G=(none)  M=SETUPIO    ACBP=28
 0000:0B06 011F C=CODE   S=_TEXT          G=(none)  M=SETVBUF    ACBP=28
 0000:0C25 0000 C=CODE   S=_TEXT          G=(none)  M=STKLEN     ACBP=28
 0000:0C25 001A C=CODE   S=_TEXT          G=(none)  M=TELL       ACBP=28
 0000:0C3F 002C C=CODE   S=_TEXT          G=(none)  M=WHEREXY    ACBP=28
 0000:0C6B 012D C=CODE   S=_TEXT          G=(none)  M=WRITE      ACBP=28
 0000:0D98 003A C=CODE   S=_TEXT          G=(none)  M=XFFLUSH    ACBP=28
 0000:0DD2 01BA C=CODE   S=_TEXT          G=(none)  M=CRTINIT    ACBP=28
 0000:0F8C 0020 C=CODE   S=_TEXT          G=(none)  M=GETVECT    ACBP=28
 0000:0FAC 0014 C=CODE   S=_TEXT          G=(none)  M=INPORT     ACBP=28
 0000:0FC0 003D C=CODE   S=_TEXT          G=(none)  M=IOERROR    ACBP=28
 0000:0FFD 0011 C=CODE   S=_TEXT          G=(none)  M=ISATTY     ACBP=28
 0000:100E 0029 C=CODE   S=_TEXT          G=(none)  M=LSEEK      ACBP=28
 0000:1037 0024 C=CODE   S=_TEXT          G=(none)  M=MEMCPY     ACBP=28
 0000:105B 0043 C=CODE   S=_TEXT          G=(none)  M=MEMSET     ACBP=28
 0000:109E 0073 C=CODE   S=_TEXT          G=(none)  M=MOVMEM     ACBP=28
 0000:1111 0018 C=CODE   S=_TEXT          G=(none)  M=OUTPORT    ACBP=28
 0000:1129 001C C=CODE   S=_TEXT          G=(none)  M=SETBLOCK   ACBP=28
 0000:1145 009F C=CODE   S=_TEXT          G=(none)  M=VRAM       ACBP=28
 0000:11E4 004B C=CODE   S=_TEXT          G=(none)  M=WRITEA     ACBP=28
 0000:122F 0012 C=CODE   S=_TEXT          G=(none)  M=DEL        ACBP=28
 0000:1241 006C C=CODE   S=_TEXT          G=(none)  M=NEW        ACBP=28
 0000:12AD 011B C=CODE   S=_TEXT          G=(none)  M=VDEL       ACBP=28
 0000:13C8 00F3 C=CODE   S=_TEXT          G=(none)  M=VNEW       ACBP=28
 0000:14C0 03FC C=CODE   S=_TEXT          G=(none)  M=FARHEAP    ACBP=68
 0000:18BC 0017 C=CODE   S=_TEXT          G=(none)  M=F_LXMUL    ACBP=28
 0000:18D3 00AE C=CODE   S=_TEXT          G=(none)  M=H_LDIV     ACBP=28
 0000:1981 0021 C=CODE   S=_TEXT          G=(none)  M=H_LLSH     ACBP=28
 0000:19A2 0021 C=CODE   S=_TEXT          G=(none)  M=H_LURSH    ACBP=28
 0000:19C3 0060 C=CODE   S=_TEXT          G=(none)  M=H_PADD     ACBP=28
 0000:1A23 0021 C=CODE   S=_TEXT          G=(none)  M=N_PCMP     ACBP=28
 0000:1A44 0127 C=CODE   S=_TEXT          G=(none)  M=SETARGV    ACBP=28
 01B6:000B 0909 C=CODE   S=BSP_TEXT       G=(none)  M=BSP.CPP    ACBP=28
 0247:0004 0352 C=CODE   S=MAIN_TEXT      G=(none)  M=MAIN.CPP   ACBP=28
 027C:0006 09BF C=CODE   S=MINE1_TEXT     G=(none)  M=MINE1.CPP  ACBP=28
 0318:0005 08CB C=CODE   S=MINE2_TEXT     G=(none)  M=MINE2.CPP  ACBP=28
 03A5:0000 05BD C=CODE   S=MISSILE_TEXT   G=(none)  M=MISSILE.CPP ACBP=28
 0400:000D 0746 C=CODE   S=SHIP_TEXT      G=(none)  M=SHIP.CPP   ACBP=28
 0475:0003 17FF C=CODE   S=TUNNEL_TEXT    G=(none)  M=TUNNEL.CPP ACBP=28
 05F5:0002 02B9 C=CODE   S=VIDEO_TEXT     G=(none)  M=VIDEO.CPP  ACBP=28
 0620:000B 000C C=CODE   S=QEP_TEXT       G=(none)  M=QEP        ACBP=28
 0621:0007 02BF C=CODE   S=QHSM_INI_TEXT  G=(none)  M=QHSM_INI   ACBP=28
 064D:0006 0A60 C=CODE   S=QHSM_DIS_TEXT  G=(none)  M=QHSM_DIS   ACBP=28
 06F3:0006 0009 C=CODE   S=QHSM_TOP_TEXT  G=(none)  M=QHSM_TOP   ACBP=28
 06F3:000F 01CB C=CODE   S=QA_FIFO_TEXT   G=(none)  M=QA_FIFO    ACBP=28
 0710:000A 02A4 C=CODE   S=QA_GET__TEXT   G=(none)  M=QA_GET_    ACBP=28
 073A:000E 0108 C=CODE   S=QA_SUB_TEXT    G=(none)  M=QA_SUB     ACBP=28
 074B:0006 00B1 C=CODE   S=QEQ_INIT_TEXT  G=(none)  M=QEQ_INIT   ACBP=28
 0756:0007 01CB C=CODE   S=QF_ACT_TEXT    G=(none)  M=QF_ACT     ACBP=28
 0773:0002 010E C=CODE   S=QF_GC_TEXT     G=(none)  M=QF_GC      ACBP=28
 0784:0000 0000 C=CODE   S=QF_LOG2_TEXT   G=(none)  M=QF_LOG2    ACBP=28
 0784:0000 00F8 C=CODE   S=QF_NEW_TEXT    G=(none)  M=QF_NEW     ACBP=28
 0793:0008 0083 C=CODE   S=QF_POOL_TEXT   G=(none)  M=QF_POOL    ACBP=28
 079B:000B 0018 C=CODE   S=QF_PSINI_TEXT  G=(none)  M=QF_PSINI   ACBP=28
 079D:0003 0155 C=CODE   S=QF_PSPUB_TEXT  G=(none)  M=QF_PSPUB   ACBP=28
 07B2:0008 0000 C=CODE   S=QF_PWR2_TEXT   G=(none)  M=QF_PWR2    ACBP=28
 07B2:0008 021D C=CODE   S=QF_TICK_TEXT   G=(none)  M=QF_TICK    ACBP=28
 07D4:0005 013B C=CODE   S=QMP_GET_TEXT   G=(none)  M=QMP_GET    ACBP=28
 07E8:0000 0209 C=CODE   S=QMP_INIT_TEXT  G=(none)  M=QMP_INIT   ACBP=28
 0808:0009 00FB C=CODE   S=QMP_PUT_TEXT   G=(none)  M=QMP_PUT    ACBP=28
 0818:0004 00A0 C=CODE   S=QTE_CTOR_TEXT  G=(none)  M=QTE_CTOR   ACBP=28
 0822:0004 0126 C=CODE   S=QTE_ARM_TEXT   G=(none)  M=QTE_ARM    ACBP=28
 0834:000A 01A0 C=CODE   S=QTE_DARM_TEXT  G=(none)  M=QTE_DARM   ACBP=28
 084E:000A 0194 C=CODE   S=QVANILLA_TEXT  G=(none)  M=QVANILLA   ACBP=28
 0867:000E 084E C=CODE   S=QS_TEXT        G=(none)  M=QS         ACBP=28
 08EC:000C 04D9 C=CODE   S=QS__TEXT       G=(none)  M=QS_        ACBP=28
 093A:0005 0073 C=CODE   S=QS_BLK_TEXT    G=(none)  M=QS_BLK     ACBP=28
 0941:0008 003B C=CODE   S=QS_BYTE_TEXT   G=(none)  M=QS_BYTE    ACBP=28
 0946:0000 0000 C=FAR_DATA S=_FARDATA       G=(none)  M=c0.ASM     ACBP=68
 0946:0000 0000 C=FAR_DATA S=BSP5_FAR       G=(none)  M=BSP.CPP    ACBP=68
 0946:0000 0000 C=FAR_DATA S=BSP6_FAR       G=(none)  M=BSP.CPP    ACBP=68
 0946:0000 0000 C=FAR_DATA S=BSP7_FAR       G=(none)  M=BSP.CPP    ACBP=68
 0946:0000 0000 C=FAR_DATA S=BSP8_FAR       G=(none)  M=BSP.CPP    ACBP=68
 0946:0000 0000 C=FAR_DATA S=BSP9_FAR       G=(none)  M=BSP.CPP    ACBP=68
 0946:0000 0000 C=FAR_DATA S=BSP10_FAR      G=(none)  M=BSP.CPP    ACBP=68
 0946:0000 0000 C=FAR_DATA S=BSP11_FAR      G=(none)  M=BSP.CPP    ACBP=68
 0946:0000 0000 C=FAR_DATA S=BSP12_FAR      G=(none)  M=BSP.CPP    ACBP=68
 0946:0000 0000 C=FAR_DATA S=BSP13_FAR      G=(none)  M=BSP.CPP    ACBP=68
 0946:0000 0000 C=FAR_DATA S=MAIN5_FAR      G=(none)  M=MAIN.CPP   ACBP=68
 0946:0000 0000 C=FAR_DATA S=MAIN6_FAR      G=(none)  M=MAIN.CPP   ACBP=68
 0946:0000 0000 C=FAR_DATA S=MAIN7_FAR      G=(none)  M=MAIN.CPP   ACBP=68
 0946:0000 0000 C=FAR_DATA S=MAIN8_FAR      G=(none)  M=MAIN.CPP   ACBP=68
 0946:0000 0000 C=FAR_DATA S=MAIN9_FAR      G=(none)  M=MAIN.CPP   ACBP=68
 0946:0000 0000 C=FAR_DATA S=MAIN10_FAR     G=(none)  M=MAIN.CPP   ACBP=68
 0946:0000 0000 C=FAR_DATA S=MAIN11_FAR     G=(none)  M=MAIN.CPP   ACBP=68
 0946:0000 0000 C=FAR_DATA S=MAIN12_FAR     G=(none)  M=MAIN.CPP   ACBP=68
 0946:0000 0000 C=FAR_DATA S=MAIN13_FAR     G=(none)  M=MAIN.CPP   ACBP=68
 0946:0000 0000 C=FAR_DATA S=MINE15_FAR     G=(none)  M=MINE1.CPP  ACBP=68
 0946:0000 0000 C=FAR_DATA S=MINE16_FAR     G=(none)  M=MINE1.CPP  ACBP=68
 0946:0000 0000 C=FAR_DATA S=MINE17_FAR     G=(none)  M=MINE1.CPP  ACBP=68
 0946:0000 0000 C=FAR_DATA S=MINE18_FAR     G=(none)  M=MINE1.CPP  ACBP=68
 0946:0000 0000 C=FAR_DATA S=MINE19_FAR     G=(none)  M=MINE1.CPP  ACBP=68
 0946:0000 0000 C=FAR_DATA S=MINE110_FAR    G=(none)  M=MINE1.CPP  ACBP=68
 0946:0000 0000 C=FAR_DATA S=MINE111_FAR    G=(none)  M=MINE1.CPP  ACBP=68
 0946:0000 0000 C=FAR_DATA S=MINE112_FAR    G=(none)  M=MINE1.CPP  ACBP=68
 0946:0000 0000 C=FAR_DATA S=MINE113_FAR    G=(none)  M=MINE1.CPP  ACBP=68
 0946:0000 0000 C=FAR_DATA S=MINE25_FAR     G=(none)  M=MINE2.CPP  ACBP=68
 0946:0000 0000 C=FAR_DATA S=MINE26_FAR     G=(none)  M=MINE2.CPP  ACBP=68
 0946:0000 0000 C=FAR_DATA S=MINE27_FAR     G=(none)  M=MINE2.CPP  ACBP=68
 0946:0000 0000 C=FAR_DATA S=MINE28_FAR     G=(none)  M=MINE2.CPP  ACBP=68
 0946:0000 0000 C=FAR_DATA S=MINE29_FAR     G=(none)  M=MINE2.CPP  ACBP=68
 0946:0000 0000 C=FAR_DATA S=MINE210_FAR    G=(none)  M=MINE2.CPP  ACBP=68
 0946:0000 0000 C=FAR_DATA S=MINE211_FAR    G=(none)  M=MINE2.CPP  ACBP=68
 0946:0000 0000 C=FAR_DATA S=MINE212_FAR    G=(none)  M=MINE2.CPP  ACBP=68
 0946:0000 0000 C=FAR_DATA S=MINE213_FAR    G=(none)  M=MINE2.CPP  ACBP=68
 0946:0000 0000 C=FAR_DATA S=MISSILE5_FAR   G=(none)  M=MISSILE.CPP ACBP=68
 0946:0000 0000 C=FAR_DATA S=MISSILE6_FAR   G=(none)  M=MISSILE.CPP ACBP=68
 0946:0000 0000 C=FAR_DATA S=MISSILE7_FAR   G=(none)  M=MISSILE.CPP ACBP=68
 0946:0000 0000 C=FAR_DATA S=MISSILE8_FAR   G=(none)  M=MISSILE.CPP ACBP=68
 0946:0000 0000 C=FAR_DATA S=MISSILE9_FAR   G=(none)  M=MISSILE.CPP ACBP=68
 0946:0000 0000 C=FAR_DATA S=MISSILE10_FAR  G=(none)  M=MISSILE.CPP ACBP=68
 0946:0000 0000 C=FAR_DATA S=MISSILE11_FAR  G=(none)  M=MISSILE.CPP ACBP=68
 0946:0000 0000 C=FAR_DATA S=MISSILE12_FAR  G=(none)  M=MISSILE.CPP ACBP=68
 0946:0000 0000 C=FAR_DATA S=MISSILE13_FAR  G=(none)  M=MISSILE.CPP ACBP=68
 0946:0000 0000 C=FAR_DATA S=SHIP5_FAR      G=(none)  M=SHIP.CPP   ACBP=68
 0946:0000 0000 C=FAR_DATA S=SHIP6_FAR      G=(none)  M=SHIP.CPP   ACBP=68
 0946:0000 0000 C=FAR_DATA S=SHIP7_FAR      G=(none)  M=SHIP.CPP   ACBP=68
 0946:0000 0000 C=FAR_DATA S=SHIP8_FAR      G=(none)  M=SHIP.CPP   ACBP=68
 0946:0000 0000 C=FAR_DATA S=SHIP9_FAR      G=(none)  M=SHIP.CPP   ACBP=68
 0946:0000 0000 C=FAR_DATA S=SHIP10_FAR     G=(none)  M=SHIP.CPP   ACBP=68
 0946:0000 0000 C=FAR_DATA S=SHIP11_FAR     G=(none)  M=SHIP.CPP   ACBP=68
 0946:0000 0000 C=FAR_DATA S=SHIP12_FAR     G=(none)  M=SHIP.CPP   ACBP=68
 0946:0000 0000 C=FAR_DATA S=SHIP13_FAR     G=(none)  M=SHIP.CPP   ACBP=68
 0946:0000 0000 C=FAR_DATA S=TUNNEL5_FAR    G=(none)  M=TUNNEL.CPP ACBP=68
 0946:0000 0000 C=FAR_DATA S=TUNNEL6_FAR    G=(none)  M=TUNNEL.CPP ACBP=68
 0946:0000 0000 C=FAR_DATA S=TUNNEL7_FAR    G=(none)  M=TUNNEL.CPP ACBP=68
 0946:0000 0000 C=FAR_DATA S=TUNNEL8_FAR    G=(none)  M=TUNNEL.CPP ACBP=68
 0946:0000 0000 C=FAR_DATA S=TUNNEL9_FAR    G=(none)  M=TUNNEL.CPP ACBP=68
 0946:0000 0000 C=FAR_DATA S=TUNNEL10_FAR   G=(none)  M=TUNNEL.CPP ACBP=68
 0946:0000 0000 C=FAR_DATA S=TUNNEL11_FAR   G=(none)  M=TUNNEL.CPP ACBP=68
 0946:0000 0000 C=FAR_DATA S=TUNNEL12_FAR   G=(none)  M=TUNNEL.CPP ACBP=68
 0946:0000 0000 C=FAR_DATA S=TUNNEL13_FAR   G=(none)  M=TUNNEL.CPP ACBP=68
 0946:0000 0000 C=FAR_DATA S=VIDEO5_FAR     G=(none)  M=VIDEO.CPP  ACBP=68
 0946:0000 0000 C=FAR_DATA S=VIDEO6_FAR     G=(none)  M=VIDEO.CPP  ACBP=68
 0946:0000 0000 C=FAR_DATA S=VIDEO7_FAR     G=(none)  M=VIDEO.CPP  ACBP=68
 0946:0000 0000 C=FAR_DATA S=VIDEO8_FAR     G=(none)  M=VIDEO.CPP  ACBP=68
 0946:0000 0000 C=FAR_DATA S=VIDEO9_FAR     G=(none)  M=VIDEO.CPP  ACBP=68
 0946:0000 0000 C=FAR_DATA S=VIDEO10_FAR    G=(none)  M=VIDEO.CPP  ACBP=68
 0946:0000 0000 C=FAR_DATA S=VIDEO11_FAR    G=(none)  M=VIDEO.CPP  ACBP=68
 0946:0000 0000 C=FAR_DATA S=VIDEO12_FAR    G=(none)  M=VIDEO.CPP  ACBP=68
 0946:0000 0000 C=FAR_DATA S=VIDEO13_FAR    G=(none)  M=VIDEO.CPP  ACBP=68
 0946:0000 0000 C=FAR_DATA S=QEP5_FAR       G=(none)  M=QEP        ACBP=68
 0946:0000 0000 C=FAR_DATA S=QEP6_FAR       G=(none)  M=QEP        ACBP=68
 0946:0000 0000 C=FAR_DATA S=QEP7_FAR       G=(none)  M=QEP        ACBP=68
 0946:0000 0000 C=FAR_DATA S=QEP8_FAR       G=(none)  M=QEP        ACBP=68
 0946:0000 0000 C=FAR_DATA S=QEP9_FAR       G=(none)  M=QEP        ACBP=68
 0946:0000 0000 C=FAR_DATA S=QEP10_FAR      G=(none)  M=QEP        ACBP=68
 0946:0000 0000 C=FAR_DATA S=QEP11_FAR      G=(none)  M=QEP        ACBP=68
 0946:0000 0000 C=FAR_DATA S=QEP12_FAR      G=(none)  M=QEP        ACBP=68
 0946:0000 0000 C=FAR_DATA S=QEP13_FAR      G=(none)  M=QEP        ACBP=68
 0946:0000 0000 C=FAR_DATA S=QHSM_INI5_FAR  G=(none)  M=QHSM_INI   ACBP=68
 0946:0000 0000 C=FAR_DATA S=QHSM_INI6_FAR  G=(none)  M=QHSM_INI   ACBP=68
 0946:0000 0000 C=FAR_DATA S=QHSM_INI7_FAR  G=(none)  M=QHSM_INI   ACBP=68
 0946:0000 0000 C=FAR_DATA S=QHSM_INI8_FAR  G=(none)  M=QHSM_INI   ACBP=68
 0946:0000 0000 C=FAR_DATA S=QHSM_INI9_FAR  G=(none)  M=QHSM_INI   ACBP=68
 0946:0000 0000 C=FAR_DATA S=QHSM_INI10_FAR G=(none)  M=QHSM_INI   ACBP=68
 0946:0000 0000 C=FAR_DATA S=QHSM_INI11_FAR G=(none)  M=QHSM_INI   ACBP=68
 0946:0000 0000 C=FAR_DATA S=QHSM_INI12_FAR G=(none)  M=QHSM_INI   ACBP=68
 0946:0000 0000 C=FAR_DATA S=QHSM_INI13_FAR G=(none)  M=QHSM_INI   ACBP=68
 0946:0000 0000 C=FAR_DATA S=QHSM_DIS5_FAR  G=(none)  M=QHSM_DIS   ACBP=68
 0946:0000 0000 C=FAR_DATA S=QHSM_DIS6_FAR  G=(none)  M=QHSM_DIS   ACBP=68
 0946:0000 0000 C=FAR_DATA S=QHSM_DIS7_FAR  G=(none)  M=QHSM_DIS   ACBP=68
 0946:0000 0000 C=FAR_DATA S=QHSM_DIS8_FAR  G=(none)  M=QHSM_DIS   ACBP=68
 0946:0000 0000 C=FAR_DATA S=QHSM_DIS9_FAR  G=(none)  M=QHSM_DIS   ACBP=68
 0946:0000 0000 C=FAR_DATA S=QHSM_DIS10_FAR G=(none)  M=QHSM_DIS   ACBP=68
 0946:0000 0000 C=FAR_DATA S=QHSM_DIS11_FAR G=(none)  M=QHSM_DIS   ACBP=68
 0946:0000 0000 C=FAR_DATA S=QHSM_DIS12_FAR G=(none)  M=QHSM_DIS   ACBP=68
 0946:0000 0000 C=FAR_DATA S=QHSM_DIS13_FAR G=(none)  M=QHSM_DIS   ACBP=68
 0946:0000 0000 C=FAR_DATA S=QHSM_TOP5_FAR  G=(none)  M=QHSM_TOP   ACBP=68
 0946:0000 0000 C=FAR_DATA S=QHSM_TOP6_FAR  G=(none)  M=QHSM_TOP   ACBP=68
 0946:0000 0000 C=FAR_DATA S=QHSM_TOP7_FAR  G=(none)  M=QHSM_TOP   ACBP=68
 0946:0000 0000 C=FAR_DATA S=QHSM_TOP8_FAR  G=(none)  M=QHSM_TOP   ACBP=68
 0946:0000 0000 C=FAR_DATA S=QHSM_TOP9_FAR  G=(none)  M=QHSM_TOP   ACBP=68
 0946:0000 0000 C=FAR_DATA S=QHSM_TOP10_FAR G=(none)  M=QHSM_TOP   ACBP=68
 0946:0000 0000 C=FAR_DATA S=QHSM_TOP11_FAR G=(none)  M=QHSM_TOP   ACBP=68
 0946:0000 0000 C=FAR_DATA S=QHSM_TOP12_FAR G=(none)  M=QHSM_TOP   ACBP=68
 0946:0000 0000 C=FAR_DATA S=QHSM_TOP13_FAR G=(none)  M=QHSM_TOP   ACBP=68
 0946:0000 0000 C=FAR_DATA S=QA_FIFO5_FAR   G=(none)  M=QA_FIFO    ACBP=68
 0946:0000 0000 C=FAR_DATA S=QA_FIFO6_FAR   G=(none)  M=QA_FIFO    ACBP=68
 0946:0000 0000 C=FAR_DATA S=QA_FIFO7_FAR   G=(none)  M=QA_FIFO    ACBP=68
 0946:0000 0000 C=FAR_DATA S=QA_FIFO8_FAR   G=(none)  M=QA_FIFO    ACBP=68
 0946:0000 0000 C=FAR_DATA S=QA_FIFO9_FAR   G=(none)  M=QA_FIFO    ACBP=68
 0946:0000 0000 C=FAR_DATA S=QA_FIFO10_FAR  G=(none)  M=QA_FIFO    ACBP=68
 0946:0000 0000 C=FAR_DATA S=QA_FIFO11_FAR  G=(none)  M=QA_FIFO    ACBP=68
 0946:0000 0000 C=FAR_DATA S=QA_FIFO12_FAR  G=(none)  M=QA_FIFO    ACBP=68
 0946:0000 0000 C=FAR_DATA S=QA_FIFO13_FAR  G=(none)  M=QA_FIFO    ACBP=68
 0946:0000 0000 C=FAR_DATA S=QA_GET_5_FAR   G=(none)  M=QA_GET_    ACBP=68
 0946:0000 0000 C=FAR_DATA S=QA_GET_6_FAR   G=(none)  M=QA_GET_    ACBP=68
 0946:0000 0000 C=FAR_DATA S=QA_GET_7_FAR   G=(none)  M=QA_GET_    ACBP=68
 0946:0000 0000 C=FAR_DATA S=QA_GET_8_FAR   G=(none)  M=QA_GET_    ACBP=68
 0946:0000 0000 C=FAR_DATA S=QA_GET_9_FAR   G=(none)  M=QA_GET_    ACBP=68
 0946:0000 0000 C=FAR_DATA S=QA_GET_10_FAR  G=(none)  M=QA_GET_    ACBP=68
 0946:0000 0000 C=FAR_DATA S=QA_GET_11_FAR  G=(none)  M=QA_GET_    ACBP=68
 0946:0000 0000 C=FAR_DATA S=QA_GET_12_FAR  G=(none)  M=QA_GET_    ACBP=68
 0946:0000 0000 C=FAR_DATA S=QA_GET_13_FAR  G=(none)  M=QA_GET_    ACBP=68
 0946:0000 0000 C=FAR_DATA S=QA_SUB5_FAR    G=(none)  M=QA_SUB     ACBP=68
 0946:0000 0000 C=FAR_DATA S=QA_SUB6_FAR    G=(none)  M=QA_SUB     ACBP=68
 0946:0000 0000 C=FAR_DATA S=QA_SUB7_FAR    G=(none)  M=QA_SUB     ACBP=68
 0946:0000 0000 C=FAR_DATA S=QA_SUB8_FAR    G=(none)  M=QA_SUB     ACBP=68
 0946:0000 0000 C=FAR_DATA S=QA_SUB9_FAR    G=(none)  M=QA_SUB     ACBP=68
 0946:0000 0000 C=FAR_DATA S=QA_SUB10_FAR   G=(none)  M=QA_SUB     ACBP=68
 0946:0000 0000 C=FAR_DATA S=QA_SUB11_FAR   G=(none)  M=QA_SUB     ACBP=68
 0946:0000 0000 C=FAR_DATA S=QA_SUB12_FAR   G=(none)  M=QA_SUB     ACBP=68
 0946:0000 0000 C=FAR_DATA S=QA_SUB13_FAR   G=(none)  M=QA_SUB     ACBP=68
 0946:0000 0000 C=FAR_DATA S=QEQ_INIT5_FAR  G=(none)  M=QEQ_INIT   ACBP=68
 0946:0000 0000 C=FAR_DATA S=QEQ_INIT6_FAR  G=(none)  M=QEQ_INIT   ACBP=68
 0946:0000 0000 C=FAR_DATA S=QEQ_INIT7_FAR  G=(none)  M=QEQ_INIT   ACBP=68
 0946:0000 0000 C=FAR_DATA S=QEQ_INIT8_FAR  G=(none)  M=QEQ_INIT   ACBP=68
 0946:0000 0000 C=FAR_DATA S=QEQ_INIT9_FAR  G=(none)  M=QEQ_INIT   ACBP=68
 0946:0000 0000 C=FAR_DATA S=QEQ_INIT10_FAR G=(none)  M=QEQ_INIT   ACBP=68
 0946:0000 0000 C=FAR_DATA S=QEQ_INIT11_FAR G=(none)  M=QEQ_INIT   ACBP=68
 0946:0000 0000 C=FAR_DATA S=QEQ_INIT12_FAR G=(none)  M=QEQ_INIT   ACBP=68
 0946:0000 0000 C=FAR_DATA S=QEQ_INIT13_FAR G=(none)  M=QEQ_INIT   ACBP=68
 0946:0000 0000 C=FAR_DATA S=QF_ACT5_FAR    G=(none)  M=QF_ACT     ACBP=68
 0946:0000 0000 C=FAR_DATA S=QF_ACT6_FAR    G=(none)  M=QF_ACT     ACBP=68
 0946:0000 0000 C=FAR_DATA S=QF_ACT7_FAR    G=(none)  M=QF_ACT     ACBP=68
 0946:0000 0000 C=FAR_DATA S=QF_ACT8_FAR    G=(none)  M=QF_ACT     ACBP=68
 0946:0000 0000 C=FAR_DATA S=QF_ACT9_FAR    G=(none)  M=QF_ACT     ACBP=68
 0946:0000 0000 C=FAR_DATA S=QF_ACT10_FAR   G=(none)  M=QF_ACT     ACBP=68
 0946:0000 0000 C=FAR_DATA S=QF_ACT11_FAR   G=(none)  M=QF_ACT     ACBP=68
 0946:0000 0000 C=FAR_DATA S=QF_ACT12_FAR   G=(none)  M=QF_ACT     ACBP=68
 0946:0000 0000 C=FAR_DATA S=QF_ACT13_FAR   G=(none)  M=QF_ACT     ACBP=68
 0946:0000 0000 C=FAR_DATA S=QF_GC5_FAR     G=(none)  M=QF_GC      ACBP=68
 0946:0000 0000 C=FAR_DATA S=QF_GC6_FAR     G=(none)  M=QF_GC      ACBP=68
 0946:0000 0000 C=FAR_DATA S=QF_GC7_FAR     G=(none)  M=QF_GC      ACBP=68
 0946:0000 0000 C=FAR_DATA S=QF_GC8_FAR     G=(none)  M=QF_GC      ACBP=68
 0946:0000 0000 C=FAR_DATA S=QF_GC9_FAR     G=(none)  M=QF_GC      ACBP=68
 0946:0000 0000 C=FAR_DATA S=QF_GC10_FAR    G=(none)  M=QF_GC      ACBP=68
 0946:0000 0000 C=FAR_DATA S=QF_GC11_FAR    G=(none)  M=QF_GC      ACBP=68
 0946:0000 0000 C=FAR_DATA S=QF_GC12_FAR    G=(none)  M=QF_GC      ACBP=68
 0946:0000 0000 C=FAR_DATA S=QF_GC13_FAR    G=(none)  M=QF_GC      ACBP=68
 0946:0000 0000 C=FAR_DATA S=QF_LOG25_FAR   G=(none)  M=QF_LOG2    ACBP=68
 0946:0000 0000 C=FAR_DATA S=QF_LOG26_FAR   G=(none)  M=QF_LOG2    ACBP=68
 0946:0000 0000 C=FAR_DATA S=QF_LOG27_FAR   G=(none)  M=QF_LOG2    ACBP=68
 0946:0000 0000 C=FAR_DATA S=QF_LOG28_FAR   G=(none)  M=QF_LOG2    ACBP=68
 0946:0000 0000 C=FAR_DATA S=QF_LOG29_FAR   G=(none)  M=QF_LOG2    ACBP=68
 0946:0000 0000 C=FAR_DATA S=QF_LOG210_FAR  G=(none)  M=QF_LOG2    ACBP=68
 0946:0000 0000 C=FAR_DATA S=QF_LOG211_FAR  G=(none)  M=QF_LOG2    ACBP=68
 0946:0000 0000 C=FAR_DATA S=QF_LOG212_FAR  G=(none)  M=QF_LOG2    ACBP=68
 0946:0000 0000 C=FAR_DATA S=QF_LOG213_FAR  G=(none)  M=QF_LOG2    ACBP=68
 0946:0000 0000 C=FAR_DATA S=QF_NEW5_FAR    G=(none)  M=QF_NEW     ACBP=68
 0946:0000 0000 C=FAR_DATA S=QF_NEW6_FAR    G=(none)  M=QF_NEW     ACBP=68
 0946:0000 0000 C=FAR_DATA S=QF_NEW7_FAR    G=(none)  M=QF_NEW     ACBP=68
 0946:0000 0000 C=FAR_DATA S=QF_NEW8_FAR    G=(none)  M=QF_NEW     ACBP=68
 0946:0000 0000 C=FAR_DATA S=QF_NEW9_FAR    G=(none)  M=QF_NEW     ACBP=68
 0946:0000 0000 C=FAR_DATA S=QF_NEW10_FAR   G=(none)  M=QF_NEW     ACBP=68
 0946:0000 0000 C=FAR_DATA S=QF_NEW11_FAR   G=(none)  M=QF_NEW     ACBP=68
 0946:0000 0000 C=FAR_DATA S=QF_NEW12_FAR   G=(none)  M=QF_NEW     ACBP=68
 0946:0000 0000 C=FAR_DATA S=QF_NEW13_FAR   G=(none)  M=QF_NEW     ACBP=68
 0946:0000 0000 C=FAR_DATA S=QF_POOL5_FAR   G=(none)  M=QF_POOL    ACBP=68
 0946:0000 0000 C=FAR_DATA S=QF_POOL6_FAR   G=(none)  M=QF_POOL    ACBP=68
 0946:0000 0000 C=FAR_DATA S=QF_POOL7_FAR   G=(none)  M=QF_POOL    ACBP=68
 0946:0000 0000 C=FAR_DATA S=QF_POOL8_FAR   G=(none)  M=QF_POOL    ACBP=68
 0946:0000 0000 C=FAR_DATA S=QF_POOL9_FAR   G=(none)  M=QF_POOL    ACBP=68
 0946:0000 0000 C=FAR_DATA S=QF_POOL10_FAR  G=(none)  M=QF_POOL    ACBP=68
 0946:0000 0000 C=FAR_DATA S=QF_POOL11_FAR  G=(none)  M=QF_POOL    ACBP=68
 0946:0000 0000 C=FAR_DATA S=QF_POOL12_FAR  G=(none)  M=QF_POOL    ACBP=68
 0946:0000 0000 C=FAR_DATA S=QF_POOL13_FAR  G=(none)  M=QF_POOL    ACBP=68
 0946:0000 0000 C=FAR_DATA S=QF_PSINI5_FAR  G=(none)  M=QF_PSINI   ACBP=68
 0946:0000 0000 C=FAR_DATA S=QF_PSINI6_FAR  G=(none)  M=QF_PSINI   ACBP=68
 0946:0000 0000 C=FAR_DATA S=QF_PSINI7_FAR  G=(none)  M=QF_PSINI   ACBP=68
 0946:0000 0000 C=FAR_DATA S=QF_PSINI8_FAR  G=(none)  M=QF_PSINI   ACBP=68
 0946:0000 0000 C=FAR_DATA S=QF_PSINI9_FAR  G=(none)  M=QF_PSINI   ACBP=68
 0946:0000 0000 C=FAR_DATA S=QF_PSINI10_FAR G=(none)  M=QF_PSINI   ACBP=68
 0946:0000 0000 C=FAR_DATA S=QF_PSINI11_FAR G=(none)  M=QF_PSINI   ACBP=68
 0946:0000 0000 C=FAR_DATA S=QF_PSINI12_FAR G=(none)  M=QF_PSINI   ACBP=68
 0946:0000 0000 C=FAR_DATA S=QF_PSINI13_FAR G=(none)  M=QF_PSINI   ACBP=68
 0946:0000 0000 C=FAR_DATA S=QF_PSPUB5_FAR  G=(none)  M=QF_PSPUB   ACBP=68
 0946:0000 0000 C=FAR_DATA S=QF_PSPUB6_FAR  G=(none)  M=QF_PSPUB   ACBP=68
 0946:0000 0000 C=FAR_DATA S=QF_PSPUB7_FAR  G=(none)  M=QF_PSPUB   ACBP=68
 0946:0000 0000 C=FAR_DATA S=QF_PSPUB8_FAR  G=(none)  M=QF_PSPUB   ACBP=68
 0946:0000 0000 C=FAR_DATA S=QF_PSPUB9_FAR  G=(none)  M=QF_PSPUB   ACBP=68
 0946:0000 0000 C=FAR_DATA S=QF_PSPUB10_FAR G=(none)  M=QF_PSPUB   ACBP=68
 0946:0000 0000 C=FAR_DATA S=QF_PSPUB11_FAR G=(none)  M=QF_PSPUB   ACBP=68
 0946:0000 0000 C=FAR_DATA S=QF_PSPUB12_FAR G=(none)  M=QF_PSPUB   ACBP=68
 0946:0000 0000 C=FAR_DATA S=QF_PSPUB13_FAR G=(none)  M=QF_PSPUB   ACBP=68
 0946:0000 0000 C=FAR_DATA S=QF_PWR25_FAR   G=(none)  M=QF_PWR2    ACBP=68
 0946:0000 0000 C=FAR_DATA S=QF_PWR26_FAR   G=(none)  M=QF_PWR2    ACBP=68
 0946:0000 0000 C=FAR_DATA S=QF_PWR27_FAR   G=(none)  M=QF_PWR2    ACBP=68
 0946:0000 0000 C=FAR_DATA S=QF_PWR28_FAR   G=(none)  M=QF_PWR2    ACBP=68
 0946:0000 0000 C=FAR_DATA S=QF_PWR29_FAR   G=(none)  M=QF_PWR2    ACBP=68
 0946:0000 0000 C=FAR_DATA S=QF_PWR210_FAR  G=(none)  M=QF_PWR2    ACBP=68
 0946:0000 0000 C=FAR_DATA S=QF_PWR211_FAR  G=(none)  M=QF_PWR2    ACBP=68
 0946:0000 0000 C=FAR_DATA S=QF_PWR212_FAR  G=(none)  M=QF_PWR2    ACBP=68
 0946:0000 0000 C=FAR_DATA S=QF_PWR213_FAR  G=(none)  M=QF_PWR2    ACBP=68
 0946:0000 0000 C=FAR_DATA S=QF_TICK5_FAR   G=(none)  M=QF_TICK    ACBP=68
 0946:0000 0000 C=FAR_DATA S=QF_TICK6_FAR   G=(none)  M=QF_TICK    ACBP=68
 0946:0000 0000 C=FAR_DATA S=QF_TICK7_FAR   G=(none)  M=QF_TICK    ACBP=68
 0946:0000 0000 C=FAR_DATA S=QF_TICK8_FAR   G=(none)  M=QF_TICK    ACBP=68
 0946:0000 0000 C=FAR_DATA S=QF_TICK9_FAR   G=(none)  M=QF_TICK    ACBP=68
 0946:0000 0000 C=FAR_DATA S=QF_TICK10_FAR  G=(none)  M=QF_TICK    ACBP=68
 0946:0000 0000 C=FAR_DATA S=QF_TICK11_FAR  G=(none)  M=QF_TICK    ACBP=68
 0946:0000 0000 C=FAR_DATA S=QF_TICK12_FAR  G=(none)  M=QF_TICK    ACBP=68
 0946:0000 0000 C=FAR_DATA S=QF_TICK13_FAR  G=(none)  M=QF_TICK    ACBP=68
 0946:0000 0000 C=FAR_DATA S=QMP_GET5_FAR   G=(none)  M=QMP_GET    ACBP=68
 0946:0000 0000 C=FAR_DATA S=QMP_GET6_FAR   G=(none)  M=QMP_GET    ACBP=68
 0946:0000 0000 C=FAR_DATA S=QMP_GET7_FAR   G=(none)  M=QMP_GET    ACBP=68
 0946:0000 0000 C=FAR_DATA S=QMP_GET8_FAR   G=(none)  M=QMP_GET    ACBP=68
 0946:0000 0000 C=FAR_DATA S=QMP_GET9_FAR   G=(none)  M=QMP_GET    ACBP=68
 0946:0000 0000 C=FAR_DATA S=QMP_GET10_FAR  G=(none)  M=QMP_GET    ACBP=68
 0946:0000 0000 C=FAR_DATA S=QMP_GET11_FAR  G=(none)  M=QMP_GET    ACBP=68
 0946:0000 0000 C=FAR_DATA S=QMP_GET12_FAR  G=(none)  M=QMP_GET    ACBP=68
 0946:0000 0000 C=FAR_DATA S=QMP_GET13_FAR  G=(none)  M=QMP_GET    ACBP=68
 0946:0000 0000 C=FAR_DATA S=QMP_INIT5_FAR  G=(none)  M=QMP_INIT   ACBP=68
 0946:0000 0000 C=FAR_DATA S=QMP_INIT6_FAR  G=(none)  M=QMP_INIT   ACBP=68
 0946:0000 0000 C=FAR_DATA S=QMP_INIT7_FAR  G=(none)  M=QMP_INIT   ACBP=68
 0946:0000 0000 C=FAR_DATA S=QMP_INIT8_FAR  G=(none)  M=QMP_INIT   ACBP=68
 0946:0000 0000 C=FAR_DATA S=QMP_INIT9_FAR  G=(none)  M=QMP_INIT   ACBP=68
 0946:0000 0000 C=FAR_DATA S=QMP_INIT10_FAR G=(none)  M=QMP_INIT   ACBP=68
 0946:0000 0000 C=FAR_DATA S=QMP_INIT11_FAR G=(none)  M=QMP_INIT   ACBP=68
 0946:0000 0000 C=FAR_DATA S=QMP_INIT12_FAR G=(none)  M=QMP_INIT   ACBP=68
 0946:0000 0000 C=FAR_DATA S=QMP_INIT13_FAR G=(none)  M=QMP_INIT   ACBP=68
 0946:0000 0000 C=FAR_DATA S=QMP_PUT5_FAR   G=(none)  M=QMP_PUT    ACBP=68
 0946:0000 0000 C=FAR_DATA S=QMP_PUT6_FAR   G=(none)  M=QMP_PUT    ACBP=68
 0946:0000 0000 C=FAR_DATA S=QMP_PUT7_FAR   G=(none)  M=QMP_PUT    ACBP=68
 0946:0000 0000 C=FAR_DATA S=QMP_PUT8_FAR   G=(none)  M=QMP_PUT    ACBP=68
 0946:0000 0000 C=FAR_DATA S=QMP_PUT9_FAR   G=(none)  M=QMP_PUT    ACBP=68
 0946:0000 0000 C=FAR_DATA S=QMP_PUT10_FAR  G=(none)  M=QMP_PUT    ACBP=68
 0946:0000 0000 C=FAR_DATA S=QMP_PUT11_FAR  G=(none)  M=QMP_PUT    ACBP=68
 0946:0000 0000 C=FAR_DATA S=QMP_PUT12_FAR  G=(none)  M=QMP_PUT    ACBP=68
 0946:0000 0000 C=FAR_DATA S=QMP_PUT13_FAR  G=(none)  M=QMP_PUT    ACBP=68
 0946:0000 0000 C=FAR_DATA S=QTE_CTOR5_FAR  G=(none)  M=QTE_CTOR   ACBP=68
 0946:0000 0000 C=FAR_DATA S=QTE_CTOR6_FAR  G=(none)  M=QTE_CTOR   ACBP=68
 0946:0000 0000 C=FAR_DATA S=QTE_CTOR7_FAR  G=(none)  M=QTE_CTOR   ACBP=68
 0946:0000 0000 C=FAR_DATA S=QTE_CTOR8_FAR  G=(none)  M=QTE_CTOR   ACBP=68
 0946:0000 0000 C=FAR_DATA S=QTE_CTOR9_FAR  G=(none)  M=QTE_CTOR   ACBP=68
 0946:0000 0000 C=FAR_DATA S=QTE_CTOR10_FAR G=(none)  M=QTE_CTOR   ACBP=68
 0946:0000 0000 C=FAR_DATA S=QTE_CTOR11_FAR G=(none)  M=QTE_CTOR   ACBP=68
 0946:0000 0000 C=FAR_DATA S=QTE_CTOR12_FAR G=(none)  M=QTE_CTOR   ACBP=68
 0946:0000 0000 C=FAR_DATA S=QTE_CTOR13_FAR G=(none)  M=QTE_CTOR   ACBP=68
 0946:0000 0000 C=FAR_DATA S=QTE_ARM5_FAR   G=(none)  M=QTE_ARM    ACBP=68
 0946:0000 0000 C=FAR_DATA S=QTE_ARM6_FAR   G=(none)  M=QTE_ARM    ACBP=68
 0946:0000 0000 C=FAR_DATA S=QTE_ARM7_FAR   G=(none)  M=QTE_ARM    ACBP=68
 0946:0000 0000 C=FAR_DATA S=QTE_ARM8_FAR   G=(none)  M=QTE_ARM    ACBP=68
 0946:0000 0000 C=FAR_DATA S=QTE_ARM9_FAR   G=(none)  M=QTE_ARM    ACBP=68
 0946:0000 0000 C=FAR_DATA S=QTE_ARM10_FAR  G=(none)  M=QTE_ARM    ACBP=68
 0946:0000 0000 C=FAR_DATA S=QTE_ARM11_FAR  G=(none)  M=QTE_ARM    ACBP=68
 0946:0000 0000 C=FAR_DATA S=QTE_ARM12_FAR  G=(none)  M=QTE_ARM    ACBP=68
 0946:0000 0000 C=FAR_DATA S=QTE_ARM13_FAR  G=(none)  M=QTE_ARM    ACBP=68
 0946:0000 0000 C=FAR_DATA S=QTE_DARM5_FAR  G=(none)  M=QTE_DARM   ACBP=68
 0946:0000 0000 C=FAR_DATA S=QTE_DARM6_FAR  G=(none)  M=QTE_DARM   ACBP=68
 0946:0000 0000 C=FAR_DATA S=QTE_DARM7_FAR  G=(none)  M=QTE_DARM   ACBP=68
 0946:0000 0000 C=FAR_DATA S=QTE_DARM8_FAR  G=(none)  M=QTE_DARM   ACBP=68
 0946:0000 0000 C=FAR_DATA S=QTE_DARM9_FAR  G=(none)  M=QTE_DARM   ACBP=68
 0946:0000 0000 C=FAR_DATA S=QTE_DARM10_FAR G=(none)  M=QTE_DARM   ACBP=68
 0946:0000 0000 C=FAR_DATA S=QTE_DARM11_FAR G=(none)  M=QTE_DARM   ACBP=68
 0946:0000 0000 C=FAR_DATA S=QTE_DARM12_FAR G=(none)  M=QTE_DARM   ACBP=68
 0946:0000 0000 C=FAR_DATA S=QTE_DARM13_FAR G=(none)  M=QTE_DARM   ACBP=68
 0946:0000 0000 C=FAR_DATA S=QVANILLA5_FAR  G=(none)  M=QVANILLA   ACBP=68
 0946:0000 0000 C=FAR_DATA S=QVANILLA6_FAR  G=(none)  M=QVANILLA   ACBP=68
 0946:0000 0000 C=FAR_DATA S=QVANILLA7_FAR  G=(none)  M=QVANILLA   ACBP=68
 0946:0000 0000 C=FAR_DATA S=QVANILLA8_FAR  G=(none)  M=QVANILLA   ACBP=68
 0946:0000 0000 C=FAR_DATA S=QVANILLA9_FAR  G=(none)  M=QVANILLA   ACBP=68
 0946:0000 0000 C=FAR_DATA S=QVANILLA10_FAR G=(none)  M=QVANILLA   ACBP=68
 0946:0000 0000 C=FAR_DATA S=QVANILLA11_FAR G=(none)  M=QVANILLA   ACBP=68
 0946:0000 0000 C=FAR_DATA S=QVANILLA12_FAR G=(none)  M=QVANILLA   ACBP=68
 0946:0000 0000 C=FAR_DATA S=QVANILLA13_FAR G=(none)  M=QVANILLA   ACBP=68
 0946:0000 0000 C=FAR_DATA S=QS5_FAR        G=(none)  M=QS         ACBP=68
 0946:0000 0000 C=FAR_DATA S=QS6_FAR        G=(none)  M=QS         ACBP=68
 0946:0000 0000 C=FAR_DATA S=QS7_FAR        G=(none)  M=QS         ACBP=68
 0946:0000 0000 C=FAR_DATA S=QS8_FAR        G=(none)  M=QS         ACBP=68
 0946:0000 0000 C=FAR_DATA S=QS9_FAR        G=(none)  M=QS         ACBP=68
 0946:0000 0000 C=FAR_DATA S=QS10_FAR       G=(none)  M=QS         ACBP=68
 0946:0000 0000 C=FAR_DATA S=QS11_FAR       G=(none)  M=QS         ACBP=68
 0946:0000 0000 C=FAR_DATA S=QS12_FAR       G=(none)  M=QS         ACBP=68
 0946:0000 0000 C=FAR_DATA S=QS13_FAR       G=(none)  M=QS         ACBP=68
 0946:0000 0000 C=FAR_DATA S=QS_5_FAR       G=(none)  M=QS_        ACBP=68
 0946:0000 0000 C=FAR_DATA S=QS_6_FAR       G=(none)  M=QS_        ACBP=68
 0946:0000 0000 C=FAR_DATA S=QS_7_FAR       G=(none)  M=QS_        ACBP=68
 0946:0000 0000 C=FAR_DATA S=QS_8_FAR       G=(none)  M=QS_        ACBP=68
 0946:0000 0000 C=FAR_DATA S=QS_9_FAR       G=(none)  M=QS_        ACBP=68
 0946:0000 0000 C=FAR_DATA S=QS_10_FAR      G=(none)  M=QS_        ACBP=68
 0946:0000 0000 C=FAR_DATA S=QS_11_FAR      G=(none)  M=QS_        ACBP=68
 0946:0000 0000 C=FAR_DATA S=QS_12_FAR      G=(none)  M=QS_        ACBP=68
 0946:0000 0000 C=FAR_DATA S=QS_13_FAR      G=(none)  M=QS_        ACBP=68
 0946:0000 0000 C=FAR_DATA S=QS_BLK5_FAR    G=(none)  M=QS_BLK     ACBP=68
 0946:0000 0000 C=FAR_DATA S=QS_BLK6_FAR    G=(none)  M=QS_BLK     ACBP=68
 0946:0000 0000 C=FAR_DATA S=QS_BLK7_FAR    G=(none)  M=QS_BLK     ACBP=68
 0946:0000 0000 C=FAR_DATA S=QS_BLK8_FAR    G=(none)  M=QS_BLK     ACBP=68
 0946:0000 0000 C=FAR_DATA S=QS_BLK9_FAR    G=(none)  M=QS_BLK     ACBP=68
 0946:0000 0000 C=FAR_DATA S=QS_BLK10_FAR   G=(none)  M=QS_BLK     ACBP=68
 0946:0000 0000 C=FAR_DATA S=QS_BLK11_FAR   G=(none)  M=QS_BLK     ACBP=68
 0946:0000 0000 C=FAR_DATA S=QS_BLK12_FAR   G=(none)  M=QS_BLK     ACBP=68
 0946:0000 0000 C=FAR_DATA S=QS_BLK13_FAR   G=(none)  M=QS_BLK     ACBP=68
 0946:0000 0000 C=FAR_DATA S=QS_BYTE5_FAR   G=(none)  M=QS_BYTE    ACBP=68
 0946:0000 0000 C=FAR_DATA S=QS_BYTE6_FAR   G=(none)  M=QS_BYTE    ACBP=68
 0946:0000 0000 C=FAR_DATA S=QS_BYTE7_FAR   G=(none)  M=QS_BYTE    ACBP=68
 0946:0000 0000 C=FAR_DATA S=QS_BYTE8_FAR   G=(none)  M=QS_BYTE    ACBP=68
 0946:0000 0000 C=FAR_DATA S=QS_BYTE9_FAR   G=(none)  M=QS_BYTE    ACBP=68
 0946:0000 0000 C=FAR_DATA S=QS_BYTE10_FAR  G=(none)  M=QS_BYTE    ACBP=68
 0946:0000 0000 C=FAR_DATA S=QS_BYTE11_FAR  G=(none)  M=QS_BYTE    ACBP=68
 0946:0000 0000 C=FAR_DATA S=QS_BYTE12_FAR  G=(none)  M=QS_BYTE    ACBP=68
 0946:0000 0000 C=FAR_DATA S=QS_BYTE13_FAR  G=(none)  M=QS_BYTE    ACBP=68
 0946:0000 0000 C=OVRINFO S=_OVERLAY_      G=(none)  M=c0.ASM     ACBP=68
 0946:0000 0000 C=INITDATA S=_INIT_         G=IGROUP  M=c0.ASM     ACBP=48
 0946:0000 0006 C=INITDATA S=_INIT_         G=IGROUP  M=MINE1.CPP  ACBP=48
 0946:0006 0006 C=INITDATA S=_INIT_         G=IGROUP  M=MINE2.CPP  ACBP=48
 0946:000C 0006 C=INITDATA S=_INIT_         G=IGROUP  M=MISSILE.CPP ACBP=48
 0946:0012 0006 C=INITDATA S=_INIT_         G=IGROUP  M=SHIP.CPP   ACBP=48
 0946:0018 0006 C=INITDATA S=_INIT_         G=IGROUP  M=TUNNEL.CPP ACBP=48
 0946:001E 0006 C=INITDATA S=_INIT_         G=IGROUP  M=SETUPIO    ACBP=48
 0946:0024 0006 C=INITDATA S=_INIT_         G=IGROUP  M=CRTINIT    ACBP=48
 0946:002A 0006 C=INITDATA S=_INIT_         G=IGROUP  M=SETARGV    ACBP=48
 0946:0030 0000 C=INITDATA S=_INITEND_      G=IGROUP  M=c0.ASM     ACBP=28
 0949:0000 0000 C=EXITDATA S=_EXIT_         G=EGROUP  M=c0.ASM     ACBP=48
 0949:0000 0006 C=EXITDATA S=_EXIT_         G=EGROUP  M=MINE1.CPP  ACBP=48
 0949:0006 0006 C=EXITDATA S=_EXIT_         G=EGROUP  M=MINE2.CPP  ACBP=48
 0949:000C 0006 C=EXITDATA S=_EXIT_         G=EGROUP  M=MISSILE.CPP ACBP=48
 0949:0012 0006 C=EXITDATA S=_EXIT_         G=EGROUP  M=SHIP.CPP   ACBP=48
 0949:0018 0006 C=EXITDATA S=_EXIT_         G=EGROUP  M=TUNNEL.CPP ACBP=48
 0949:001E 0000 C=EXITDATA S=_EXITEND_      G=EGROUP  M=c0.ASM     ACBP=28
 094B:0000 0000 C=STUBSEG S=_1STUB_        G=(none)  M=c0.ASM     ACBP=68
 094B:0000 008F C=DATA   S=_DATA          G=DGROUP  M=c0.ASM     ACBP=68
 094B:0090 0103 C=DATA   S=_DATA          G=DGROUP  M=BSP.CPP    ACBP=48
 094B:0194 008B C=DATA   S=_DATA          G=DGROUP  M=MAIN.CPP   ACBP=48
 094B:0220 0123 C=DATA   S=_DATA          G=DGROUP  M=MINE1.CPP  ACBP=48
 094B:0344 011F C=DATA   S=_DATA          G=DGROUP  M=MINE2.CPP  ACBP=48
 094B:0464 00A7 C=DATA   S=_DATA          G=DGROUP  M=MISSILE.CPP ACBP=48
 094B:050C 00C3 C=DATA   S=_DATA          G=DGROUP  M=SHIP.CPP   ACBP=48
 094B:05D0 02BA C=DATA   S=_DATA          G=DGROUP  M=TUNNEL.CPP ACBP=48
 094B:088A 01DD C=DATA   S=_DATA          G=DGROUP  M=VIDEO.CPP  ACBP=48
 094B:0A68 000F C=DATA   S=_DATA          G=DGROUP  M=QEP        ACBP=48
 094B:0A78 0009 C=DATA   S=_DATA          G=DGROUP  M=QHSM_INI   ACBP=48
 094B:0A82 0009 C=DATA   S=_DATA          G=DGROUP  M=QHSM_DIS   ACBP=48
 094B:0A8C 0000 C=DATA   S=_DATA          G=DGROUP  M=QHSM_TOP   ACBP=48
 094B:0A8C 0008 C=DATA   S=_DATA          G=DGROUP  M=QA_FIFO    ACBP=48
 094B:0A94 0008 C=DATA   S=_DATA          G=DGROUP  M=QA_GET_    ACBP=48
 094B:0A9C 0007 C=DATA   S=_DATA          G=DGROUP  M=QA_SUB     ACBP=48
 094B:0AA4 0000 C=DATA   S=_DATA          G=DGROUP  M=QEQ_INIT   ACBP=48
 094B:0AA4 000F C=DATA   S=_DATA          G=DGROUP  M=QF_ACT     ACBP=48
 094B:0AB4 0006 C=DATA   S=_DATA          G=DGROUP  M=QF_GC      ACBP=48
 094B:0ABA 0100 C=DATA   S=_DATA          G=DGROUP  M=QF_LOG2    ACBP=48
 094B:0BBA 0007 C=DATA   S=_DATA          G=DGROUP  M=QF_NEW     ACBP=48
 094B:0BC2 0045 C=DATA   S=_DATA          G=DGROUP  M=QF_POOL    ACBP=48
 094B:0C08 0005 C=DATA   S=_DATA          G=DGROUP  M=QF_PSINI   ACBP=48
 094B:0C0E 0009 C=DATA   S=_DATA          G=DGROUP  M=QF_PSPUB   ACBP=48
 094B:0C18 00C3 C=DATA   S=_DATA          G=DGROUP  M=QF_PWR2    ACBP=48
 094B:0CDC 0000 C=DATA   S=_DATA          G=DGROUP  M=QF_TICK    ACBP=48
 094B:0CDC 0008 C=DATA   S=_DATA          G=DGROUP  M=QMP_GET    ACBP=48
 094B:0CE4 0009 C=DATA   S=_DATA          G=DGROUP  M=QMP_INIT   ACBP=48
 094B:0CEE 0008 C=DATA   S=_DATA          G=DGROUP  M=QMP_PUT    ACBP=48
 094B:0CF6 0009 C=DATA   S=_DATA          G=DGROUP  M=QTE_CTOR   ACBP=48
 094B:0D00 000C C=DATA   S=_DATA          G=DGROUP  M=QTE_ARM    ACBP=48
 094B:0D0C 0000 C=DATA   S=_DATA          G=DGROUP  M=QTE_DARM   ACBP=48
 094B:0D0C 0019 C=DATA   S=_DATA          G=DGROUP  M=QVANILLA   ACBP=48
 094B:0D26 0016 C=DATA   S=_DATA          G=DGROUP  M=QS         ACBP=48
 094B:0D3C 0000 C=DATA   S=_DATA          G=DGROUP  M=QS_        ACBP=48
 094B:0D3C 0000 C=DATA   S=_DATA          G=DGROUP  M=QS_BLK     ACBP=48
 094B:0D3C 0000 C=DATA   S=_DATA          G=DGROUP  M=QS_BYTE    ACBP=48
 094B:0D3C 0002 C=DATA   S=_DATA          G=DGROUP  M=ATEXIT     ACBP=48
 094B:0D3E 0000 C=DATA   S=_DATA          G=DGROUP  M=CLRSCR     ACBP=48
 094B:0D3E 000C C=DATA   S=_DATA          G=DGROUP  M=EXIT       ACBP=48
 094B:0D4A 0002 C=DATA   S=_DATA          G=DGROUP  M=FBRK       ACBP=48
 094B:0D4C 0000 C=DATA   S=_DATA          G=DGROUP  M=FFLUSH     ACBP=48
 094B:0D4C 0190 C=DATA   S=_DATA          G=DGROUP  M=FILES      ACBP=48
 094B:0EDC 0028 C=DATA   S=_DATA          G=DGROUP  M=FILES2     ACBP=48
 094B:0F04 0000 C=DATA   S=_DATA          G=DGROUP  M=FLUSHALL   ACBP=48
 094B:0F04 0000 C=DATA   S=_DATA          G=DGROUP  M=FSEEK      ACBP=48
 094B:0F04 0000 C=DATA   S=_DATA          G=DGROUP  M=GPTEXT     ACBP=48
 094B:0F04 0000 C=DATA   S=_DATA          G=DGROUP  M=MOVETEXT   ACBP=48
 094B:0F04 0000 C=DATA   S=_DATA          G=DGROUP  M=SCREEN     ACBP=48
 094B:0F04 0000 C=DATA   S=_DATA          G=DGROUP  M=SCROLL     ACBP=48
 094B:0F04 0000 C=DATA   S=_DATA          G=DGROUP  M=SETUPIO    ACBP=48
 094B:0F04 0004 C=DATA   S=_DATA          G=DGROUP  M=SETVBUF    ACBP=48
 094B:0F08 0002 C=DATA   S=_DATA          G=DGROUP  M=STKLEN     ACBP=48
 094B:0F0A 0000 C=DATA   S=_DATA          G=DGROUP  M=TELL       ACBP=48
 094B:0F0A 0000 C=DATA   S=_DATA          G=DGROUP  M=WHEREXY    ACBP=48
 094B:0F0A 0000 C=DATA   S=_DATA          G=DGROUP  M=WRITE      ACBP=48
 094B:0F0A 0000 C=DATA   S=_DATA          G=DGROUP  M=XFFLUSH    ACBP=48
 094B:0F0A 0018 C=DATA   S=_DATA          G=DGROUP  M=CRTINIT    ACBP=48
 094B:0F22 0000 C=DATA   S=_DATA          G=DGROUP  M=GETVECT    ACBP=48
 094B:0F22 0000 C=DATA   S=_DATA          G=DGROUP  M=INPORT     ACBP=48
 094B:0F22 005B C=DATA   S=_DATA          G=DGROUP  M=IOERROR    ACBP=48
 094B:0F7E 0000 C=DATA   S=_DATA          G=DGROUP  M=ISATTY     ACBP=48
 094B:0F7E 0000 C=DATA   S=_DATA          G=DGROUP  M=LSEEK      ACBP=48
 094B:0F7E 0000 C=DATA   S=_DATA          G=DGROUP  M=MEMCPY     ACBP=48
 094B:0F7E 0000 C=DATA   S=_DATA          G=DGROUP  M=MEMSET     ACBP=48
 094B:0F7E 0000 C=DATA   S=_DATA          G=DGROUP  M=MOVMEM     ACBP=48
 094B:0F7E 0000 C=DATA   S=_DATA          G=DGROUP  M=OUTPORT    ACBP=48
 094B:0F7E 0000 C=DATA   S=_DATA          G=DGROUP  M=SETBLOCK   ACBP=48
 094B:0F7E 0000 C=DATA   S=_DATA          G=DGROUP  M=VRAM       ACBP=48
 094B:0F7E 0000 C=DATA   S=_DATA          G=DGROUP  M=WRITEA     ACBP=48
 094B:0F7E 0000 C=DATA   S=_DATA          G=DGROUP  M=DEL        ACBP=48
 094B:0F7E 0000 C=DATA   S=_DATA          G=DGROUP  M=NEW        ACBP=48
 094B:0F7E 0000 C=DATA   S=_DATA          G=DGROUP  M=VDEL       ACBP=48
 094B:0F7E 0000 C=DATA   S=_DATA          G=DGROUP  M=VNEW       ACBP=48
 094B:0F7E 0010 C=DATA   S=_DATA          G=DGROUP  M=SETARGV    ACBP=48
 094B:0F8E 0000 C=DATA   S=_CVTSEG        G=DGROUP  M=c0.ASM     ACBP=48
 094B:0F8E 0000 C=DATA   S=_SCNSEG        G=DGROUP  M=c0.ASM     ACBP=48
 094B:0F8E 0000 C=BSS    S=_BSS           G=DGROUP  M=c0.ASM     ACBP=48
 094B:0F8E 0416 C=BSS    S=_BSS           G=DGROUP  M=BSP.CPP    ACBP=48
 094B:13A4 00D6 C=BSS    S=_BSS           G=DGROUP  M=MAIN.CPP   ACBP=48
 094B:147A 0001 C=BSS    S=_BSS           G=DGROUP  M=MINE1.CPP  ACBP=48
 094B:147C 0001 C=BSS    S=_BSS           G=DGROUP  M=MINE2.CPP  ACBP=48
 094B:147E 0000 C=BSS    S=_BSS           G=DGROUP  M=MISSILE.CPP ACBP=48
 094B:147E 0000 C=BSS    S=_BSS           G=DGROUP  M=SHIP.CPP   ACBP=48
 094B:147E 0144 C=BSS    S=_BSS           G=DGROUP  M=TUNNEL.CPP ACBP=48
 094B:15C2 0000 C=BSS    S=_BSS           G=DGROUP  M=VIDEO.CPP  ACBP=48
 094B:15C2 0000 C=BSS    S=_BSS           G=DGROUP  M=QEP        ACBP=48
 094B:15C2 0000 C=BSS    S=_BSS           G=DGROUP  M=QHSM_INI   ACBP=48
 094B:15C2 0000 C=BSS    S=_BSS           G=DGROUP  M=QHSM_DIS   ACBP=48
 094B:15C2 0000 C=BSS    S=_BSS           G=DGROUP  M=QHSM_TOP   ACBP=48
 094B:15C2 0000 C=BSS    S=_BSS           G=DGROUP  M=QA_FIFO    ACBP=48
 094B:15C2 0000 C=BSS    S=_BSS           G=DGROUP  M=QA_GET_    ACBP=48
 094B:15C2 0000 C=BSS    S=_BSS           G=DGROUP  M=QA_SUB     ACBP=48
 094B:15C2 0000 C=BSS    S=_BSS           G=DGROUP  M=QEQ_INIT   ACBP=48
 094B:15C2 0100 C=BSS    S=_BSS           G=DGROUP  M=QF_ACT     ACBP=48
 094B:16C2 0000 C=BSS    S=_BSS           G=DGROUP  M=QF_GC      ACBP=48
 094B:16C2 0000 C=BSS    S=_BSS           G=DGROUP  M=QF_LOG2    ACBP=48
 094B:16C2 0000 C=BSS    S=_BSS           G=DGROUP  M=QF_NEW     ACBP=48
 094B:16C2 0000 C=BSS    S=_BSS           G=DGROUP  M=QF_POOL    ACBP=48
 094B:16C2 0000 C=BSS    S=_BSS           G=DGROUP  M=QF_PSINI   ACBP=48
 094B:16C2 0000 C=BSS    S=_BSS           G=DGROUP  M=QF_PSPUB   ACBP=48
 094B:16C2 0000 C=BSS    S=_BSS           G=DGROUP  M=QF_PWR2    ACBP=48
 094B:16C2 0001 C=BSS    S=_BSS           G=DGROUP  M=QF_TICK    ACBP=48
 094B:16C4 0000 C=BSS    S=_BSS           G=DGROUP  M=QMP_GET    ACBP=48
 094B:16C4 0000 C=BSS    S=_BSS           G=DGROUP  M=QMP_INIT   ACBP=48
 094B:16C4 0000 C=BSS    S=_BSS           G=DGROUP  M=QMP_PUT    ACBP=48
 094B:16C4 0000 C=BSS    S=_BSS           G=DGROUP  M=QTE_CTOR   ACBP=48
 094B:16C4 0000 C=BSS    S=_BSS           G=DGROUP  M=QTE_ARM    ACBP=48
 094B:16C4 0000 C=BSS    S=_BSS           G=DGROUP  M=QTE_DARM   ACBP=48
 094B:16C4 0000 C=BSS    S=_BSS           G=DGROUP  M=QVANILLA   ACBP=48
 094B:16C4 0020 C=BSS    S=_BSS           G=DGROUP  M=QS         ACBP=48
 094B:16E4 001C C=BSS    S=_BSS           G=DGROUP  M=QS_        ACBP=48
 094B:1700 0000 C=BSS    S=_BSS           G=DGROUP  M=QS_BLK     ACBP=48
 094B:1700 0000 C=BSS    S=_BSS           G=DGROUP  M=QS_BYTE    ACBP=48
 094B:1700 0080 C=BSS    S=_BSS           G=DGROUP  M=ATEXIT     ACBP=48
 094B:1780 0000 C=BSS    S=_BSS           G=DGROUP  M=SETUPIO    ACBP=48
 094B:1780 0000 C=BSS    S=_BSS           G=DGROUP  M=CRTINIT    ACBP=48
 094B:1780 0000 C=BSS    S=_BSS           G=DGROUP  M=GETVECT    ACBP=48
 094B:1780 0000 C=BSS    S=_BSS           G=DGROUP  M=INPORT     ACBP=48
 094B:1780 0000 C=BSS    S=_BSS           G=DGROUP  M=IOERROR    ACBP=48
 094B:1780 0000 C=BSS    S=_BSS           G=DGROUP  M=ISATTY     ACBP=48
 094B:1780 0000 C=BSS    S=_BSS           G=DGROUP  M=LSEEK      ACBP=48
 094B:1780 0000 C=BSS    S=_BSS           G=DGROUP  M=MEMCPY     ACBP=48
 094B:1780 0000 C=BSS    S=_BSS           G=DGROUP  M=MEMSET     ACBP=48
 094B:1780 0000 C=BSS    S=_BSS           G=DGROUP  M=MOVMEM     ACBP=48
 094B:1780 0000 C=BSS    S=_BSS           G=DGROUP  M=OUTPORT    ACBP=48
 094B:1780 0000 C=BSS    S=_BSS           G=DGROUP  M=SETBLOCK   ACBP=48
 094B:1780 0000 C=BSS    S=_BSS           G=DGROUP  M=VRAM       ACBP=48
 094B:1780 0000 C=BSS    S=_BSS           G=DGROUP  M=WRITEA     ACBP=48
 094B:1780 0004 C=BSS    S=_BSS           G=DGROUP  M=NEW        ACBP=48
 094B:1784 0000 C=ENDBSS S=_BSSEND        G=DGROUP  M=c0.ASM     ACBP=28
 0AC4:0000 0080 C=STACK  S=_STACK         G=(none)  M=c0.ASM     ACBP=74

  Address         Publics by Name

 0000:122F       operator delete(void far*)
 0000:126B       operator new(unsigned int)
 01B6:03B7       BSP_drawBitmap(const unsigned char far*,unsigned char,unsigned char)
 01B6:03D8       BSP_drawNString(unsigned char,unsigned char,const char far*)
 01B6:019D       BSP_init(int,char far*far*)
 01B6:03FE       BSP_updateScore(unsigned int)
 0475:156B       do_bitmaps_overlap(unsigned char,unsigned char,unsigned char,unsigned char,unsigned char,unsigned char)
 094B:033B       Mine1::
 027C:08E3       Mine1::Mine1()
 027C:093F       Mine1::~Mine1()
 027C:0717 idle  Mine1::exploding(Mine1 far*,const QEvent far*)
 027C:0039 idle  Mine1::initial(Mine1 far*,const QEvent far*)
 027C:0537 idle  Mine1::planted(Mine1 far*,const QEvent far*)
 027C:0453 idle  Mine1::unused(Mine1 far*,const QEvent far*)
 027C:04A7 idle  Mine1::used(Mine1 far*,const QEvent far*)
 027C:0006       Mine1_getInst(unsigned char)
 094B:045F       Mine2::
 0318:083E       Mine2::Mine2()
 0318:089A       Mine2::~Mine2()
 0318:0716 idle  Mine2::exploding(Mine2 far*,const QEvent far*)
 0318:0038 idle  Mine2::initial(Mine2 far*,const QEvent far*)
 0318:0536 idle  Mine2::planted(Mine2 far*,const QEvent far*)
 0318:0452 idle  Mine2::unused(Mine2 far*,const QEvent far*)
 0318:04A6 idle  Mine2::used(Mine2 far*,const QEvent far*)
 0318:0005       Mine2_getInst(unsigned char)
 027C:083F       MineEvt::MineEvt(unsigned char,unsigned char)
 094B:0503       Missile::
 03A5:0491       Missile::Missile()
 03A5:0547       Missile::~Missile()
 03A5:0247 idle  Missile::armed(Missile far*,const QEvent far*)
 03A5:038F idle  Missile::exploding(Missile far*,const QEvent far*)
 03A5:029B idle  Missile::flying(Missile far*,const QEvent far*)
 03A5:0000 idle  Missile::initial(Missile far*,const QEvent far*)
 094B:0507       QActive::
 03A5:04ED       QActive::QActive(unsigned char(far*)(void far*,const QEvent far*))
 03A5:0587       QActive::~QActive()
 0710:000A       QActive::get_()
 06F3:000F       QActive::postFIFO(const QEvent far*)
 084E:00B2       QActive::start(unsigned char,const QEvent far*far*,unsigned long,void far*,unsigned long,const QEvent far*)
 084E:012A idle  QActive::stop()
 073A:000E       QActive::subscribe(unsigned char) const
 0620:000B idle  QEP::getVersion()
 074B:0006       QEQueue::init(const QEvent far*far*,unsigned char)
 094B:15C2       QF::active_
 0756:0013       QF::add_(QActive far*)
 0773:0002       QF::gc(const QEvent far*)
 07D4:00F0 idle  QF::getPoolMargin(unsigned char)
 084E:000A idle  QF::getPortVersion()
 0710:01E1 idle  QF::getQueueMargin(unsigned char)
 0756:0007 idle  QF::getVersion()
 084E:0016       QF::init()
 0784:0000       QF::new_(unsigned int,unsigned char)
 01B6:04E6       QF::onCleanup()
 01B6:0561       QF::onIdle()
 01B6:0437       QF::onStartup()
 0793:0008       QF::poolInit(void far*,unsigned long,unsigned int)
 079B:000B       QF::psInit(QSubscrList far*,unsigned char)
 079D:0003       QF::publish(const QEvent far*)
 0756:00F0       QF::remove_(const QActive far*)
 084E:0025       QF::run()
 084E:001B       QF::stop()
 07B2:0008       QF::tick()
 094B:033F       QHsm::
 027C:0975       QHsm::QHsm(unsigned char(far*)(void far*,const QEvent far*))
 0621:0007       QHsm::~QHsm()
 064D:0006       QHsm::dispatch(const QEvent far*)
 0621:0033       QHsm::init(const QEvent far*)
 06F3:0006       QHsm::top(QHsm far*,const QEvent far*)
 07D4:0005       QMPool::get()
 0784:00EA       QMPool::getBlockSize() const
 07E8:0000       QMPool::init(void far*,unsigned long,unsigned int)
 0808:0009       QMPool::put(void far*)
 084E:0153       QPSet64::findMax() volatile
 06F3:0180       QPSet64::insert(unsigned char) volatile
 0710:024D       QPSet64::remove(unsigned char) volatile
 06F3:01C4       QPSet8::insert(unsigned char) volatile
 084E:013C       QPSet8::notEmpty() volatile
 0710:0298       QPSet8::remove(unsigned char) volatile
 094B:16E8       QS::aoObj_
 094B:16F8       QS::apObj_
 0867:00D8       QS::begin(unsigned char)
 0867:01F9       QS::end()
 094B:16F0       QS::eqObj_
 0867:0084       QS::filterOff(unsigned char)
 0867:0032       QS::filterOn(unsigned char)
 093A:0005       QS::getBlock(unsigned int far*)
 0941:0008       QS::getByte()
 0867:000E idle  QS::getVersion()
 094B:16C4       QS::glbFilter_
 0867:001A       QS::initBuf(unsigned char far*,unsigned long)
 094B:16EC       QS::mpObj_
 01B6:085D idle  QS::onCleanup()
 01B6:08DC       QS::onFlush()
 01B6:0862       QS::onGetTime()
 01B6:0716 idle  QS::onStartup(const void far*)
 094B:16E4       QS::smObj_
 08EC:040E idle  QS::str_(const char far*)
 08EC:047E       QS::str_ROM_(const char far*)
 094B:16F4       QS::teObj_
 094B:16FC       QS::tickCtr_
 0867:03D4 idle  QS::u16(unsigned char,unsigned int)
 08EC:0098       QS::u16_(unsigned int)
 0867:0571 idle  QS::u32(unsigned char,unsigned long)
 08EC:01AC       QS::u32_(unsigned long)
 0867:02C1 idle  QS::u8(unsigned char,unsigned char)
 08EC:000C       QS::u8_(unsigned char)
 0818:0004       QTimeEvt::QTimeEvt(unsigned char)
 0822:0004       QTimeEvt::arm_(QActive far*,unsigned int)
 0834:000A       QTimeEvt::disarm()
 0475:1777       QTimeEvt::postEvery(QActive far*,unsigned int)
 0475:179D       QTimeEvt::postIn(QActive far*,unsigned int)
 027C:0891       ScoreEvt::ScoreEvt(unsigned char,unsigned int)
 0000:1241 idle  set_new_handler(void(far*)())
 094B:05CB       Ship::
 0400:06A7       Ship::Ship()
 0400:0713       Ship::~Ship()
 0400:0337 idle  Ship::active(Ship far*,const QEvent far*)
 0400:0582 idle  Ship::exploding(Ship far*,const QEvent far*)
 0400:03CC idle  Ship::flying(Ship far*,const QEvent far*)
 0400:000D idle  Ship::initial(Ship far*,const QEvent far*)
 0400:0394 idle  Ship::parked(Ship far*,const QEvent far*)
 094B:0886       Tunnel::
 0475:0003 idle  Tunnel::Tunnel()
 0475:17C2       Tunnel::~Tunnel()
 0475:076F idle  Tunnel::active(Tunnel far*,const QEvent far*)
 0475:13A5 idle  Tunnel::addImageAt(unsigned char,unsigned char,char)
 0475:0FFF idle  Tunnel::advance()
 0475:0811 idle  Tunnel::demo(Tunnel far*,const QEvent far*)
 0475:134D idle  Tunnel::dispatchToAllMines(const QEvent far*)
 0475:0719 idle  Tunnel::final(Tunnel far*,const QEvent far*)
 0475:0975 idle  Tunnel::game_over(Tunnel far*,const QEvent far*)
 0475:0113 idle  Tunnel::initial(Tunnel far*,const QEvent far*)
 0475:1495 idle  Tunnel::isWallHit(unsigned char,unsigned char,unsigned char)
 0475:11A5 idle  Tunnel::plantMine()
 0475:0A87 idle  Tunnel::playing(Tunnel far*,const QEvent far*)
 0475:0D62 idle  Tunnel::screen_saver(Tunnel far*,const QEvent far*)
 0475:0EC1 idle  Tunnel::screen_saver_1_pixel(Tunnel far*,const QEvent far*)
 0475:0DB1 idle  Tunnel::screen_saver_n_pixels(Tunnel far*,const QEvent far*)
 05F5:0024       Video::clearRect(unsigned char,unsigned char,unsigned char,unsigned char,unsigned char)
 05F5:0002       Video::clearScreen(unsigned char)
 05F5:0183       Video::drawBitmapAt(unsigned char,unsigned char,const unsigned char far*,unsigned char,unsigned char)
 05F5:027A       Video::drawStringAt(unsigned char,unsigned char,const char far*)
 05F5:00D2       Video::printNumAt(unsigned char,unsigned char,unsigned char,unsigned long)
 05F5:007B       Video::printStrAt(unsigned char,unsigned char,unsigned char,const char far*)
 094B:0000 idle  DATASEG@
 0000:0206 idle  DGROUP@
 0000:18D6       F_LDIV@
 0000:18E5 idle  F_LMOD@
 0000:18DD       F_LUDIV@
 0000:18ED       F_LUMOD@
 0000:1984       F_LXLSH@
 0000:18BC       F_LXMUL@
 0000:19A5       F_LXURSH@
 0000:19C6 idle  F_PADD@
 0000:19F5 idle  F_PSUB@
 0000:18D6 idle  LDIV@
 0000:18E5 idle  LMOD@
 0000:18DD idle  LUDIV@
 0000:18ED idle  LUMOD@
 0000:1984 idle  LXLSH@
 0000:18BC idle  LXMUL@
 0000:19A5 idle  LXURSH@
 0000:18D3 idle  N_LDIV@
 0000:18E2 idle  N_LMOD@
 0000:18DA idle  N_LUDIV@
 0000:18EA idle  N_LUMOD@
 0000:1981 idle  N_LXLSH@
 0000:19A2 idle  N_LXURSH@
 0000:19C3       N_PADD@
 0000:1A23       N_PCMP@
 0000:19F2 idle  N_PSUB@
 0000:19C6 idle  PADD@
 0000:19F5 idle  PSUB@
 0000:01F0       _abort
 094B:047C       _AO_Missile
 094B:0526       _AO_Ship
 094B:0656       _AO_Tunnel
 0000:020A idle  _atexit
 0000:0237       _clrscr
 094B:0F19       _directvideo
 094B:007D       _errno
 0000:0261       _exit
 0000:15FE idle  _farfree
 0000:16EE idle  _farmalloc
 0000:184E idle  _farrealloc
 0000:03B2       _fflush
 0000:0482       _flushall
 0000:15FE       _free
 0000:0549       _fseek
 0000:05C9 idle  _ftell
 0000:0619       _gettext
 0000:0F8C       _getvect
 0000:0FAC       _inport
 0000:0FB5 idle  _inportb
 0000:0FFD       _isatty
 0000:100E       _lseek
 094B:0F8E idle  _l_tickTime
 0247:0004       _main
 0000:16E4       _malloc
 0000:1037       _memcpy
 0000:10F0       _memmove
 0000:107F       _memset
 0000:06A4       _movetext
 0000:109E idle  _movmem
 0000:1111 idle  _outport
 0000:111D       _outportb
 0000:066A       _puttext
 094B:0A68       _QEP_reservedEvt_
 094B:0C9A       _QF_div8Lkup
 094B:0AAB idle  _QF_intLockNest_
 094B:0C59       _QF_invPwr2Lkup
 094B:0ABA       _QF_log2Lkup
 094B:0C06       _QF_maxPool_
 094B:0C0C       _QF_maxSignal_
 094B:0BCA       _QF_pool_
 094B:0C18       _QF_pwr2Lkup
 094B:0D15       _QF_readySet_
 094B:0C08       _QF_subscrList_
 094B:0D08       _QF_timeEvtListHead_
 094B:0D33       _QS_chksum_
 094B:0D2A       _QS_end_
 094B:0D34 idle  _QS_full_
 094B:0D2C       _QS_head_
 094B:0D26       _QS_ring_
 094B:0D32 idle  _QS_seq_
 094B:0D2E       _QS_tail_
 094B:0D30       _QS_used_
 01B6:05B5       _Q_onAssert
 0000:1847 idle  _realloc
 0000:1129       _setblock
 0000:105B idle  _setmem
 0000:0B06       _setvbuf
 0000:0F9B       _setvect
 0000:0C25       _tell
 0000:0C49 idle  _wherex
 0000:0C58 idle  _wherey
 0000:0C6B       _write
 0000:1000 idle  __AHINCR
 0000:000C idle  __AHSHIFT
 094B:0F7E idle  __argc
 094B:0F80 idle  __argv
 094B:0D3C       __atexitcnt
 094B:1700       __atexittbl
 0000:0306       __brk
 094B:0087       __brklvl
 094B:0069       __C0argc
 094B:006B       __C0argv
 0000:0E91 idle  __c0crtinit
 094B:006F idle  __C0environ
 0000:0EB1 idle  __crtinit
 094B:0F22 idle  __doserrno
 094B:0F24 idle  __dosErrorToSV
 094B:0073       __envLng
 094B:0075       __envseg
 094B:0077 idle  __envSize
 0000:011A       __exit
 094B:0D3E       __exitbuf
 0000:00FA       __exitclean
 094B:0D42       __exitfopen
 094B:0D46       __exitopen
 094B:0083       __heapbase
 094B:008B       __heaptop
 094B:0059 idle  __Int0Vector
 094B:005D idle  __Int4Vector
 094B:0061 idle  __Int5Vector
 094B:0065 idle  __Int6Vector
 0000:0FC0       __IOERROR
 0000:0208 idle  __MMODEL
 094B:1780 idle  __new_handler
 094B:0EDC       __openfd
 094B:007B       __osmajor
 094B:007C idle  __osminor
 094B:0079       __psp
 094B:0F8E idle  __RealCvtVector
 0000:0178 idle  __restorezero
 0000:0345       __sbrk
 094B:0F8E idle  __ScanTodVector
 0000:087E       __SCREENIO
 0000:0921       __SCROLL
 0000:0000  Abs  __setargv__
 0000:0A8D       __setupio
 094B:007F idle  __StartTime
 094B:0F08       __stklen
 094B:0D4C       __streams
 0000:0000 idle  __turboCrt
 0000:08BB       __VALIDATEXY
 0000:12AD       __vector_delete_
 0000:13C8       __vector_new_
 094B:007B idle  __version
 094B:0F0A       __video
 0000:0E0D       __VideoInt
 0000:1145       __VPTR
 0000:116B       __VRAM
 0000:0C3F       __wherexy
 0000:11E4       __write
 0000:0D98       __xfflush
 0000:14C0 idle  ___first
 0000:14C2 idle  ___last
 0000:14C4 idle  ___rover

  Address         Publics by Value

 0000:0000  Abs  __setargv__
 0000:0000 idle  __turboCrt
 0000:000C idle  __AHSHIFT
 0000:1000 idle  __AHINCR
 0000:00FA       __exitclean
 0000:011A       __exit
 0000:0178 idle  __restorezero
 0000:01F0       _abort
 0000:0206 idle  DGROUP@
 0000:0208 idle  __MMODEL
 0000:020A idle  _atexit
 0000:0237       _clrscr
 0000:0261       _exit
 0000:0306       __brk
 0000:0345       __sbrk
 0000:03B2       _fflush
 0000:0482       _flushall
 0000:0549       _fseek
 0000:05C9 idle  _ftell
 0000:0619       _gettext
 0000:066A       _puttext
 0000:06A4       _movetext
 0000:087E       __SCREENIO
 0000:08BB       __VALIDATEXY
 0000:0921       __SCROLL
 0000:0A8D       __setupio
 0000:0B06       _setvbuf
 0000:0C25       _tell
 0000:0C3F       __wherexy
 0000:0C49 idle  _wherex
 0000:0C58 idle  _wherey
 0000:0C6B       _write
 0000:0D98       __xfflush
 0000:0E0D       __VideoInt
 0000:0E91 idle  __c0crtinit
 0000:0EB1 idle  __crtinit
 0000:0F8C       _getvect
 0000:0F9B       _setvect
 0000:0FAC       _inport
 0000:0FB5 idle  _inportb
 0000:0FC0       __IOERROR
 0000:0FFD       _isatty
 0000:100E       _lseek
 0000:1037       _memcpy
 0000:105B idle  _setmem
 0000:107F       _memset
 0000:109E idle  _movmem
 0000:10F0       _memmove
 0000:1111 idle  _outport
 0000:111D       _outportb
 0000:1129       _setblock
 0000:1145       __VPTR
 0000:116B       __VRAM
 0000:11E4       __write
 0000:122F       operator delete(void far*)
 0000:1241 idle  set_new_handler(void(far*)())
 0000:126B       operator new(unsigned int)
 0000:12AD       __vector_delete_
 0000:13C8       __vector_new_
 0000:14C0 idle  ___first
 0000:14C2 idle  ___last
 0000:14C4 idle  ___rover
 0000:15FE       _free
 0000:15FE idle  _farfree
 0000:16E4       _malloc
 0000:16EE idle  _farmalloc
 0000:1847 idle  _realloc
 0000:184E idle  _farrealloc
 0000:18BC       F_LXMUL@
 0000:18BC idle  LXMUL@
 0000:18D3 idle  N_LDIV@
 0000:18D6       F_LDIV@
 0000:18D6 idle  LDIV@
 0000:18DA idle  N_LUDIV@
 0000:18DD       F_LUDIV@
 0000:18DD idle  LUDIV@
 0000:18E2 idle  N_LMOD@
 0000:18E5 idle  F_LMOD@
 0000:18E5 idle  LMOD@
 0000:18EA idle  N_LUMOD@
 0000:18ED       F_LUMOD@
 0000:18ED idle  LUMOD@
 0000:1981 idle  N_LXLSH@
 0000:1984       F_LXLSH@
 0000:1984 idle  LXLSH@
 0000:19A2 idle  N_LXURSH@
 0000:19A5       F_LXURSH@
 0000:19A5 idle  LXURSH@
 0000:19C3       N_PADD@
 0000:19C6 idle  F_PADD@
 0000:19C6 idle  PADD@
 0000:19F2 idle  N_PSUB@
 0000:19F5 idle  F_PSUB@
 0000:19F5 idle  PSUB@
 0000:1A23       N_PCMP@
 01B6:019D       BSP_init(int,char far*far*)
 01B6:03B7       BSP_drawBitmap(const unsigned char far*,unsigned char,unsigned char)
 01B6:03D8       BSP_drawNString(unsigned char,unsigned char,const char far*)
 01B6:03FE       BSP_updateScore(unsigned int)
 01B6:0437       QF::onStartup()
 01B6:04E6       QF::onCleanup()
 01B6:0561       QF::onIdle()
 01B6:05B5       _Q_onAssert
 01B6:0716 idle  QS::onStartup(const void far*)
 01B6:085D idle  QS::onCleanup()
 01B6:0862       QS::onGetTime()
 01B6:08DC       QS::onFlush()
 0247:0004       _main
 027C:0006       Mine1_getInst(unsigned char)
 027C:0039 idle  Mine1::initial(Mine1 far*,const QEvent far*)
 027C:0453 idle  Mine1::unused(Mine1 far*,const QEvent far*)
 027C:04A7 idle  Mine1::used(Mine1 far*,const QEvent far*)
 027C:0537 idle  Mine1::planted(Mine1 far*,const QEvent far*)
 027C:0717 idle  Mine1::exploding(Mine1 far*,const QEvent far*)
 027C:083F       MineEvt::MineEvt(unsigned char,unsigned char)
 027C:0891       ScoreEvt::ScoreEvt(unsigned char,unsigned int)
 027C:08E3       Mine1::Mine1()
 027C:093F       Mine1::~Mine1()
 027C:0975       QHsm::QHsm(unsigned char(far*)(void far*,const QEvent far*))
 0318:0005       Mine2_getInst(unsigned char)
 0318:0038 idle  Mine2::initial(Mine2 far*,const QEvent far*)
 0318:0452 idle  Mine2::unused(Mine2 far*,const QEvent far*)
 0318:04A6 idle  Mine2::used(Mine2 far*,const QEvent far*)
 0318:0536 idle  Mine2::planted(Mine2 far*,const QEvent far*)
 0318:0716 idle  Mine2::exploding(Mine2 far*,const QEvent far*)
 0318:083E       Mine2::Mine2()
 0318:089A       Mine2::~Mine2()
 03A5:0000 idle  Missile::initial(Missile far*,const QEvent far*)
 03A5:0247 idle  Missile::armed(Missile far*,const QEvent far*)
 03A5:029B idle  Missile::flying(Missile far*,const QEvent far*)
 03A5:038F idle  Missile::exploding(Missile far*,const QEvent far*)
 03A5:0491       Missile::Missile()
 03A5:04ED       QActive::QActive(unsigned char(far*)(void far*,const QEvent far*))
 03A5:0547       Missile::~Missile()
 03A5:0587       QActive::~QActive()
 0400:000D idle  Ship::initial(Ship far*,const QEvent far*)
 0400:0337 idle  Ship::active(Ship far*,const QEvent far*)
 0400:0394 idle  Ship::parked(Ship far*,const QEvent far*)
 0400:03CC idle  Ship::flying(Ship far*,const QEvent far*)
 0400:0582 idle  Ship::exploding(Ship far*,const QEvent far*)
 0400:06A7       Ship::Ship()
 0400:0713       Ship::~Ship()
 0475:0003 idle  Tunnel::Tunnel()
 0475:0113 idle  Tunnel::initial(Tunnel far*,const QEvent far*)
 0475:0719 idle  Tunnel::final(Tunnel far*,const QEvent far*)
 0475:076F idle  Tunnel::active(Tunnel far*,const QEvent far*)
 0475:0811 idle  Tunnel::demo(Tunnel far*,const QEvent far*)
 0475:0975 idle  Tunnel::game_over(Tunnel far*,const QEvent far*)
 0475:0A87 idle  Tunnel::playing(Tunnel far*,const QEvent far*)
 0475:0D62 idle  Tunnel::screen_saver(Tunnel far*,const QEvent far*)
 0475:0DB1 idle  Tunnel::screen_saver_n_pixels(Tunnel far*,const QEvent far*)
 0475:0EC1 idle  Tunnel::screen_saver_1_pixel(Tunnel far*,const QEvent far*)
 0475:0FFF idle  Tunnel::advance()
 0475:11A5 idle  Tunnel::plantMine()
 0475:134D idle  Tunnel::dispatchToAllMines(const QEvent far*)
 0475:13A5 idle  Tunnel::addImageAt(unsigned char,unsigned char,char)
 0475:1495 idle  Tunnel::isWallHit(unsigned char,unsigned char,unsigned char)
 0475:156B       do_bitmaps_overlap(unsigned char,unsigned char,unsigned char,unsigned char,unsigned char,unsigned char)
 0475:1777       QTimeEvt::postEvery(QActive far*,unsigned int)
 0475:179D       QTimeEvt::postIn(QActive far*,unsigned int)
 0475:17C2       Tunnel::~Tunnel()
 05F5:0002       Video::clearScreen(unsigned char)
 05F5:0024       Video::clearRect(unsigned char,unsigned char,unsigned char,unsigned char,unsigned char)
 05F5:007B       Video::printStrAt(unsigned char,unsigned char,unsigned char,const char far*)
 05F5:00D2       Video::printNumAt(unsigned char,unsigned char,unsigned char,unsigned long)
 05F5:0183       Video::drawBitmapAt(unsigned char,unsigned char,const unsigned char far*,unsigned char,unsigned char)
 05F5:027A       Video::drawStringAt(unsigned char,unsigned char,const char far*)
 0620:000B idle  QEP::getVersion()
 0621:0007       QHsm::~QHsm()
 0621:0033       QHsm::init(const QEvent far*)
 064D:0006       QHsm::dispatch(const QEvent far*)
 06F3:0006       QHsm::top(QHsm far*,const QEvent far*)
 06F3:000F       QActive::postFIFO(const QEvent far*)
 06F3:0180       QPSet64::insert(unsigned char) volatile
 06F3:01C4       QPSet8::insert(unsigned char) volatile
 0710:000A       QActive::get_()
 0710:01E1 idle  QF::getQueueMargin(unsigned char)
 0710:024D       QPSet64::remove(unsigned char) volatile
 0710:0298       QPSet8::remove(unsigned char) volatile
 073A:000E       QActive::subscribe(unsigned char) const
 074B:0006       QEQueue::init(const QEvent far*far*,unsigned char)
 0756:0007 idle  QF::getVersion()
 0756:0013       QF::add_(QActive far*)
 0756:00F0       QF::remove_(const QActive far*)
 0773:0002       QF::gc(const QEvent far*)
 0784:0000       QF::new_(unsigned int,unsigned char)
 0784:00EA       QMPool::getBlockSize() const
 0793:0008       QF::poolInit(void far*,unsigned long,unsigned int)
 079B:000B       QF::psInit(QSubscrList far*,unsigned char)
 079D:0003       QF::publish(const QEvent far*)
 07B2:0008       QF::tick()
 07D4:0005       QMPool::get()
 07D4:00F0 idle  QF::getPoolMargin(unsigned char)
 07E8:0000       QMPool::init(void far*,unsigned long,unsigned int)
 0808:0009       QMPool::put(void far*)
 0818:0004       QTimeEvt::QTimeEvt(unsigned char)
 0822:0004       QTimeEvt::arm_(QActive far*,unsigned int)
 0834:000A       QTimeEvt::disarm()
 084E:000A idle  QF::getPortVersion()
 084E:0016       QF::init()
 084E:001B       QF::stop()
 084E:0025       QF::run()
 084E:00B2       QActive::start(unsigned char,const QEvent far*far*,unsigned long,void far*,unsigned long,const QEvent far*)
 084E:012A idle  QActive::stop()
 084E:013C       QPSet8::notEmpty() volatile
 084E:0153       QPSet64::findMax() volatile
 0867:000E idle  QS::getVersion()
 0867:001A       QS::initBuf(unsigned char far*,unsigned long)
 0867:0032       QS::filterOn(unsigned char)
 0867:0084       QS::filterOff(unsigned char)
 0867:00D8       QS::begin(unsigned char)
 0867:01F9       QS::end()
 0867:02C1 idle  QS::u8(unsigned char,unsigned char)
 0867:03D4 idle  QS::u16(unsigned char,unsigned int)
 0867:0571 idle  QS::u32(unsigned char,unsigned long)
 08EC:000C       QS::u8_(unsigned char)
 08EC:0098       QS::u16_(unsigned int)
 08EC:01AC       QS::u32_(unsigned long)
 08EC:040E idle  QS::str_(const char far*)
 08EC:047E       QS::str_ROM_(const char far*)
 093A:0005       QS::getBlock(unsigned int far*)
 0941:0008       QS::getByte()
 094B:0000 idle  DATASEG@
 094B:0059 idle  __Int0Vector
 094B:005D idle  __Int4Vector
 094B:0061 idle  __Int5Vector
 094B:0065 idle  __Int6Vector
 094B:0069       __C0argc
 094B:006B       __C0argv
 094B:006F idle  __C0environ
 094B:0073       __envLng
 094B:0075       __envseg
 094B:0077 idle  __envSize
 094B:0079       __psp
 094B:007B       __osmajor
 094B:007B idle  __version
 094B:007C idle  __osminor
 094B:007D       _errno
 094B:007F idle  __StartTime
 094B:0083       __heapbase
 094B:0087       __brklvl
 094B:008B       __heaptop
 094B:033B       Mine1::
 094B:033F       QHsm::
 094B:045F       Mine2::
 094B:047C       _AO_Missile
 094B:0503       Missile::
 094B:0507       QActive::
 094B:0526       _AO_Ship
 094B:05CB       Ship::
 094B:0656       _AO_Tunnel
 094B:0886       Tunnel::
 094B:0A68       _QEP_reservedEvt_
 094B:0AAB idle  _QF_intLockNest_
 094B:0ABA       _QF_log2Lkup
 094B:0BCA       _QF_pool_
 094B:0C06       _QF_maxPool_
 094B:0C08       _QF_subscrList_
 094B:0C0C       _QF_maxSignal_
 094B:0C18       _QF_pwr2Lkup
 094B:0C59       _QF_invPwr2Lkup
 094B:0C9A       _QF_div8Lkup
 094B:0D08       _QF_timeEvtListHead_
 094B:0D15       _QF_readySet_
 094B:0D26       _QS_ring_
 094B:0D2A       _QS_end_
 094B:0D2C       _QS_head_
 094B:0D2E       _QS_tail_
 094B:0D30       _QS_used_
 094B:0D32 idle  _QS_seq_
 094B:0D33       _QS_chksum_
 094B:0D34 idle  _QS_full_
 094B:0D3C       __atexitcnt
 094B:0D3E       __exitbuf
 094B:0D42       __exitfopen
 094B:0D46       __exitopen
 094B:0D4C       __streams
 094B:0EDC       __openfd
 094B:0F08       __stklen
 094B:0F0A       __video
 094B:0F19       _directvideo
 094B:0F22 idle  __doserrno
 094B:0F24 idle  __dosErrorToSV
 094B:0F7E idle  __argc
 094B:0F80 idle  __argv
 094B:0F8E idle  __ScanTodVector
 094B:0F8E idle  __RealCvtVector
 094B:0F8E idle  _l_tickTime
 094B:15C2       QF::active_
 094B:16C4       QS::glbFilter_
 094B:16E4       QS::smObj_
 094B:16E8       QS::aoObj_
 094B:16EC       QS::mpObj_
 094B:16F0       QS::eqObj_
 094B:16F4       QS::teObj_
 094B:16F8       QS::apObj_
 094B:16FC       QS::tickCtr_
 094B:1700       __atexittbl
 094B:1780 idle  __new_handler

Program entry point at 0000:0000

