###############################################################################
#                                                                             #
# IAR ELF Linker V5.40.2.51604/W32 for ARM              10/Oct/2009  23:12:34 #
# Copyright (C) 2007-2009 IAR Systems AB.                                     #
#                                                                             #
#    Output file  =  C:\software\qpcpp\examples\cortex-m3\vanilla\iar\dpp-ev- #
#                    lm3s811\spy\dpp.out                                      #
#    Map file     =  C:\software\qpcpp\examples\cortex-m3\vanilla\iar\dpp-ev- #
#                    lm3s811\spy\dpp.map                                      #
#    Command line =  C:\software\qpcpp\examples\cortex-m3\vanilla\iar\dpp-ev- #
#                    lm3s811\spy\bsp.o C:\software\qpcpp\examples\cortex-m3\v #
#                    anilla\iar\dpp-ev-lm3s811\spy\main.o                     #
#                    C:\software\qpcpp\examples\cortex-m3\vanilla\iar\dpp-ev- #
#                    lm3s811\spy\osram96x16x1.o C:\software\qpcpp\examples\co #
#                    rtex-m3\vanilla\iar\dpp-ev-lm3s811\spy\philo.o           #
#                    C:\software\qpcpp\examples\cortex-m3\vanilla\iar\dpp-ev- #
#                    lm3s811\spy\startup.o C:\software\qpcpp\examples\cortex- #
#                    m3\vanilla\iar\dpp-ev-lm3s811\spy\table.o                #
#                    C:\software\qpcpp\ports\cortex-m3\vanilla\iar\spy\libqep #
#                    .a C:\software\qpcpp\ports\cortex-m3\vanilla\iar\spy\lib #
#                    qf.a C:\software\qpcpp\ports\cortex-m3\vanilla\iar\spy\l #
#                    ibqs.a C:\tools\IAR\ARM_KS_5.40\arm\examples\TexasInstru #
#                    ments\Stellaris\driverlib\ewarm\Exe\driverlib.a          #
#                    --redirect _Printf=_PrintfTiny --redirect                #
#                    _Scanf=_ScanfSmall -o C:\software\qpcpp\examples\cortex- #
#                    m3\vanilla\iar\dpp-ev-lm3s811\spy\dpp.out --map          #
#                    C:\software\qpcpp\examples\cortex-m3\vanilla\iar\dpp-ev- #
#                    lm3s811\spy\dpp.map --config                             #
#                    C:\software\qpcpp\examples\cortex-m3\vanilla\iar\dpp-ev- #
#                    lm3s811\lm3s811.icf --semihosting --entry                #
#                    __iar_program_start                                      #
#                                                                             #
#                                                                             #
###############################################################################

*******************************************************************************
*** PLACEMENT SUMMARY
***

"A1":  place at start of [0x00000000-0x0000ffff] { ro section .intvec };
"P1":  place in [from 0x00000000 to 0x0000ffff] { ro };
"P2":  place in [from 0x20000000 to 0x20001fff] { rw, block HEAP };

  Section             Kind        Address    Size  Object
  -------             ----        -------    ----  ------
"A1":                                        0xb8
  .intvec             const    0x00000000    0xb8  startup.o [1]
                             - 0x000000b8    0xb8

"P1":                                      0x3314
  .text               ro code  0x000000b8   0x43c  philo.o [1]
  .text               ro code  0x000004f4   0x3a8  qhsm_dis.o [5]
  .text               ro code  0x0000089c   0x314  table.o [1]
  .text               ro code  0x00000bb0   0x2ec  sysctl.o [4]
  .text               ro code  0x00000e9c   0x2b4  qs_.o [7]
  .text               ro code  0x00001150   0x258  bsp.o [1]
  .text               ro code  0x000013a8   0x228  osram96x16x1.o [1]
  .text               ro code  0x000015d0   0x1fa  qs.o [7]
  .rodata             const    0x000017cc   0x1dc  osram96x16x1.o [1]
  .text               ro code  0x000019a8   0x1a6  main.o [1]
  .text               ro code  0x00001b50   0x140  qhsm_ini.o [5]
  .rodata             const    0x00001c90   0x110  philo.o [1]
  .rodata             const    0x00001da0   0x100  qf_log2.o [6]
  .text               ro code  0x00001ea0    0xf0  gpio.o [4]
  .text               ro code  0x00001f90    0xf0  qf_tick.o [6]
  .text               ro code  0x00002080    0xc8  qmp_init.o [6]
  .text               ro code  0x00002148    0xc4  qf_pspub.o [6]
  .text               ro code  0x0000220c    0xc0  qa_get_.o [6]
  .text               ro code  0x000022cc    0xac  qa_fifo.o [6]
  .text               ro code  0x00002378    0xa0  qf_gc.o [6]
  .text               ro code  0x00002418    0x9c  qa_sub.o [6]
  .text               ro code  0x000024b4    0x98  qs_str.o [7]
  .text               ro code  0x0000254c    0x94  qvanilla.o [6]
  .text               ro code  0x000025e0    0x8c  uart.o [4]
  .text               ro code  0x0000266c    0x8c  qf_new.o [6]
  .text               ro code  0x000026f8    0x8c  xsyslock.o [3]
  .text               ro code  0x00002784    0x88  xxmemxfree.o [3]
  .rodata             const    0x0000280c    0x84  main.o [1]
  .text               ro code  0x00002890    0x84  qte_arm.o [6]
  .text               ro code  0x00002914    0x84  cppinit.o [3]
  .rodata             const    0x00002998    0x74  osram96x16x1.o [1]
  .text               ro code  0x00002a0c    0x74  qmp_put.o [6]
  .rodata             const    0x00002a80    0x70  table.o [1]
  .text               ro code  0x00002af0    0x70  qf_act.o [6]
  .rodata             const    0x00002b60    0x68  table.o [1]
  .text               ro code  0x00002bc8    0x68  qmp_get.o [6]
  .text               ro code  0x00002c30    0x60  qs_blk.o [7]
  .text               ro code  0x00002c90    0x5e  i2c.o [4]
  .rodata             const    0x00002cf0    0x5c  sysctl.o [4]
  .text               ro code  0x00002d4c    0x5c  qf_pool.o [6]
  .rodata             const    0x00002da8    0x4c  philo.o [1]
  .text               ro code  0x00002df4    0x4c  qeq_init.o [6]
  .rodata             const    0x00002e40    0x48  interrupt.o [4]
  .rodata             const    0x00002e88    0x44  qf_pwr2.o [6]
  .rodata             const    0x00002ecc    0x44  qf_pwr2.o [6]
  .rodata             const    0x00002f10    0x44  qf_pwr2.o [6]
  .text               ro code  0x00002f54    0x38  ABImemset48.o [8]
  .text               ro code  0x00002f8c    0x30  qte_ctor.o [6]
  .text               ro code  0x00002fbc    0x30  MtxWrapper.o [3]
  .text               ro code  0x00002fec    0x2c  qa_fifo.o [6]
  .text               ro code  0x00003018    0x2c  qa_get_.o [6]
  .text               ro code  0x00003044    0x28  interrupt.o [4]
  .text               ro code  0x0000306c    0x28  systick.o [4]
  .text               ro code  0x00003094    0x28  qvanilla.o [6]
  .text               ro code  0x000030bc    0x28  cmain.o [8]
  .text               ro code  0x000030e4    0x24  targetabi.o [3]
  .text               ro code  0x00003108    0x24  copy_init2.o [8]
  .iar.init_table     const    0x0000312c    0x24  - Linker created -
  .rodata             const    0x00003150    0x20  bsp.o [1]
  .text               ro code  0x00003170    0x20  data_init2.o [8]
  .text               ro code  0x00003190    0x20  targetabi.o [3]
  .text               ro code  0x000031b0    0x1e  philo.o [1]
  .text               ro code  0x000031ce    0x1e  table.o [1]
  .text               ro code  0x000031ec    0x1c  iarwstd.o [9]
  .text               ro code  0x00003208    0x1a  zero_init2.o [8]
  .rodata             const    0x00003224    0x14  philo.o [1]
  .text               ro code  0x00003238    0x14  exit.o [9]
  .text               ro code  0x0000324c    0x12  philo.o [1]
  .rodata             const    0x00003260    0x10  osram96x16x1.o [1]
  .rodata             const    0x00003270    0x10  philo.o [1]
  .rodata             const    0x00003280    0x10  philo.o [1]
  .rodata             const    0x00003290    0x10  table.o [1]
  .rodata             const    0x000032a0    0x10  qhsm_ini.o [5]
  .text               ro code  0x000032b0     0xe  cexit.o [8]
  .text               ro code  0x000032be     0xe  philo.o [1]
  .rodata             const    0x000032cc     0xc  sysctl.o [4]
  .rodata             const    0x000032d8     0xc  qvanilla.o [6]
  .rodata             const    0x000032e4     0xc  qf_pspub.o [6]
  .rodata             const    0x000032f0     0xc  qhsm_ini.o [5]
  .rodata             const    0x000032fc     0xc  qte_ctor.o [6]
  .rodata             const    0x00003308     0xc  qhsm_dis.o [5]
  .rodata             const    0x00003314     0xc  qmp_init.o [6]
  .text               ro code  0x00003320     0xc  qf_psini.o [6]
  .text               ro code  0x0000332c     0xa  delop_0.o [3]
  .text               ro code  0x00003336     0xa  targetabi.o [3]
  .rodata             const    0x00003340     0x8  qf_pool.o [6]
  .rodata             const    0x00003348     0x8  qf_new.o [6]
  .rodata             const    0x00003350     0x8  qa_fifo.o [6]
  .rodata             const    0x00003358     0x8  qte_arm.o [6]
  .rodata             const    0x00003360     0x8  qa_sub.o [6]
  .rodata             const    0x00003368     0x8  qf_gc.o [6]
  .rodata             const    0x00003370     0x8  qf_act.o [6]
  .rodata             const    0x00003378     0x8  qa_get_.o [6]
  .rodata             const    0x00003380     0x8  qep.o [5]
  .rodata             const    0x00003388     0x8  qmp_put.o [6]
  SHT$$PREINIT_ARRAY           0x00003390     0x0  <Block>
  SHT$$INIT_ARRAY              0x00003390     0x8  <Block>
    .difunct          const    0x00003390     0x4  philo.o [1]
    .difunct          const    0x00003394     0x4  table.o [1]
  .text               ro code  0x00003398     0x6  ABImemclr4.o [8]
  .text               ro code  0x0000339e     0x6  philo.o [1]
  .text               ro code  0x000033a4     0x6  philo.o [1]
  .text               ro code  0x000033aa     0x6  table.o [1]
  .text               ro code  0x000033b0     0x6  table.o [1]
  .text               ro code  0x000033b6     0x6  exit.o [3]
  .rodata             const    0x000033bc     0x4  table.o [1]
  .text               ro code  0x000033c0     0x4  qhsm_top.o [5]
  .text               ro code  0x000033c4     0x4  low_level_init.o [3]
  Initializer bytes   ro data  0x000033c8     0x4  <for P2 s0>
                             - 0x000033cc  0x3314

"P2", part 1 of 3:                          0x328
  .iar.dynexit                 0x20000000   0x198  <Block>
    .iar.dynexit      uninit   0x20000000     0xc  cppinit.o [3]
    .iar.dynexit      uninit   0x2000000c   0x18c  <Block tail>
  .noinit             uninit   0x20000198   0x190  startup.o [1]
                             - 0x20000328   0x328

"P2", part 2 of 3:                          0x9d8
  .bss                zero     0x20000328   0x608  bsp.o [1]
  .bss                zero     0x20000930   0x100  qf_act.o [6]
  .bss                zero     0x20000a30    0xf4  philo.o [1]
  .bss                zero     0x20000b24    0xd8  main.o [1]
  .bss                zero     0x20000bfc    0x40  qf_pool.o [6]
  .bss                zero     0x20000c3c    0x24  table.o [1]
  .bss                zero     0x20000c60    0x20  qs.o [7]
  .bss                zero     0x20000c80    0x14  xsyslock.o [3]
  .bss                zero     0x20000c94    0x10  qs.o [7]
  .bss                zero     0x20000ca4     0xc  qvanilla.o [6]
  .bss                zero     0x20000cb0     0x8  qf_psini.o [6]
  .bss                zero     0x20000cb8     0x8  xxmemxmalloc.o [3]
  .bss                zero     0x20000cc0     0x4  osram96x16x1.o [1]
  .bss                zero     0x20000cc4     0x4  qs_.o [7]
  .bss                zero     0x20000cc8     0x4  qs_.o [7]
  .bss                zero     0x20000ccc     0x4  qs_.o [7]
  .bss                zero     0x20000cd0     0x4  qs_.o [7]
  .bss                zero     0x20000cd4     0x4  qs_.o [7]
  .bss                zero     0x20000cd8     0x4  qs_.o [7]
  .bss                zero     0x20000cdc     0x4  qs_.o [7]
  .bss                zero     0x20000ce0     0x4  qte_arm.o [6]
  .bss                zero     0x20000ce4     0x4  cppinit.o [3]
  .bss                zero     0x20000ce8     0x4  MtxWrapper.o [3]
  .bss                zero     0x20000cec     0x4  MtxWrapper.o [3]
  .bss                zero     0x20000cf0     0x4  MtxWrapper.o [3]
  .bss                zero     0x20000cf4     0x4  MtxWrapper.o [3]
  .bss                zero     0x20000cf8     0x4  iarwstd.o [9]
  .bss                zero     0x20000cfc     0x1  qf_tick.o [6]
                             - 0x20000cfd   0x9d5

"P2", part 3 of 3:                            0x4
  P2 s0                        0x20000d00     0x4  <Init block>
    .data             inited   0x20000d00     0x4  cppinit.o [3]
                             - 0x20000d04     0x4


*******************************************************************************
*** INIT TABLE
***

          Address     Size
          -------     ----
Zero (__iar_zero_init2)
    1 destination range, total size 0x9d5:
          0x20000328  0x9d5

Copy (__iar_copy_init2)
    1 source range, total size 0x4 (100% of destination):
          0x000033c8    0x4
    1 destination range, total size 0x4:
          0x20000d00    0x4


*******************************************************************************
*** MODULE SUMMARY
***

    Module            ro code  ro data  rw data
    ------            -------  -------  -------
C:\software\qpcpp\examples\cortex-m3\vanilla\iar\dpp-ev-lm3s811\spy: [1]
    bsp.o                 600       32    1 544
    main.o                422      132      216
    osram96x16x1.o        552      608        4
    philo.o             1 158      404      244
    startup.o                      184      400
    table.o               830      240       36
    -------------------------------------------
    Total:              3 562    1 600    2 444

command line: [2]
    -------------------------------------------
    Total:

dl7M_tl_in.a: [3]
    MtxWrapper.o           48                16
    cppinit.o             132        4       20
    delop_0.o              10
    exit.o                  6
    low_level_init.o        4
    targetabi.o            78
    xsyslock.o            140                20
    xxmemxfree.o          136
    xxmemxmalloc.o                            8
    -------------------------------------------
    Total:                554        4       64

driverlib.a: [4]
    gpio.o                240
    i2c.o                  94
    interrupt.o            40       72
    sysctl.o              748      104
    systick.o              40
    uart.o                140
    -------------------------------------------
    Total:              1 302      176

libqep.a: [5]
    qep.o                            8
    qhsm_dis.o            936       12
    qhsm_ini.o            320       28
    qhsm_top.o              4
    -------------------------------------------
    Total:              1 260       48

libqf.a: [6]
    qa_fifo.o             216        8
    qa_get_.o             236        8
    qa_sub.o              156        8
    qeq_init.o             76
    qf_act.o              112        8      256
    qf_gc.o               160        8
    qf_log2.o                      256
    qf_new.o              140        8
    qf_pool.o              92        8       64
    qf_psini.o             12                 8
    qf_pspub.o            196       12
    qf_pwr2.o                      204
    qf_tick.o             240                 1
    qmp_get.o             104
    qmp_init.o            200       12
    qmp_put.o             116        8
    qte_arm.o             132        8        4
    qte_ctor.o             48       12
    qvanilla.o            188       12       12
    -------------------------------------------
    Total:              2 424      580      345

libqs.a: [7]
    qs.o                  506                48
    qs_.o                 692                28
    qs_blk.o               96
    qs_str.o              152
    -------------------------------------------
    Total:              1 446                76

rt7M_tl.a: [8]
    ABImemclr4.o            6
    ABImemset48.o          56
    cexit.o                14
    cmain.o                40
    copy_init2.o           36
    data_init2.o           32
    zero_init2.o           26
    -------------------------------------------
    Total:                210

shb_l.a: [9]
    exit.o                 20
    iarwstd.o              28                 4
    -------------------------------------------
    Total:                 48                 4

    Gaps                    2        8
    Linker created                  36      396
-----------------------------------------------
    Grand Total:       10 808    2 452    3 329


*******************************************************************************
*** ENTRY LIST
***

Entry                      Address   Size  Type      Object
-----                      -------   ----  ----      ------
.iar.dynexit$$Base      0x20000000          --   Gb  - Linker created -
.iar.dynexit$$Limit     0x20000198          --   Gb  - Linker created -
AO_Philo                0x00003224   0x14  Data  Gb  philo.o [1]
AO_Table                0x000033bc    0x4  Data  Gb  table.o [1]
BSP_busyDelay()         0x00001259   0x14  Code  Gb  bsp.o [1]
BSP_displyPhilStat(unsigned char, const char *)
                        0x000011e9   0x70  Code  Gb  bsp.o [1]
BSP_init(int, char **)  0x00001169   0x74  Code  Gb  bsp.o [1]
DtorRecArray            0x20000000    0xc  Data  Lc  cppinit.o [3]
GPIODirModeSet          0x00001ea1   0x28  Code  Gb  gpio.o [4]
GPIOPadConfigSet        0x00001ec9   0x98  Code  Gb  gpio.o [4]
GPIOPinTypeI2C          0x00001f75    0xa  Code  Gb  gpio.o [4]
GPIOPinTypeUART         0x00001f87    0xa  Code  Gb  gpio.o [4]
GPIOPinWrite            0x00001f61    0x6  Code  Gb  gpio.o [4]
I2CMasterControl        0x00002ce7    0x4  Code  Gb  i2c.o [4]
I2CMasterDataPut        0x00002ceb    0x4  Code  Gb  i2c.o [4]
I2CMasterEnable         0x00002cc1    0xc  Code  Gb  i2c.o [4]
I2CMasterInitExpClk     0x00002c91   0x30  Code  Gb  i2c.o [4]
I2CMasterIntStatus      0x00002ccd    0xa  Code  Gb  i2c.o [4]
I2CMasterSlaveAddrSet   0x00002cdf    0x8  Code  Gb  i2c.o [4]
ISR_DefaultHandler      0x00001167    0x2  Code  Gb  bsp.o [1]
ISR_Fault               0x00001165    0x2  Code  Gb  bsp.o [1]
ISR_Nmi                 0x00001163    0x2  Code  Gb  bsp.o [1]
ISR_SysTick             0x00001151   0x12  Code  Gb  bsp.o [1]
IntPrioritySet          0x00003045   0x22  Code  Gb  interrupt.o [4]
OSRAM96x16x1Clear       0x00001465   0x48  Code  Gb  osram96x16x1.o [1]
OSRAM96x16x1Init        0x00001555   0x68  Code  Gb  osram96x16x1.o [1]
OSRAM96x16x1StringDraw  0x000014ad   0x8c  Code  Gb  osram96x16x1.o [1]
OSRAM96x16x1WriteArray  0x000013ef   0x38  Code  Lc  osram96x16x1.o [1]
OSRAM96x16x1WriteByte   0x000013c1   0x1c  Code  Lc  osram96x16x1.o [1]
OSRAM96x16x1WriteFinal  0x00001427   0x34  Code  Lc  osram96x16x1.o [1]
OSRAM96x16x1WriteFirst  0x000013a9   0x18  Code  Lc  osram96x16x1.o [1]
Philo::Philo()          0x000000b9    0x2  Code  Gb  philo.o [1]
Philo::Philo() [internal]
                        0x000000f5   0x30  Code  Gb  philo.o [1]
Philo::eating(Philo*, const QEvent *)
                        0x00000467   0x58  Code  Gb  philo.o [1]
Philo::hungry(Philo*, const QEvent *)
                        0x000003f5   0x50  Code  Gb  philo.o [1]
Philo::initial(Philo*, const QEvent *)
                        0x00000125  0x25c  Code  Gb  philo.o [1]
Philo::thinking(Philo*, const QEvent *)
                        0x0000039b   0x52  Code  Gb  philo.o [1]
Philo::~Philo()         0x000033a5    0x6  Code  Gb  philo.o [1]
Philo::~Philo() [deleting]
                        0x0000339f    0x6  Code  Gb  philo.o [1]
Philo::~Philo() [internal]
                        0x000031b1   0x1e  Code  Gb  philo.o [1]
QActive::get_()         0x0000220d   0xbc  Code  Gb  qa_get_.o [6]
QActive::postFIFO(const QEvent *)
                        0x000022cd   0xac  Code  Gb  qa_fifo.o [6]
QActive::start(unsigned char, const QEvent **, unsigned int, void *, unsigned int, const QEvent *)
                        0x00002599   0x48  Code  Gb  qvanilla.o [6]
QActive::subscribe(unsigned char) const
                        0x00002419   0x9c  Code  Gb  qa_sub.o [6]
QActive::~QActive()     0x000032bf    0xe  Code  Gb  philo.o [1]
QActive::~QActive() [deleting]
                        0x0000324d   0x12  Code  Gb  philo.o [1]
QEP_reservedEvt_        0x00003380    0x8  Data  Gb  qep.o [5]
QEQueue::init(const QEvent **, unsigned char)
                        0x00002df5   0x4c  Code  Gb  qeq_init.o [6]
QF::active_             0x20000930  0x100  Data  Gb  qf_act.o [6]
QF::add_(QActive *)     0x00002af1   0x54  Code  Gb  qf_act.o [6]
QF::gc(const QEvent *)  0x00002379   0xa0  Code  Gb  qf_gc.o [6]
QF::init()              0x0000254d    0x2  Code  Gb  qvanilla.o [6]
QF::new_(unsigned short, unsigned char)
                        0x0000266d   0x8c  Code  Gb  qf_new.o [6]
QF::onCleanup()         0x00001291    0x2  Code  Gb  bsp.o [1]
QF::onIdle()            0x00001293   0x38  Code  Gb  bsp.o [1]
QF::onStartup()         0x0000126d   0x24  Code  Gb  bsp.o [1]
QF::poolInit(void *, unsigned int, unsigned short)
                        0x00002d4d   0x5c  Code  Gb  qf_pool.o [6]
QF::psInit(QSubscrList *, unsigned char)
                        0x00003321    0xc  Code  Gb  qf_psini.o [6]
QF::publish(const QEvent *)
                        0x00002149   0xc4  Code  Gb  qf_pspub.o [6]
QF::run()               0x00002555   0x44  Code  Gb  qvanilla.o [6]
QF::stop()              0x0000254f    0x4  Code  Gb  qvanilla.o [6]
QF::tick()              0x00001f91   0xf0  Code  Gb  qf_tick.o [6]
QF_div8Lkup             0x00002f10   0x44  Data  Gb  qf_pwr2.o [6]
QF_invPwr2Lkup          0x00002ecc   0x44  Data  Gb  qf_pwr2.o [6]
QF_log2Lkup             0x00001da0  0x100  Data  Gb  qf_log2.o [6]
QF_maxPool_             0x20000bfc    0x1  Data  Gb  qf_pool.o [6]
QF_maxSignal_           0x20000cb0    0x1  Data  Gb  qf_psini.o [6]
QF_pool_                0x20000c00   0x3c  Data  Gb  qf_pool.o [6]
QF_pwr2Lkup             0x00002e88   0x44  Data  Gb  qf_pwr2.o [6]
QF_readySet_            0x20000ca4    0xc  Data  Gb  qvanilla.o [6]
QF_subscrList_          0x20000cb4    0x4  Data  Gb  qf_psini.o [6]
QF_timeEvtListHead_     0x20000ce0    0x4  Data  Gb  qte_arm.o [6]
QHsm::dispatch(const QEvent *)
                        0x000004f5  0x364  Code  Gb  qhsm_dis.o [5]
QHsm::init(const QEvent *)
                        0x00001b71  0x120  Code  Gb  qhsm_ini.o [5]
QHsm::top(QHsm*, const QEvent *)
                        0x000033c1    0x4  Code  Gb  qhsm_top.o [5]
QHsm::~QHsm()           0x00001b55    0x2  Code  Gb  qhsm_ini.o [5]
QHsm::~QHsm() [deleting]
                        0x00001b51    0x4  Code  Gb  qhsm_ini.o [5]
QHsm::~QHsm() [internal]
                        0x00001b5b   0x14  Code  Gb  qhsm_ini.o [5]
QHsm::~QHsm() [subobject]
                        0x00001b59         Code  Gb  qhsm_ini.o [5]
QMPool::get()           0x00002bc9   0x68  Code  Gb  qmp_get.o [6]
QMPool::init(void *, unsigned int, unsigned short)
                        0x00002081   0xc8  Code  Gb  qmp_init.o [6]
QMPool::put(void *)     0x00002a0d   0x74  Code  Gb  qmp_put.o [6]
QPSet64::findMax() volatile
                        0x00003095   0x28  Code  Gb  qvanilla.o [6]
QPSet64::insert(unsigned char) volatile
                        0x00002fed   0x2c  Code  Gb  qa_fifo.o [6]
QPSet64::remove(unsigned char) volatile
                        0x00003019   0x2c  Code  Gb  qa_get_.o [6]
QS::aoObj_              0x20000cc8    0x4  Data  Gb  qs_.o [7]
QS::apObj_              0x20000cd8    0x4  Data  Gb  qs_.o [7]
QS::begin(unsigned char)
                        0x00001631   0x7a  Code  Gb  qs.o [7]
QS::end()               0x000016bd   0x5a  Code  Gb  qs.o [7]
QS::eqObj_              0x20000cd0    0x4  Data  Gb  qs_.o [7]
QS::filterOff(unsigned char)
                        0x00001603   0x2a  Code  Gb  qs.o [7]
QS::filterOn(unsigned char)
                        0x000015d9   0x2a  Code  Gb  qs.o [7]
QS::getBlock(unsigned short *)
                        0x00002c31   0x60  Code  Gb  qs_blk.o [7]
QS::glbFilter_          0x20000c60   0x20  Data  Gb  qs.o [7]
QS::initBuf(unsigned char *, unsigned int)
                        0x000015d1    0x8  Code  Gb  qs.o [7]
QS::mpObj_              0x20000ccc    0x4  Data  Gb  qs_.o [7]
QS::onFlush()           0x00001359   0x32  Code  Gb  bsp.o [1]
QS::onGetTime()         0x00001331   0x1c  Code  Gb  bsp.o [1]
QS::onStartup(const void *)
                        0x000012d5   0x58  Code  Gb  bsp.o [1]
QS::smObj_              0x20000cc4    0x4  Data  Gb  qs_.o [7]
QS::str(const char *)   0x000024b5   0x3e  Code  Gb  qs_str.o [7]
QS::str_ROM_(const char *)
                        0x000010cf   0x2e  Code  Gb  qs_.o [7]
QS::teObj_              0x20000cd4    0x4  Data  Gb  qs_.o [7]
QS::tickCtr_            0x20000cdc    0x4  Data  Gb  qs_.o [7]
QS::u16_(unsigned short)
                        0x00000eeb   0xb0  Code  Gb  qs_.o [7]
QS::u32_(unsigned int)  0x00000fa9   0xbc  Code  Gb  qs_.o [7]
QS::u8(unsigned char, unsigned char)
                        0x00001729   0x84  Code  Gb  qs.o [7]
QS::u8_(unsigned char)  0x00000e9d   0x4e  Code  Gb  qs_.o [7]
QS_chksum_              0x20000c95    0x1  Data  Gb  qs.o [7]
QS_end_                 0x20000c96    0x2  Data  Gb  qs.o [7]
QS_head_                0x20000c98    0x2  Data  Gb  qs.o [7]
QS_ring_                0x20000ca0    0x4  Data  Gb  qs.o [7]
QS_seq_                 0x20000c94    0x1  Data  Gb  qs.o [7]
QS_tail_                0x20000c9a    0x2  Data  Gb  qs.o [7]
QS_tickPeriod_          0x2000032c    0x4  Data  Gb  bsp.o [1]
QS_tickTime_            0x20000328    0x4  Data  Gb  bsp.o [1]
QS_used_                0x20000c9c    0x2  Data  Gb  qs.o [7]
QTimeEvt::QTimeEvt(unsigned char)
                        0x00002f8d    0x4  Code  Gb  qte_ctor.o [6]
QTimeEvt::QTimeEvt(unsigned char) [internal]
                        0x00002f91   0x2c  Code  Gb  qte_ctor.o [6]
QTimeEvt::arm_(QActive *, unsigned short)
                        0x00002891   0x84  Code  Gb  qte_arm.o [6]
Q_onAssert              0x000012d1    0x4  Code  Gb  bsp.o [1]
Region$$Table$$Base     0x0000312c          --   Gb  - Linker created -
Region$$Table$$Limit    0x00003150          --   Gb  - Linker created -
SHT$$INIT_ARRAY$$Base   0x00003390          --   Gb  - Linker created -
SHT$$INIT_ARRAY$$Limit  0x00003398          --   Gb  - Linker created -
SHT$$PREINIT_ARRAY$$Base
                        0x00003390          --   Gb  - Linker created -
SHT$$PREINIT_ARRAY$$Limit
                        0x00003390          --   Gb  - Linker created -
SysCtlClockGet          0x00000cfd  0x188  Code  Gb  sysctl.o [4]
SysCtlClockSet          0x00000bdd  0x120  Code  Gb  sysctl.o [4]
SysCtlDelay             0x00000bd5    0x8  Code  Gb  sysctl.o [4]
SysCtlPeripheralEnable  0x00000bb1    0x6  Code  Gb  sysctl.o [4]
SysTickEnable           0x0000306d    0xc  Code  Gb  systick.o [4]
SysTickIntEnable        0x00003079    0xc  Code  Gb  systick.o [4]
SysTickPeriodSet        0x00003089    0x8  Code  Gb  systick.o [4]
Table::Table() [internal]
                        0x000008bd   0x30  Code  Gb  table.o [1]
Table::initial(Table*, const QEvent *)
                        0x000008ed  0x148  Code  Gb  table.o [1]
Table::serving(Table*, const QEvent *)
                        0x00000a55  0x148  Code  Gb  table.o [1]
Table::~Table()         0x000033b1    0x6  Code  Gb  table.o [1]
Table::~Table() [deleting]
                        0x000033ab    0x6  Code  Gb  table.o [1]
Table::~Table() [internal]
                        0x000031cf   0x1e  Code  Gb  table.o [1]
UARTConfigSetExpClk     0x000025e1   0x4c  Code  Gb  uart.o [4]
UARTDisable             0x00002649   0x24  Code  Gb  uart.o [4]
UARTEnable              0x0000262d   0x1a  Code  Gb  uart.o [4]
Virtual function table for Philo
                        0x00003280   0x10  Data  Gb  philo.o [1]
Virtual function table for QActive
                        0x00003270   0x10  Data  Gb  philo.o [1]
Virtual function table for QHsm
                        0x000032a0   0x10  Data  Gb  qhsm_ini.o [5]
Virtual function table for Table
                        0x00003290   0x10  Data  Gb  table.o [1]
__aeabi_atexit          0x00003337    0xa  Code  Gb  targetabi.o [3]
__aeabi_memclr4         0x00003399         Code  Gb  ABImemclr4.o [8]
__aeabi_memset4         0x00002f55         Code  Gb  ABImemset48.o [8]
__aeabi_memset8         0x00002f55         Code  Gb  ABImemset48.o [8]
__aeabi_vec_ctor_nocookie_nodtor
                        0x000030e5   0x24  Code  Gb  targetabi.o [3]
__aeabi_vec_dtor        0x00003191   0x20  Code  Gb  targetabi.o [3]
__call_ctors            0x00002915   0x18  Code  Gb  cppinit.o [3]
__call_dtors            0x00002955    0x4  Code  Gb  cppinit.o [3]
__cstart_call_dtors     0x000032b3         Code  Gb  cexit.o [8]
__cxa_atexit            0x0000292d   0x28  Code  Gb  cppinit.o [3]
__cxa_finalize          0x00002959   0x3c  Code  Gb  cppinit.o [3]
__data_Aldata           0x20000cb8    0x8  Data  Gb  xxmemxmalloc.o [3]
__dso_handle            0x20000ce4    0x4  Data  Gb  cppinit.o [3]
__exit                  0x00003239   0x14  Code  Gb  exit.o [9]
__iar_Locksyslock       0x00002721   0x4c  Code  Gb  xsyslock.o [3]
__iar_Memset4_word      0x00002f5d         Code  Gb  ABImemset48.o [8]
__iar_Memset8_word      0x00002f5d         Code  Gb  ABImemset48.o [8]
__iar_Mtxdst            0x00002fc3    0x4  Code  Gb  MtxWrapper.o [3]
__iar_Mtxinit           0x00002fbd    0x6  Code  Gb  MtxWrapper.o [3]
__iar_Mtxlock           0x00002fd1    0x6  Code  Gb  MtxWrapper.o [3]
__iar_Mtxunlock         0x00002fd7    0x6  Code  Gb  MtxWrapper.o [3]
__iar_Unlocksyslock     0x0000276d   0x14  Code  Gb  xsyslock.o [3]
__iar_copy_init2        0x00003109   0x24  Code  Gb  copy_init2.o [8]
__iar_cstart_call_ctors
                        0x000030c9         Code  Gb  cmain.o [8]
__iar_data_init2        0x00003171   0x20  Code  Gb  data_init2.o [8]
__iar_program_start     0x000030bd         Code  Gb  cmain.o [8]
__iar_sh_stdout_close   0x000031ed   0x16  Code  Gb  iarwstd.o [9]
__iar_sh_stdout_handle  0x20000cf8    0x4  Data  Lc  iarwstd.o [9]
__iar_zero_init2        0x00003209   0x1a  Code  Gb  zero_init2.o [8]
__low_level_init        0x000033c5    0x4  Code  Gb  low_level_init.o [3]
__vector_table          0x00000000   0xb8  Data  Gb  startup.o [1]
_exit                   0x000032b1         Code  Gb  cexit.o [8]
_main                   0x000030d7         Code  Gb  cmain.o [8]
clearlocks              0x000026f9   0x26  Code  Lc  xsyslock.o [3]
exit                    0x000033b7    0x6  Code  Gb  exit.o [3]
free                    0x00002785   0x88  Code  Gb  xxmemxfree.o [3]
g_pucFont               0x000017cc  0x1dc  Data  Lc  osram96x16x1.o [1]
g_pucOSRAMInit          0x00002998   0x74  Data  Lc  osram96x16x1.o [1]
g_pulRCGCRegs           0x000032cc    0xc  Data  Lc  sysctl.o [4]
g_pulRegs               0x00002e40   0x48  Data  Lc  interrupt.o [4]
g_pulXtals              0x00002cf0   0x5c  Data  Lc  sysctl.o [4]
g_ulDelay               0x20000cc0    0x4  Data  Lc  osram96x16x1.o [1]
l_philo                 0x20000a34   0xf0  Data  Lc  philo.o [1]
l_philoQueueSto         0x20000b38   0x64  Data  Lc  main.o [1]
l_smlPoolSto            0x20000bd4   0x28  Data  Lc  main.o [1]
l_subscrSto             0x20000b9c   0x38  Data  Lc  main.o [1]
l_table                 0x20000c3c   0x24  Data  Lc  table.o [1]
l_tableQueueSto         0x20000b24   0x14  Data  Lc  main.o [1]
l_this_file             0x00002da8   0x4c  Data  Lc  philo.o [1]
l_this_file             0x00002aa4   0x4c  Data  Lc  table.o [1]
l_this_file             0x000032d8    0xc  Data  Lc  qvanilla.o [6]
l_this_file             0x00003340    0x8  Data  Lc  qf_pool.o [6]
l_this_file             0x00003348    0x8  Data  Lc  qf_new.o [6]
l_this_file             0x000032e4    0xc  Data  Lc  qf_pspub.o [6]
l_this_file             0x000032f0    0xc  Data  Lc  qhsm_ini.o [5]
l_this_file             0x00003350    0x8  Data  Lc  qa_fifo.o [6]
l_this_file             0x00003358    0x8  Data  Lc  qte_arm.o [6]
l_this_file             0x000032fc    0xc  Data  Lc  qte_ctor.o [6]
l_this_file             0x00003360    0x8  Data  Lc  qa_sub.o [6]
l_this_file             0x00003368    0x8  Data  Lc  qf_gc.o [6]
l_this_file             0x00003370    0x8  Data  Lc  qf_act.o [6]
l_this_file             0x00003308    0xc  Data  Lc  qhsm_dis.o [5]
l_this_file             0x00003378    0x8  Data  Lc  qa_get_.o [6]
l_this_file             0x00003314    0xc  Data  Lc  qmp_init.o [6]
l_this_file             0x00003388    0x8  Data  Lc  qmp_put.o [6]
main                    0x000019a9  0x18c  Code  Gb  main.o [1]
mtx                     0x20000c84   0x10  Data  Lc  xsyslock.o [3]
mtxdst                  0x20000cec    0x4  Data  Lc  MtxWrapper.o [3]
mtxinit                 0x20000ce8    0x4  Data  Lc  MtxWrapper.o [3]
mtxlock                 0x20000cf0    0x4  Data  Lc  MtxWrapper.o [3]
mtxunlock               0x20000cf4    0x4  Data  Lc  MtxWrapper.o [3]
next_abi_dtor_rec       0x20000d00    0x4  Data  Lc  cppinit.o [3]
operator delete (void *)
                        0x0000332d    0xa  Code  Gb  delop_0.o [3]
stack                   0x20000198  0x190  Data  Lc  startup.o [1]
syslock_o               0x20000c80    0x4  Data  Lc  xsyslock.o [3]


[1] = C:\software\qpcpp\examples\cortex-m3\vanilla\iar\dpp-ev-lm3s811\spy
[2] = command line
[3] = dl7M_tl_in.a
[4] = driverlib.a
[5] = libqep.a
[6] = libqf.a
[7] = libqs.a
[8] = rt7M_tl.a
[9] = shb_l.a

  10 808 bytes of readonly  code memory
   2 452 bytes of readonly  data memory
   3 329 bytes of readwrite data memory

Errors: none
Warnings: none
