###############################################################################
#                                                                             #
# IAR ELF Linker V5.40.2.51604/W32 for ARM              10/Oct/2009  23:12:52 #
# Copyright (C) 2007-2009 IAR Systems AB.                                     #
#                                                                             #
#    Output file  =  C:\software\qpcpp\examples\cortex-m3\qk\iar\dpp-qk-ev-lm #
#                    3s811\dbg\dpp-qk.out                                     #
#    Map file     =  C:\software\qpcpp\examples\cortex-m3\qk\iar\dpp-qk-ev-lm #
#                    3s811\dbg\dpp-qk.map                                     #
#    Command line =  C:\software\qpcpp\examples\cortex-m3\qk\iar\dpp-qk-ev-lm #
#                    3s811\dbg\bsp.o C:\software\qpcpp\examples\cortex-m3\qk\ #
#                    iar\dpp-qk-ev-lm3s811\dbg\main.o                         #
#                    C:\software\qpcpp\examples\cortex-m3\qk\iar\dpp-qk-ev-lm #
#                    3s811\dbg\osram96x16x1.o C:\software\qpcpp\examples\cort #
#                    ex-m3\qk\iar\dpp-qk-ev-lm3s811\dbg\philo.o               #
#                    C:\software\qpcpp\examples\cortex-m3\qk\iar\dpp-qk-ev-lm #
#                    3s811\dbg\startup.o C:\software\qpcpp\examples\cortex-m3 #
#                    \qk\iar\dpp-qk-ev-lm3s811\dbg\table.o                    #
#                    C:\software\qpcpp\ports\cortex-m3\qk\iar\dbg\libqep.a    #
#                    C:\software\qpcpp\ports\cortex-m3\qk\iar\dbg\libqf.a     #
#                    C:\software\qpcpp\ports\cortex-m3\qk\iar\dbg\libqk.a     #
#                    C:\tools\IAR\ARM_KS_5.40\arm\examples\TexasInstruments\S #
#                    tellaris\driverlib\ewarm\Exe\driverlib.a --redirect      #
#                    _Printf=_PrintfTiny --redirect _Scanf=_ScanfSmall -o     #
#                    C:\software\qpcpp\examples\cortex-m3\qk\iar\dpp-qk-ev-lm #
#                    3s811\dbg\dpp-qk.out --map C:\software\qpcpp\examples\co #
#                    rtex-m3\qk\iar\dpp-qk-ev-lm3s811\dbg\dpp-qk.map          #
#                    --config C:\software\qpcpp\examples\cortex-m3\qk\iar\dpp #
#                    -qk-ev-lm3s811\lm3s811.icf --semihosting --entry         #
#                    __iar_program_start                                      #
#                                                                             #
#                                                                             #
###############################################################################

*******************************************************************************
*** PLACEMENT SUMMARY
***

"A1":  place at start of [0x00000000-0x0000ffff] { ro section .intvec };
"P1":  place in [from 0x00000000 to 0x0000ffff] { ro };
"P2":  place in [from 0x20000000 to 0x20001fff] { rw, block HEAP };

  Section             Kind        Address    Size  Object
  -------             ----        -------    ----  ------
"A1":                                        0xb8
  .intvec             const    0x00000000    0xb8  startup.o [1]
                             - 0x000000b8    0xb8

"P1":                                      0x1fb0
  .text               ro code  0x000000b8   0x2ec  sysctl.o [4]
  .text               ro code  0x000003a4   0x228  osram96x16x1.o [1]
  .rodata             const    0x000005cc   0x1dc  osram96x16x1.o [1]
  .text               ro code  0x000007a8   0x1d4  table.o [1]
  .text               ro code  0x0000097c   0x1c8  philo.o [1]
  .text               ro code  0x00000b44   0x17e  qhsm_dis.o [5]
  .text               ro code  0x00000cc4   0x178  bsp.o [1]
  .rodata             const    0x00000e3c   0x100  qf_log2.o [6]
  .text               ro code  0x00000f3c    0xe6  gpio.o [4]
  .text               ro code  0x00001024    0xa4  qhsm_ini.o [5]
  .text               ro code  0x000010c8    0x98  interrupt.o [4]
  .text               ro code  0x00001160    0x98  qf_pspub.o [6]
  .text               ro code  0x000011f8    0x94  qmp_init.o [6]
  .text               ro code  0x0000128c    0x8c  xsyslock.o [3]
  .text               ro code  0x00001318    0x88  xxmemxfree.o [3]
  .text               ro code  0x000013a0    0x84  qk_sched.o [7]
  .text               ro code  0x00001424    0x84  cppinit.o [3]
  .text               ro code  0x000014a8    0x80  qk.o [7]
  .text               ro code  0x00001528    0x7c  main.o [1]
  .rodata             const    0x000015a4    0x74  osram96x16x1.o [1]
  .text               ro code  0x00001618    0x70  qa_fifo.o [6]
  .rodata             const    0x00001688    0x6c  table.o [1]
  .text               ro code  0x000016f4    0x60  qf_tick.o [6]
  .text               ro code  0x00001754    0x60  qa_sub.o [6]
  .text               ro code  0x000017b4    0x5e  i2c.o [4]
  .rodata             const    0x00001814    0x5c  sysctl.o [4]
  .text               ro code  0x00001870    0x5c  qf_new.o [6]
  .text               ro code  0x000018cc    0x5c  qf_pool.o [6]
  .text               ro code  0x00001928    0x50  qf_gc.o [6]
  .text               ro code  0x00001978    0x50  qa_get_.o [6]
  CODE                ro code  0x000019c8    0x4c  qk_port.o [7]
  .rodata             const    0x00001a14    0x48  philo.o [1]
  .rodata             const    0x00001a5c    0x48  interrupt.o [4]
  .rodata             const    0x00001aa4    0x44  qf_pwr2.o [6]
  .rodata             const    0x00001ae8    0x44  qf_pwr2.o [6]
  .rodata             const    0x00001b2c    0x44  qf_pwr2.o [6]
  .text               ro code  0x00001b70    0x40  qte_arm.o [6]
  .text               ro code  0x00001bb0    0x38  qmp_put.o [6]
  .text               ro code  0x00001be8    0x30  qte_ctor.o [6]
  .text               ro code  0x00001c18    0x30  qf_act.o [6]
  .text               ro code  0x00001c48    0x30  MtxWrapper.o [3]
  .text               ro code  0x00001c78    0x2c  qa_fifo.o [6]
  .text               ro code  0x00001ca4    0x2c  qa_get_.o [6]
  .text               ro code  0x00001cd0    0x28  systick.o [4]
  .text               ro code  0x00001cf8    0x28  qk_sched.o [7]
  .text               ro code  0x00001d20    0x28  cmain.o [8]
  .text               ro code  0x00001d48    0x24  qmp_get.o [6]
  .text               ro code  0x00001d6c    0x24  targetabi.o [3]
  .text               ro code  0x00001d90    0x24  copy_init2.o [8]
  .iar.init_table     const    0x00001db4    0x24  - Linker created -
  .rodata             const    0x00001dd8    0x20  bsp.o [1]
  .text               ro code  0x00001df8    0x20  data_init2.o [8]
  .text               ro code  0x00001e18    0x20  targetabi.o [3]
  .text               ro code  0x00001e38    0x1e  philo.o [1]
  .text               ro code  0x00001e56    0x1e  table.o [1]
  .text               ro code  0x00001e74    0x1c  iarwstd.o [9]
  .text               ro code  0x00001e90    0x1a  zero_init2.o [8]
  .rodata             const    0x00001eac    0x14  philo.o [1]
  .text               ro code  0x00001ec0    0x14  exit.o [9]
  .text               ro code  0x00001ed4    0x12  philo.o [1]
  .text               ro code  0x00001ee6    0x12  qeq_init.o [6]
  .rodata             const    0x00001ef8    0x10  osram96x16x1.o [1]
  .rodata             const    0x00001f08    0x10  philo.o [1]
  .rodata             const    0x00001f18    0x10  philo.o [1]
  .rodata             const    0x00001f28    0x10  table.o [1]
  .rodata             const    0x00001f38    0x10  qhsm_ini.o [5]
  .text               ro code  0x00001f48     0xe  cexit.o [8]
  .text               ro code  0x00001f56     0xe  philo.o [1]
  .rodata             const    0x00001f64     0xc  sysctl.o [4]
  .rodata             const    0x00001f70     0xc  qf_pspub.o [6]
  .rodata             const    0x00001f7c     0xc  qhsm_ini.o [5]
  .rodata             const    0x00001f88     0xc  qte_ctor.o [6]
  .rodata             const    0x00001f94     0xc  qk_sched.o [7]
  .rodata             const    0x00001fa0     0xc  qmp_init.o [6]
  .rodata             const    0x00001fac     0xc  qhsm_dis.o [5]
  .text               ro code  0x00001fb8     0xc  qf_psini.o [6]
  .text               ro code  0x00001fc4     0xa  delop_0.o [3]
  .text               ro code  0x00001fce     0xa  targetabi.o [3]
  .rodata             const    0x00001fd8     0x8  qf_new.o [6]
  .rodata             const    0x00001fe0     0x8  qa_fifo.o [6]
  .rodata             const    0x00001fe8     0x8  qf_pool.o [6]
  .rodata             const    0x00001ff0     0x8  qte_arm.o [6]
  .rodata             const    0x00001ff8     0x8  qa_sub.o [6]
  .rodata             const    0x00002000     0x8  qf_act.o [6]
  .rodata             const    0x00002008     0x8  qf_gc.o [6]
  .rodata             const    0x00002010     0x8  qep.o [5]
  .rodata             const    0x00002018     0x8  qa_get_.o [6]
  .rodata             const    0x00002020     0x8  qmp_put.o [6]
  SHT$$PREINIT_ARRAY           0x00002028     0x0  <Block>
  SHT$$INIT_ARRAY              0x00002028     0x8  <Block>
    .difunct          const    0x00002028     0x4  philo.o [1]
    .difunct          const    0x0000202c     0x4  table.o [1]
  .text               ro code  0x00002030     0x6  philo.o [1]
  .text               ro code  0x00002036     0x6  philo.o [1]
  .text               ro code  0x0000203c     0x6  table.o [1]
  .text               ro code  0x00002042     0x6  table.o [1]
  .text               ro code  0x00002048     0x6  exit.o [3]
  .rodata             const    0x00002050     0x4  table.o [1]
  .rodata             const    0x00002054     0x4  qk.o [7]
  .text               ro code  0x00002058     0x4  qhsm_top.o [5]
  .text               ro code  0x0000205c     0x4  low_level_init.o [3]
  Initializer bytes   ro data  0x00002060     0x8  <for P2 s0> (used: 0x5)
                             - 0x00002068  0x1fb0

"P2", part 1 of 3:                          0x3f0
  .noinit             uninit   0x20000000   0x258  startup.o [1]
  .iar.dynexit                 0x20000258   0x198  <Block>
    .iar.dynexit      uninit   0x20000258     0xc  cppinit.o [3]
    .iar.dynexit      uninit   0x20000264   0x18c  <Block tail>
                             - 0x200003f0   0x3f0

"P2", part 2 of 3:                          0x380
  .bss                zero     0x200003f0   0x100  qf_act.o [6]
  .bss                zero     0x200004f0    0xf0  philo.o [1]
  .bss                zero     0x200005e0    0xd8  main.o [1]
  .bss                zero     0x200006b8    0x40  qf_pool.o [6]
  .bss                zero     0x200006f8    0x24  table.o [1]
  .bss                zero     0x2000071c    0x14  xsyslock.o [3]
  .bss                zero     0x20000730     0xc  qk.o [7]
  .bss                zero     0x2000073c     0x8  qf_psini.o [6]
  .bss                zero     0x20000744     0x8  xxmemxmalloc.o [3]
  .bss                zero     0x2000074c     0x4  osram96x16x1.o [1]
  .bss                zero     0x20000750     0x4  qte_arm.o [6]
  .bss                zero     0x20000754     0x4  cppinit.o [3]
  .bss                zero     0x20000758     0x4  MtxWrapper.o [3]
  .bss                zero     0x2000075c     0x4  MtxWrapper.o [3]
  .bss                zero     0x20000760     0x4  MtxWrapper.o [3]
  .bss                zero     0x20000764     0x4  MtxWrapper.o [3]
  .bss                zero     0x20000768     0x4  iarwstd.o [9]
  .bss                zero     0x2000076c     0x1  philo.o [1]
  .bss                zero     0x2000076d     0x1  qk.o [7]
  .bss                zero     0x2000076e     0x1  qf_tick.o [6]
  .bss                zero     0x2000076f     0x1  qk_mutex.o [7]
                             - 0x20000770   0x380

"P2", part 3 of 3:                            0x8
  P2 s0                        0x20000770     0x8  <Init block>
    .data             inited   0x20000770     0x4  cppinit.o [3]
    .data             inited   0x20000774     0x1  qk.o [7]
                             - 0x20000778     0x8


*******************************************************************************
*** INIT TABLE
***

          Address     Size
          -------     ----
Zero (__iar_zero_init2)
    1 destination range, total size 0x380:
          0x200003f0  0x380

Copy (__iar_copy_init2)
    1 source range, total size 0x8 (160% of destination):
          0x00002060    0x8
    1 destination range, total size 0x5:
          0x20000770    0x5


*******************************************************************************
*** MODULE SUMMARY
***

    Module            ro code  ro data  rw data
    ------            -------  -------  -------
C:\software\qpcpp\examples\cortex-m3\qk\iar\dpp-qk-ev-lm3s811\dbg: [1]
    bsp.o                 376       32
    main.o                124               216
    osram96x16x1.o        552      608        4
    philo.o               530      128      241
    startup.o                      184      600
    table.o               510      132       36
    -------------------------------------------
    Total:              2 092    1 084    1 097

command line: [2]
    -------------------------------------------
    Total:

dl7M_tl_in.a: [3]
    MtxWrapper.o           48                16
    cppinit.o             132        4       20
    delop_0.o              10
    exit.o                  6
    low_level_init.o        4
    targetabi.o            78
    xsyslock.o            140                20
    xxmemxfree.o          136
    xxmemxmalloc.o                            8
    -------------------------------------------
    Total:                554        4       64

driverlib.a: [4]
    gpio.o                230
    i2c.o                  94
    interrupt.o           152       72
    sysctl.o              748      104
    systick.o              40
    -------------------------------------------
    Total:              1 264      176

libqep.a: [5]
    qep.o                            8
    qhsm_dis.o            382       12
    qhsm_ini.o            164       28
    qhsm_top.o              4
    -------------------------------------------
    Total:                550       48

libqf.a: [6]
    qa_fifo.o             156        8
    qa_get_.o             124        8
    qa_sub.o               96        8
    qeq_init.o             18
    qf_act.o               48        8      256
    qf_gc.o                80        8
    qf_log2.o                      256
    qf_new.o               92        8
    qf_pool.o              92        8       64
    qf_psini.o             12                 8
    qf_pspub.o            152       12
    qf_pwr2.o                      204
    qf_tick.o              96                 1
    qmp_get.o              36
    qmp_init.o            148       12
    qmp_put.o              56        8
    qte_arm.o              64        8        4
    qte_ctor.o             48       12
    -------------------------------------------
    Total:              1 318      568      333

libqk.a: [7]
    qk.o                  128        5       14
    qk_mutex.o                                1
    qk_port.o              76
    qk_sched.o            172       12
    -------------------------------------------
    Total:                376       17       15

rt7M_tl.a: [8]
    cexit.o                14
    cmain.o                40
    copy_init2.o           36
    data_init2.o           32
    zero_init2.o           26
    -------------------------------------------
    Total:                148

shb_l.a: [9]
    exit.o                 20
    iarwstd.o              28                 4
    -------------------------------------------
    Total:                 48                 4

    Gaps                    4        6        3
    Linker created                  39      396
-----------------------------------------------
    Grand Total:        6 354    1 942    1 912


*******************************************************************************
*** ENTRY LIST
***

Entry                      Address   Size  Type      Object
-----                      -------   ----  ----      ------
.iar.dynexit$$Base      0x20000258          --   Gb  - Linker created -
.iar.dynexit$$Limit     0x200003f0          --   Gb  - Linker created -
AO_Philo                0x00001eac   0x14  Data  Gb  philo.o [1]
AO_Table                0x00002050    0x4  Data  Gb  table.o [1]
BSP_busyDelay()         0x00000dd7   0x14  Code  Gb  bsp.o [1]
BSP_displyPhilStat(unsigned char, const char *)
                        0x00000db7   0x20  Code  Gb  bsp.o [1]
BSP_init(int, char **)  0x00000d41   0x6c  Code  Gb  bsp.o [1]
DtorRecArray            0x20000258    0xc  Data  Lc  cppinit.o [3]
GPIODirModeSet          0x00000f3d   0x28  Code  Gb  gpio.o [4]
GPIOPadConfigSet        0x00000f65   0x98  Code  Gb  gpio.o [4]
GPIOPinTypeI2C          0x00001011    0xa  Code  Gb  gpio.o [4]
GPIOPinWrite            0x00000ffd    0x6  Code  Gb  gpio.o [4]
I2CMasterControl        0x0000180b    0x4  Code  Gb  i2c.o [4]
I2CMasterDataPut        0x0000180f    0x4  Code  Gb  i2c.o [4]
I2CMasterEnable         0x000017e5    0xc  Code  Gb  i2c.o [4]
I2CMasterInitExpClk     0x000017b5   0x30  Code  Gb  i2c.o [4]
I2CMasterIntStatus      0x000017f1    0xa  Code  Gb  i2c.o [4]
I2CMasterSlaveAddrSet   0x00001803    0x8  Code  Gb  i2c.o [4]
ISR_DefaultHandler      0x00000d2f    0xe  Code  Gb  bsp.o [1]
ISR_Fault               0x00000d21    0xe  Code  Gb  bsp.o [1]
ISR_GPIOA               0x00000cd1   0x18  Code  Gb  bsp.o [1]
ISR_Nmi                 0x00000d13    0xe  Code  Gb  bsp.o [1]
ISR_SysTick             0x00000cc5    0xc  Code  Gb  bsp.o [1]
IntEnable               0x000010f1   0x54  Code  Gb  interrupt.o [4]
IntPrioritySet          0x000010c9   0x22  Code  Gb  interrupt.o [4]
OSRAM96x16x1Clear       0x00000461   0x48  Code  Gb  osram96x16x1.o [1]
OSRAM96x16x1Init        0x00000551   0x68  Code  Gb  osram96x16x1.o [1]
OSRAM96x16x1StringDraw  0x000004a9   0x8c  Code  Gb  osram96x16x1.o [1]
OSRAM96x16x1WriteArray  0x000003eb   0x38  Code  Lc  osram96x16x1.o [1]
OSRAM96x16x1WriteByte   0x000003bd   0x1c  Code  Lc  osram96x16x1.o [1]
OSRAM96x16x1WriteFinal  0x00000423   0x34  Code  Lc  osram96x16x1.o [1]
OSRAM96x16x1WriteFirst  0x000003a5   0x18  Code  Lc  osram96x16x1.o [1]
Philo::Philo()          0x0000097d    0x2  Code  Gb  philo.o [1]
Philo::Philo() [internal]
                        0x000009b9   0x34  Code  Gb  philo.o [1]
Philo::eating(Philo*, const QEvent *)
                        0x00000adb   0x58  Code  Gb  philo.o [1]
Philo::hungry(Philo*, const QEvent *)
                        0x00000a5d   0x4c  Code  Gb  philo.o [1]
Philo::initial(Philo*, const QEvent *)
                        0x000009ed   0x18  Code  Gb  philo.o [1]
Philo::thinking(Philo*, const QEvent *)
                        0x00000a15   0x48  Code  Gb  philo.o [1]
Philo::~Philo()         0x00002037    0x6  Code  Gb  philo.o [1]
Philo::~Philo() [deleting]
                        0x00002031    0x6  Code  Gb  philo.o [1]
Philo::~Philo() [internal]
                        0x00001e39   0x1e  Code  Gb  philo.o [1]
QActive::get_()         0x00001979   0x4c  Code  Gb  qa_get_.o [6]
QActive::postFIFO(const QEvent *)
                        0x00001619   0x70  Code  Gb  qa_fifo.o [6]
QActive::start(unsigned char, const QEvent **, unsigned int, void *, unsigned int, const QEvent *)
                        0x000014d1   0x58  Code  Gb  qk.o [7]
QActive::subscribe(unsigned char) const
                        0x00001755   0x60  Code  Gb  qa_sub.o [6]
QActive::~QActive()     0x00001f57    0xe  Code  Gb  philo.o [1]
QActive::~QActive() [deleting]
                        0x00001ed5   0x12  Code  Gb  philo.o [1]
QEP_reservedEvt_        0x00002010    0x8  Data  Gb  qep.o [5]
QEQueue::init(const QEvent **, unsigned char)
                        0x00001ee7   0x12  Code  Gb  qeq_init.o [6]
QF::active_             0x200003f0  0x100  Data  Gb  qf_act.o [6]
QF::add_(QActive *)     0x00001c19   0x28  Code  Gb  qf_act.o [6]
QF::gc(const QEvent *)  0x00001929   0x50  Code  Gb  qf_gc.o [6]
QF::init()              0x000014a9    0x4  Code  Gb  qk.o [7]
QF::new_(unsigned short, unsigned char)
                        0x00001871   0x5c  Code  Gb  qf_new.o [6]
QF::onCleanup()         0x00000e1d    0x2  Code  Gb  bsp.o [1]
QF::onStartup()         0x00000deb   0x32  Code  Gb  bsp.o [1]
QF::poolInit(void *, unsigned int, unsigned short)
                        0x000018cd   0x5c  Code  Gb  qf_pool.o [6]
QF::psInit(QSubscrList *, unsigned char)
                        0x00001fb9    0xc  Code  Gb  qf_psini.o [6]
QF::publish(const QEvent *)
                        0x00001161   0x98  Code  Gb  qf_pspub.o [6]
QF::run()               0x000014b1   0x20  Code  Gb  qk.o [7]
QF::stop()              0x000014ad    0x4  Code  Gb  qk.o [7]
QF::tick()              0x000016f5   0x60  Code  Gb  qf_tick.o [6]
QF_div8Lkup             0x00001b2c   0x44  Data  Gb  qf_pwr2.o [6]
QF_invPwr2Lkup          0x00001ae8   0x44  Data  Gb  qf_pwr2.o [6]
QF_log2Lkup             0x00000e3c  0x100  Data  Gb  qf_log2.o [6]
QF_maxPool_             0x200006b8    0x1  Data  Gb  qf_pool.o [6]
QF_maxSignal_           0x2000073c    0x1  Data  Gb  qf_psini.o [6]
QF_pool_                0x200006bc   0x3c  Data  Gb  qf_pool.o [6]
QF_pwr2Lkup             0x00001aa4   0x44  Data  Gb  qf_pwr2.o [6]
QF_subscrList_          0x20000740    0x4  Data  Gb  qf_psini.o [6]
QF_timeEvtListHead_     0x20000750    0x4  Data  Gb  qte_arm.o [6]
QHsm::dispatch(const QEvent *)
                        0x00000b45  0x174  Code  Gb  qhsm_dis.o [5]
QHsm::init(const QEvent *)
                        0x00001045   0x84  Code  Gb  qhsm_ini.o [5]
QHsm::top(QHsm*, const QEvent *)
                        0x00002059    0x4  Code  Gb  qhsm_top.o [5]
QHsm::~QHsm()           0x0000102d         Code  Gb  qhsm_ini.o [5]
QHsm::~QHsm() [deleting]
                        0x00001025    0x4  Code  Gb  qhsm_ini.o [5]
QHsm::~QHsm() [internal]
                        0x0000102f   0x14  Code  Gb  qhsm_ini.o [5]
QHsm::~QHsm() [subobject]
                        0x00001029    0x2  Code  Gb  qhsm_ini.o [5]
QK::onIdle()            0x00000e1f   0x14  Code  Gb  bsp.o [1]
QK_PendSV               0x000019e7         Code  Gb  qk_port.o [7]
QK_SVCall               0x00001a03         Code  Gb  qk_port.o [7]
QK_ceilingPrio_         0x2000076f    0x1  Data  Gb  qk_mutex.o [7]
QK_currPrio_            0x20000774    0x1  Data  Gb  qk.o [7]
QK_init                 0x000019c9         Code  Gb  qk_port.o [7]
QK_intNest_             0x2000076d    0x1  Data  Gb  qk.o [7]
QK_readySet_            0x20000730    0xc  Data  Gb  qk.o [7]
QK_schedule_            0x000013a1   0x84  Code  Gb  qk_sched.o [7]
QMPool::get()           0x00001d49   0x22  Code  Gb  qmp_get.o [6]
QMPool::init(void *, unsigned int, unsigned short)
                        0x000011f9   0x94  Code  Gb  qmp_init.o [6]
QMPool::put(void *)     0x00001bb1   0x38  Code  Gb  qmp_put.o [6]
QPSet64::findMax() volatile
                        0x00001cf9   0x28  Code  Gb  qk_sched.o [7]
QPSet64::insert(unsigned char) volatile
                        0x00001c79   0x2c  Code  Gb  qa_fifo.o [6]
QPSet64::remove(unsigned char) volatile
                        0x00001ca5   0x2c  Code  Gb  qa_get_.o [6]
QTimeEvt::QTimeEvt(unsigned char)
                        0x00001be9    0x4  Code  Gb  qte_ctor.o [6]
QTimeEvt::QTimeEvt(unsigned char) [internal]
                        0x00001bed   0x2c  Code  Gb  qte_ctor.o [6]
QTimeEvt::arm_(QActive *, unsigned short)
                        0x00001b71   0x40  Code  Gb  qte_arm.o [6]
Q_onAssert              0x00000e39    0x4  Code  Gb  bsp.o [1]
Region$$Table$$Base     0x00001db4          --   Gb  - Linker created -
Region$$Table$$Limit    0x00001dd8          --   Gb  - Linker created -
SHT$$INIT_ARRAY$$Base   0x00002028          --   Gb  - Linker created -
SHT$$INIT_ARRAY$$Limit  0x00002030          --   Gb  - Linker created -
SHT$$PREINIT_ARRAY$$Base
                        0x00002028          --   Gb  - Linker created -
SHT$$PREINIT_ARRAY$$Limit
                        0x00002028          --   Gb  - Linker created -
SysCtlClockGet          0x00000205  0x188  Code  Gb  sysctl.o [4]
SysCtlClockSet          0x000000e5  0x120  Code  Gb  sysctl.o [4]
SysCtlDelay             0x000000dd    0x8  Code  Gb  sysctl.o [4]
SysCtlPeripheralEnable  0x000000b9    0x6  Code  Gb  sysctl.o [4]
SysTickEnable           0x00001cd1    0xc  Code  Gb  systick.o [4]
SysTickIntEnable        0x00001cdd    0xc  Code  Gb  systick.o [4]
SysTickPeriodSet        0x00001ced    0x8  Code  Gb  systick.o [4]
Table::Table() [internal]
                        0x000007cd   0x34  Code  Gb  table.o [1]
Table::initial(Table*, const QEvent *)
                        0x00000801   0x20  Code  Gb  table.o [1]
Table::serving(Table*, const QEvent *)
                        0x00000821  0x14c  Code  Gb  table.o [1]
Table::~Table()         0x00002043    0x6  Code  Gb  table.o [1]
Table::~Table() [deleting]
                        0x0000203d    0x6  Code  Gb  table.o [1]
Table::~Table() [internal]
                        0x00001e57   0x1e  Code  Gb  table.o [1]
Virtual function table for Philo
                        0x00001f18   0x10  Data  Gb  philo.o [1]
Virtual function table for QActive
                        0x00001f08   0x10  Data  Gb  philo.o [1]
Virtual function table for QHsm
                        0x00001f38   0x10  Data  Gb  qhsm_ini.o [5]
Virtual function table for Table
                        0x00001f28   0x10  Data  Gb  table.o [1]
__aeabi_atexit          0x00001fcf    0xa  Code  Gb  targetabi.o [3]
__aeabi_vec_ctor_nocookie_nodtor
                        0x00001d6d   0x24  Code  Gb  targetabi.o [3]
__aeabi_vec_dtor        0x00001e19   0x20  Code  Gb  targetabi.o [3]
__call_ctors            0x00001425   0x18  Code  Gb  cppinit.o [3]
__call_dtors            0x00001465    0x4  Code  Gb  cppinit.o [3]
__cstart_call_dtors     0x00001f4b         Code  Gb  cexit.o [8]
__cxa_atexit            0x0000143d   0x28  Code  Gb  cppinit.o [3]
__cxa_finalize          0x00001469   0x3c  Code  Gb  cppinit.o [3]
__data_Aldata           0x20000744    0x8  Data  Gb  xxmemxmalloc.o [3]
__dso_handle            0x20000754    0x4  Data  Gb  cppinit.o [3]
__exit                  0x00001ec1   0x14  Code  Gb  exit.o [9]
__iar_Locksyslock       0x000012b5   0x4c  Code  Gb  xsyslock.o [3]
__iar_Mtxdst            0x00001c4f    0x4  Code  Gb  MtxWrapper.o [3]
__iar_Mtxinit           0x00001c49    0x6  Code  Gb  MtxWrapper.o [3]
__iar_Mtxlock           0x00001c5d    0x6  Code  Gb  MtxWrapper.o [3]
__iar_Mtxunlock         0x00001c63    0x6  Code  Gb  MtxWrapper.o [3]
__iar_Unlocksyslock     0x00001301   0x14  Code  Gb  xsyslock.o [3]
__iar_copy_init2        0x00001d91   0x24  Code  Gb  copy_init2.o [8]
__iar_cstart_call_ctors
                        0x00001d2d         Code  Gb  cmain.o [8]
__iar_data_init2        0x00001df9   0x20  Code  Gb  data_init2.o [8]
__iar_program_start     0x00001d21         Code  Gb  cmain.o [8]
__iar_sh_stdout_close   0x00001e75   0x16  Code  Gb  iarwstd.o [9]
__iar_sh_stdout_handle  0x20000768    0x4  Data  Lc  iarwstd.o [9]
__iar_zero_init2        0x00001e91   0x1a  Code  Gb  zero_init2.o [8]
__low_level_init        0x0000205d    0x4  Code  Gb  low_level_init.o [3]
__vector_table          0x00000000   0xb8  Data  Gb  startup.o [1]
_exit                   0x00001f49         Code  Gb  cexit.o [8]
_main                   0x00001d3b         Code  Gb  cmain.o [8]
clearlocks              0x0000128d   0x26  Code  Lc  xsyslock.o [3]
exit                    0x00002049    0x6  Code  Gb  exit.o [3]
free                    0x00001319   0x88  Code  Gb  xxmemxfree.o [3]
g_pucFont               0x000005cc  0x1dc  Data  Lc  osram96x16x1.o [1]
g_pucOSRAMInit          0x000015a4   0x74  Data  Lc  osram96x16x1.o [1]
g_pulRCGCRegs           0x00001f64    0xc  Data  Lc  sysctl.o [4]
g_pulRegs               0x00001a5c   0x48  Data  Lc  interrupt.o [4]
g_pulXtals              0x00001814   0x5c  Data  Lc  sysctl.o [4]
g_ulDelay               0x2000074c    0x4  Data  Lc  osram96x16x1.o [1]
l_philo                 0x200004f0   0xf0  Data  Lc  philo.o [1]
l_philoQueueSto         0x200005f4   0x64  Data  Lc  main.o [1]
l_smlPoolSto            0x20000690   0x28  Data  Lc  main.o [1]
l_subscrSto             0x20000658   0x38  Data  Lc  main.o [1]
l_table                 0x200006f8   0x24  Data  Lc  table.o [1]
l_tableQueueSto         0x200005e0   0x14  Data  Lc  main.o [1]
l_this_file             0x00001a14   0x48  Data  Lc  philo.o [1]
l_this_file             0x000016ac   0x48  Data  Lc  table.o [1]
l_this_file             0x00002054    0x4  Data  Lc  qk.o [7]
l_this_file             0x00001fd8    0x8  Data  Lc  qf_new.o [6]
l_this_file             0x00001fe0    0x8  Data  Lc  qa_fifo.o [6]
l_this_file             0x00001fe8    0x8  Data  Lc  qf_pool.o [6]
l_this_file             0x00001f70    0xc  Data  Lc  qf_pspub.o [6]
l_this_file             0x00001f7c    0xc  Data  Lc  qhsm_ini.o [5]
l_this_file             0x00001ff0    0x8  Data  Lc  qte_arm.o [6]
l_this_file             0x00001f88    0xc  Data  Lc  qte_ctor.o [6]
l_this_file             0x00001ff8    0x8  Data  Lc  qa_sub.o [6]
l_this_file             0x00001f94    0xc  Data  Lc  qk_sched.o [7]
l_this_file             0x00002000    0x8  Data  Lc  qf_act.o [6]
l_this_file             0x00001fa0    0xc  Data  Lc  qmp_init.o [6]
l_this_file             0x00002008    0x8  Data  Lc  qf_gc.o [6]
l_this_file             0x00001fac    0xc  Data  Lc  qhsm_dis.o [5]
l_this_file             0x00002018    0x8  Data  Lc  qa_get_.o [6]
l_this_file             0x00002020    0x8  Data  Lc  qmp_put.o [6]
main                    0x00001529   0x70  Code  Gb  main.o [1]
mtx                     0x20000720   0x10  Data  Lc  xsyslock.o [3]
mtxdst                  0x2000075c    0x4  Data  Lc  MtxWrapper.o [3]
mtxinit                 0x20000758    0x4  Data  Lc  MtxWrapper.o [3]
mtxlock                 0x20000760    0x4  Data  Lc  MtxWrapper.o [3]
mtxunlock               0x20000764    0x4  Data  Lc  MtxWrapper.o [3]
next_abi_dtor_rec       0x20000770    0x4  Data  Lc  cppinit.o [3]
operator delete (void *)
                        0x00001fc5    0xa  Code  Gb  delop_0.o [3]
stack                   0x20000000  0x258  Data  Lc  startup.o [1]
syslock_o               0x2000071c    0x4  Data  Lc  xsyslock.o [3]


[1] = C:\software\qpcpp\examples\cortex-m3\qk\iar\dpp-qk-ev-lm3s811\dbg
[2] = command line
[3] = dl7M_tl_in.a
[4] = driverlib.a
[5] = libqep.a
[6] = libqf.a
[7] = libqk.a
[8] = rt7M_tl.a
[9] = shb_l.a

  6 354 bytes of readonly  code memory
  1 942 bytes of readonly  data memory
  1 912 bytes of readwrite data memory

Errors: none
Warnings: none
