
 Start  Stop   Length Name               Class

 00000H 039F7H 039F8H _TEXT              CODE
 039F8H 04657H 00C60H BSP_TEXT           CODE
 04658H 0498DH 00336H MAIN_TEXT          CODE
 0498EH 05330H 009A3H PHILO_TEXT         CODE
 05331H 0597DH 0064DH TABLE_TEXT         CODE
 0597EH 05C0EH 00291H VIDEO_TEXT         CODE
 05C0FH 05C1AH 0000CH QEP_TEXT           CODE
 05C1BH 05EC5H 002ABH QHSM_INI_TEXT      CODE
 05EC6H 068EEH 00A29H QHSM_DIS_TEXT      CODE
 068EFH 068F7H 00009H QHSM_TOP_TEXT      CODE
 068F8H 06ACAH 001D3H QA_FIFO_TEXT       CODE
 06ACBH 06D5AH 00290H QA_GET__TEXT       CODE
 06D5BH 06E57H 000FDH QA_SUB_TEXT        CODE
 06E58H 06F07H 000B0H QEQ_INIT_TEXT      CODE
 06F08H 070C0H 001B9H QF_ACT_TEXT        CODE
 070C1H 071C5H 00105H QF_GC_TEXT         CODE
 071C6H 071C6H 00000H QF_LOG2_TEXT       CODE
 071C6H 072B1H 000ECH QF_NEW_TEXT        CODE
 072B2H 0732EH 0007DH QF_POOL_TEXT       CODE
 0732FH 07346H 00018H QF_PSINI_TEXT      CODE
 07347H 07488H 00142H QF_PSPUB_TEXT      CODE
 07489H 07489H 00000H QF_PWR2_TEXT       CODE
 07489H 0769EH 00216H QF_TICK_TEXT       CODE
 0769FH 077CDH 0012FH QMP_GET_TEXT       CODE
 077CEH 079CBH 001FEH QMP_INIT_TEXT      CODE
 079CCH 07AC2H 000F7H QMP_PUT_TEXT       CODE
 07AC3H 07B5DH 0009BH QTE_CTOR_TEXT      CODE
 07B5EH 07C7FH 00122H QTE_ARM_TEXT       CODE
 07C80H 07D56H 000D7H QK_TEXT            CODE
 07D57H 07F84H 0022EH QK_SCHED_TEXT      CODE
 07F85H 0803DH 000B9H QK_MUTEX_TEXT      CODE
 0803EH 08264H 00227H QK_EXT_TEXT        CODE
 08265H 08275H 00011H QK_PORT_TEXT       CODE
 08276H 08295H 00020H FPU_TEXT           CODE
 08296H 08ADAH 00845H QS_TEXT            CODE
 08ADBH 08FB2H 004D8H QS__TEXT           CODE
 08FB3H 09025H 00073H QS_BLK_TEXT        CODE
 09026H 09154H 0012FH QS_STR_TEXT        CODE
 09160H 09727H 005C8H E87_PROG           CODE
 09730H 09730H 00000H _FARDATA           FAR_DATA
 09730H 09730H 00000H BSP5_FAR           FAR_DATA
 09730H 09730H 00000H BSP6_FAR           FAR_DATA
 09730H 09730H 00000H BSP7_FAR           FAR_DATA
 09730H 09730H 00000H BSP8_FAR           FAR_DATA
 09730H 09730H 00000H BSP9_FAR           FAR_DATA
 09730H 09730H 00000H BSP10_FAR          FAR_DATA
 09730H 09730H 00000H BSP11_FAR          FAR_DATA
 09730H 09730H 00000H BSP12_FAR          FAR_DATA
 09730H 09730H 00000H BSP13_FAR          FAR_DATA
 09730H 09730H 00000H MAIN5_FAR          FAR_DATA
 09730H 09730H 00000H MAIN6_FAR          FAR_DATA
 09730H 09730H 00000H MAIN7_FAR          FAR_DATA
 09730H 09730H 00000H MAIN8_FAR          FAR_DATA
 09730H 09730H 00000H MAIN9_FAR          FAR_DATA
 09730H 09730H 00000H MAIN10_FAR         FAR_DATA
 09730H 09730H 00000H MAIN11_FAR         FAR_DATA
 09730H 09730H 00000H MAIN12_FAR         FAR_DATA
 09730H 09730H 00000H MAIN13_FAR         FAR_DATA
 09730H 09730H 00000H PHILO5_FAR         FAR_DATA
 09730H 09730H 00000H PHILO6_FAR         FAR_DATA
 09730H 09730H 00000H PHILO7_FAR         FAR_DATA
 09730H 09730H 00000H PHILO8_FAR         FAR_DATA
 09730H 09730H 00000H PHILO9_FAR         FAR_DATA
 09730H 09730H 00000H PHILO10_FAR        FAR_DATA
 09730H 09730H 00000H PHILO11_FAR        FAR_DATA
 09730H 09730H 00000H PHILO12_FAR        FAR_DATA
 09730H 09730H 00000H PHILO13_FAR        FAR_DATA
 09730H 09730H 00000H TABLE5_FAR         FAR_DATA
 09730H 09730H 00000H TABLE6_FAR         FAR_DATA
 09730H 09730H 00000H TABLE7_FAR         FAR_DATA
 09730H 09730H 00000H TABLE8_FAR         FAR_DATA
 09730H 09730H 00000H TABLE9_FAR         FAR_DATA
 09730H 09730H 00000H TABLE10_FAR        FAR_DATA
 09730H 09730H 00000H TABLE11_FAR        FAR_DATA
 09730H 09730H 00000H TABLE12_FAR        FAR_DATA
 09730H 09730H 00000H TABLE13_FAR        FAR_DATA
 09730H 09730H 00000H VIDEO5_FAR         FAR_DATA
 09730H 09730H 00000H VIDEO6_FAR         FAR_DATA
 09730H 09730H 00000H VIDEO7_FAR         FAR_DATA
 09730H 09730H 00000H VIDEO8_FAR         FAR_DATA
 09730H 09730H 00000H VIDEO9_FAR         FAR_DATA
 09730H 09730H 00000H VIDEO10_FAR        FAR_DATA
 09730H 09730H 00000H VIDEO11_FAR        FAR_DATA
 09730H 09730H 00000H VIDEO12_FAR        FAR_DATA
 09730H 09730H 00000H VIDEO13_FAR        FAR_DATA
 09730H 09730H 00000H QEP5_FAR           FAR_DATA
 09730H 09730H 00000H QEP6_FAR           FAR_DATA
 09730H 09730H 00000H QEP7_FAR           FAR_DATA
 09730H 09730H 00000H QEP8_FAR           FAR_DATA
 09730H 09730H 00000H QEP9_FAR           FAR_DATA
 09730H 09730H 00000H QEP10_FAR          FAR_DATA
 09730H 09730H 00000H QEP11_FAR          FAR_DATA
 09730H 09730H 00000H QEP12_FAR          FAR_DATA
 09730H 09730H 00000H QEP13_FAR          FAR_DATA
 09730H 09730H 00000H QHSM_INI5_FAR      FAR_DATA
 09730H 09730H 00000H QHSM_INI6_FAR      FAR_DATA
 09730H 09730H 00000H QHSM_INI7_FAR      FAR_DATA
 09730H 09730H 00000H QHSM_INI8_FAR      FAR_DATA
 09730H 09730H 00000H QHSM_INI9_FAR      FAR_DATA
 09730H 09730H 00000H QHSM_INI10_FAR     FAR_DATA
 09730H 09730H 00000H QHSM_INI11_FAR     FAR_DATA
 09730H 09730H 00000H QHSM_INI12_FAR     FAR_DATA
 09730H 09730H 00000H QHSM_INI13_FAR     FAR_DATA
 09730H 09730H 00000H QHSM_DIS5_FAR      FAR_DATA
 09730H 09730H 00000H QHSM_DIS6_FAR      FAR_DATA
 09730H 09730H 00000H QHSM_DIS7_FAR      FAR_DATA
 09730H 09730H 00000H QHSM_DIS8_FAR      FAR_DATA
 09730H 09730H 00000H QHSM_DIS9_FAR      FAR_DATA
 09730H 09730H 00000H QHSM_DIS10_FAR     FAR_DATA
 09730H 09730H 00000H QHSM_DIS11_FAR     FAR_DATA
 09730H 09730H 00000H QHSM_DIS12_FAR     FAR_DATA
 09730H 09730H 00000H QHSM_DIS13_FAR     FAR_DATA
 09730H 09730H 00000H QHSM_TOP5_FAR      FAR_DATA
 09730H 09730H 00000H QHSM_TOP6_FAR      FAR_DATA
 09730H 09730H 00000H QHSM_TOP7_FAR      FAR_DATA
 09730H 09730H 00000H QHSM_TOP8_FAR      FAR_DATA
 09730H 09730H 00000H QHSM_TOP9_FAR      FAR_DATA
 09730H 09730H 00000H QHSM_TOP10_FAR     FAR_DATA
 09730H 09730H 00000H QHSM_TOP11_FAR     FAR_DATA
 09730H 09730H 00000H QHSM_TOP12_FAR     FAR_DATA
 09730H 09730H 00000H QHSM_TOP13_FAR     FAR_DATA
 09730H 09730H 00000H QA_FIFO5_FAR       FAR_DATA
 09730H 09730H 00000H QA_FIFO6_FAR       FAR_DATA
 09730H 09730H 00000H QA_FIFO7_FAR       FAR_DATA
 09730H 09730H 00000H QA_FIFO8_FAR       FAR_DATA
 09730H 09730H 00000H QA_FIFO9_FAR       FAR_DATA
 09730H 09730H 00000H QA_FIFO10_FAR      FAR_DATA
 09730H 09730H 00000H QA_FIFO11_FAR      FAR_DATA
 09730H 09730H 00000H QA_FIFO12_FAR      FAR_DATA
 09730H 09730H 00000H QA_FIFO13_FAR      FAR_DATA
 09730H 09730H 00000H QA_GET_5_FAR       FAR_DATA
 09730H 09730H 00000H QA_GET_6_FAR       FAR_DATA
 09730H 09730H 00000H QA_GET_7_FAR       FAR_DATA
 09730H 09730H 00000H QA_GET_8_FAR       FAR_DATA
 09730H 09730H 00000H QA_GET_9_FAR       FAR_DATA
 09730H 09730H 00000H QA_GET_10_FAR      FAR_DATA
 09730H 09730H 00000H QA_GET_11_FAR      FAR_DATA
 09730H 09730H 00000H QA_GET_12_FAR      FAR_DATA
 09730H 09730H 00000H QA_GET_13_FAR      FAR_DATA
 09730H 09730H 00000H QA_SUB5_FAR        FAR_DATA
 09730H 09730H 00000H QA_SUB6_FAR        FAR_DATA
 09730H 09730H 00000H QA_SUB7_FAR        FAR_DATA
 09730H 09730H 00000H QA_SUB8_FAR        FAR_DATA
 09730H 09730H 00000H QA_SUB9_FAR        FAR_DATA
 09730H 09730H 00000H QA_SUB10_FAR       FAR_DATA
 09730H 09730H 00000H QA_SUB11_FAR       FAR_DATA
 09730H 09730H 00000H QA_SUB12_FAR       FAR_DATA
 09730H 09730H 00000H QA_SUB13_FAR       FAR_DATA
 09730H 09730H 00000H QEQ_INIT5_FAR      FAR_DATA
 09730H 09730H 00000H QEQ_INIT6_FAR      FAR_DATA
 09730H 09730H 00000H QEQ_INIT7_FAR      FAR_DATA
 09730H 09730H 00000H QEQ_INIT8_FAR      FAR_DATA
 09730H 09730H 00000H QEQ_INIT9_FAR      FAR_DATA
 09730H 09730H 00000H QEQ_INIT10_FAR     FAR_DATA
 09730H 09730H 00000H QEQ_INIT11_FAR     FAR_DATA
 09730H 09730H 00000H QEQ_INIT12_FAR     FAR_DATA
 09730H 09730H 00000H QEQ_INIT13_FAR     FAR_DATA
 09730H 09730H 00000H QF_ACT5_FAR        FAR_DATA
 09730H 09730H 00000H QF_ACT6_FAR        FAR_DATA
 09730H 09730H 00000H QF_ACT7_FAR        FAR_DATA
 09730H 09730H 00000H QF_ACT8_FAR        FAR_DATA
 09730H 09730H 00000H QF_ACT9_FAR        FAR_DATA
 09730H 09730H 00000H QF_ACT10_FAR       FAR_DATA
 09730H 09730H 00000H QF_ACT11_FAR       FAR_DATA
 09730H 09730H 00000H QF_ACT12_FAR       FAR_DATA
 09730H 09730H 00000H QF_ACT13_FAR       FAR_DATA
 09730H 09730H 00000H QF_GC5_FAR         FAR_DATA
 09730H 09730H 00000H QF_GC6_FAR         FAR_DATA
 09730H 09730H 00000H QF_GC7_FAR         FAR_DATA
 09730H 09730H 00000H QF_GC8_FAR         FAR_DATA
 09730H 09730H 00000H QF_GC9_FAR         FAR_DATA
 09730H 09730H 00000H QF_GC10_FAR        FAR_DATA
 09730H 09730H 00000H QF_GC11_FAR        FAR_DATA
 09730H 09730H 00000H QF_GC12_FAR        FAR_DATA
 09730H 09730H 00000H QF_GC13_FAR        FAR_DATA
 09730H 09730H 00000H QF_LOG25_FAR       FAR_DATA
 09730H 09730H 00000H QF_LOG26_FAR       FAR_DATA
 09730H 09730H 00000H QF_LOG27_FAR       FAR_DATA
 09730H 09730H 00000H QF_LOG28_FAR       FAR_DATA
 09730H 09730H 00000H QF_LOG29_FAR       FAR_DATA
 09730H 09730H 00000H QF_LOG210_FAR      FAR_DATA
 09730H 09730H 00000H QF_LOG211_FAR      FAR_DATA
 09730H 09730H 00000H QF_LOG212_FAR      FAR_DATA
 09730H 09730H 00000H QF_LOG213_FAR      FAR_DATA
 09730H 09730H 00000H QF_NEW5_FAR        FAR_DATA
 09730H 09730H 00000H QF_NEW6_FAR        FAR_DATA
 09730H 09730H 00000H QF_NEW7_FAR        FAR_DATA
 09730H 09730H 00000H QF_NEW8_FAR        FAR_DATA
 09730H 09730H 00000H QF_NEW9_FAR        FAR_DATA
 09730H 09730H 00000H QF_NEW10_FAR       FAR_DATA
 09730H 09730H 00000H QF_NEW11_FAR       FAR_DATA
 09730H 09730H 00000H QF_NEW12_FAR       FAR_DATA
 09730H 09730H 00000H QF_NEW13_FAR       FAR_DATA
 09730H 09730H 00000H QF_POOL5_FAR       FAR_DATA
 09730H 09730H 00000H QF_POOL6_FAR       FAR_DATA
 09730H 09730H 00000H QF_POOL7_FAR       FAR_DATA
 09730H 09730H 00000H QF_POOL8_FAR       FAR_DATA
 09730H 09730H 00000H QF_POOL9_FAR       FAR_DATA
 09730H 09730H 00000H QF_POOL10_FAR      FAR_DATA
 09730H 09730H 00000H QF_POOL11_FAR      FAR_DATA
 09730H 09730H 00000H QF_POOL12_FAR      FAR_DATA
 09730H 09730H 00000H QF_POOL13_FAR      FAR_DATA
 09730H 09730H 00000H QF_PSINI5_FAR      FAR_DATA
 09730H 09730H 00000H QF_PSINI6_FAR      FAR_DATA
 09730H 09730H 00000H QF_PSINI7_FAR      FAR_DATA
 09730H 09730H 00000H QF_PSINI8_FAR      FAR_DATA
 09730H 09730H 00000H QF_PSINI9_FAR      FAR_DATA
 09730H 09730H 00000H QF_PSINI10_FAR     FAR_DATA
 09730H 09730H 00000H QF_PSINI11_FAR     FAR_DATA
 09730H 09730H 00000H QF_PSINI12_FAR     FAR_DATA
 09730H 09730H 00000H QF_PSINI13_FAR     FAR_DATA
 09730H 09730H 00000H QF_PSPUB5_FAR      FAR_DATA
 09730H 09730H 00000H QF_PSPUB6_FAR      FAR_DATA
 09730H 09730H 00000H QF_PSPUB7_FAR      FAR_DATA
 09730H 09730H 00000H QF_PSPUB8_FAR      FAR_DATA
 09730H 09730H 00000H QF_PSPUB9_FAR      FAR_DATA
 09730H 09730H 00000H QF_PSPUB10_FAR     FAR_DATA
 09730H 09730H 00000H QF_PSPUB11_FAR     FAR_DATA
 09730H 09730H 00000H QF_PSPUB12_FAR     FAR_DATA
 09730H 09730H 00000H QF_PSPUB13_FAR     FAR_DATA
 09730H 09730H 00000H QF_PWR25_FAR       FAR_DATA
 09730H 09730H 00000H QF_PWR26_FAR       FAR_DATA
 09730H 09730H 00000H QF_PWR27_FAR       FAR_DATA
 09730H 09730H 00000H QF_PWR28_FAR       FAR_DATA
 09730H 09730H 00000H QF_PWR29_FAR       FAR_DATA
 09730H 09730H 00000H QF_PWR210_FAR      FAR_DATA
 09730H 09730H 00000H QF_PWR211_FAR      FAR_DATA
 09730H 09730H 00000H QF_PWR212_FAR      FAR_DATA
 09730H 09730H 00000H QF_PWR213_FAR      FAR_DATA
 09730H 09730H 00000H QF_TICK5_FAR       FAR_DATA
 09730H 09730H 00000H QF_TICK6_FAR       FAR_DATA
 09730H 09730H 00000H QF_TICK7_FAR       FAR_DATA
 09730H 09730H 00000H QF_TICK8_FAR       FAR_DATA
 09730H 09730H 00000H QF_TICK9_FAR       FAR_DATA
 09730H 09730H 00000H QF_TICK10_FAR      FAR_DATA
 09730H 09730H 00000H QF_TICK11_FAR      FAR_DATA
 09730H 09730H 00000H QF_TICK12_FAR      FAR_DATA
 09730H 09730H 00000H QF_TICK13_FAR      FAR_DATA
 09730H 09730H 00000H QMP_GET5_FAR       FAR_DATA
 09730H 09730H 00000H QMP_GET6_FAR       FAR_DATA
 09730H 09730H 00000H QMP_GET7_FAR       FAR_DATA
 09730H 09730H 00000H QMP_GET8_FAR       FAR_DATA
 09730H 09730H 00000H QMP_GET9_FAR       FAR_DATA
 09730H 09730H 00000H QMP_GET10_FAR      FAR_DATA
 09730H 09730H 00000H QMP_GET11_FAR      FAR_DATA
 09730H 09730H 00000H QMP_GET12_FAR      FAR_DATA
 09730H 09730H 00000H QMP_GET13_FAR      FAR_DATA
 09730H 09730H 00000H QMP_INIT5_FAR      FAR_DATA
 09730H 09730H 00000H QMP_INIT6_FAR      FAR_DATA
 09730H 09730H 00000H QMP_INIT7_FAR      FAR_DATA
 09730H 09730H 00000H QMP_INIT8_FAR      FAR_DATA
 09730H 09730H 00000H QMP_INIT9_FAR      FAR_DATA
 09730H 09730H 00000H QMP_INIT10_FAR     FAR_DATA
 09730H 09730H 00000H QMP_INIT11_FAR     FAR_DATA
 09730H 09730H 00000H QMP_INIT12_FAR     FAR_DATA
 09730H 09730H 00000H QMP_INIT13_FAR     FAR_DATA
 09730H 09730H 00000H QMP_PUT5_FAR       FAR_DATA
 09730H 09730H 00000H QMP_PUT6_FAR       FAR_DATA
 09730H 09730H 00000H QMP_PUT7_FAR       FAR_DATA
 09730H 09730H 00000H QMP_PUT8_FAR       FAR_DATA
 09730H 09730H 00000H QMP_PUT9_FAR       FAR_DATA
 09730H 09730H 00000H QMP_PUT10_FAR      FAR_DATA
 09730H 09730H 00000H QMP_PUT11_FAR      FAR_DATA
 09730H 09730H 00000H QMP_PUT12_FAR      FAR_DATA
 09730H 09730H 00000H QMP_PUT13_FAR      FAR_DATA
 09730H 09730H 00000H QTE_CTOR5_FAR      FAR_DATA
 09730H 09730H 00000H QTE_CTOR6_FAR      FAR_DATA
 09730H 09730H 00000H QTE_CTOR7_FAR      FAR_DATA
 09730H 09730H 00000H QTE_CTOR8_FAR      FAR_DATA
 09730H 09730H 00000H QTE_CTOR9_FAR      FAR_DATA
 09730H 09730H 00000H QTE_CTOR10_FAR     FAR_DATA
 09730H 09730H 00000H QTE_CTOR11_FAR     FAR_DATA
 09730H 09730H 00000H QTE_CTOR12_FAR     FAR_DATA
 09730H 09730H 00000H QTE_CTOR13_FAR     FAR_DATA
 09730H 09730H 00000H QTE_ARM5_FAR       FAR_DATA
 09730H 09730H 00000H QTE_ARM6_FAR       FAR_DATA
 09730H 09730H 00000H QTE_ARM7_FAR       FAR_DATA
 09730H 09730H 00000H QTE_ARM8_FAR       FAR_DATA
 09730H 09730H 00000H QTE_ARM9_FAR       FAR_DATA
 09730H 09730H 00000H QTE_ARM10_FAR      FAR_DATA
 09730H 09730H 00000H QTE_ARM11_FAR      FAR_DATA
 09730H 09730H 00000H QTE_ARM12_FAR      FAR_DATA
 09730H 09730H 00000H QTE_ARM13_FAR      FAR_DATA
 09730H 09730H 00000H QK5_FAR            FAR_DATA
 09730H 09730H 00000H QK6_FAR            FAR_DATA
 09730H 09730H 00000H QK7_FAR            FAR_DATA
 09730H 09730H 00000H QK8_FAR            FAR_DATA
 09730H 09730H 00000H QK9_FAR            FAR_DATA
 09730H 09730H 00000H QK10_FAR           FAR_DATA
 09730H 09730H 00000H QK11_FAR           FAR_DATA
 09730H 09730H 00000H QK12_FAR           FAR_DATA
 09730H 09730H 00000H QK13_FAR           FAR_DATA
 09730H 09730H 00000H QK_SCHED5_FAR      FAR_DATA
 09730H 09730H 00000H QK_SCHED6_FAR      FAR_DATA
 09730H 09730H 00000H QK_SCHED7_FAR      FAR_DATA
 09730H 09730H 00000H QK_SCHED8_FAR      FAR_DATA
 09730H 09730H 00000H QK_SCHED9_FAR      FAR_DATA
 09730H 09730H 00000H QK_SCHED10_FAR     FAR_DATA
 09730H 09730H 00000H QK_SCHED11_FAR     FAR_DATA
 09730H 09730H 00000H QK_SCHED12_FAR     FAR_DATA
 09730H 09730H 00000H QK_SCHED13_FAR     FAR_DATA
 09730H 09730H 00000H QK_MUTEX5_FAR      FAR_DATA
 09730H 09730H 00000H QK_MUTEX6_FAR      FAR_DATA
 09730H 09730H 00000H QK_MUTEX7_FAR      FAR_DATA
 09730H 09730H 00000H QK_MUTEX8_FAR      FAR_DATA
 09730H 09730H 00000H QK_MUTEX9_FAR      FAR_DATA
 09730H 09730H 00000H QK_MUTEX10_FAR     FAR_DATA
 09730H 09730H 00000H QK_MUTEX11_FAR     FAR_DATA
 09730H 09730H 00000H QK_MUTEX12_FAR     FAR_DATA
 09730H 09730H 00000H QK_MUTEX13_FAR     FAR_DATA
 09730H 09730H 00000H QK_EXT5_FAR        FAR_DATA
 09730H 09730H 00000H QK_EXT6_FAR        FAR_DATA
 09730H 09730H 00000H QK_EXT7_FAR        FAR_DATA
 09730H 09730H 00000H QK_EXT8_FAR        FAR_DATA
 09730H 09730H 00000H QK_EXT9_FAR        FAR_DATA
 09730H 09730H 00000H QK_EXT10_FAR       FAR_DATA
 09730H 09730H 00000H QK_EXT11_FAR       FAR_DATA
 09730H 09730H 00000H QK_EXT12_FAR       FAR_DATA
 09730H 09730H 00000H QK_EXT13_FAR       FAR_DATA
 09730H 09730H 00000H QK_PORT5_FAR       FAR_DATA
 09730H 09730H 00000H QK_PORT6_FAR       FAR_DATA
 09730H 09730H 00000H QK_PORT7_FAR       FAR_DATA
 09730H 09730H 00000H QK_PORT8_FAR       FAR_DATA
 09730H 09730H 00000H QK_PORT9_FAR       FAR_DATA
 09730H 09730H 00000H QK_PORT10_FAR      FAR_DATA
 09730H 09730H 00000H QK_PORT11_FAR      FAR_DATA
 09730H 09730H 00000H QK_PORT12_FAR      FAR_DATA
 09730H 09730H 00000H QK_PORT13_FAR      FAR_DATA
 09730H 09730H 00000H QS5_FAR            FAR_DATA
 09730H 09730H 00000H QS6_FAR            FAR_DATA
 09730H 09730H 00000H QS7_FAR            FAR_DATA
 09730H 09730H 00000H QS8_FAR            FAR_DATA
 09730H 09730H 00000H QS9_FAR            FAR_DATA
 09730H 09730H 00000H QS10_FAR           FAR_DATA
 09730H 09730H 00000H QS11_FAR           FAR_DATA
 09730H 09730H 00000H QS12_FAR           FAR_DATA
 09730H 09730H 00000H QS13_FAR           FAR_DATA
 09730H 09730H 00000H QS_5_FAR           FAR_DATA
 09730H 09730H 00000H QS_6_FAR           FAR_DATA
 09730H 09730H 00000H QS_7_FAR           FAR_DATA
 09730H 09730H 00000H QS_8_FAR           FAR_DATA
 09730H 09730H 00000H QS_9_FAR           FAR_DATA
 09730H 09730H 00000H QS_10_FAR          FAR_DATA
 09730H 09730H 00000H QS_11_FAR          FAR_DATA
 09730H 09730H 00000H QS_12_FAR          FAR_DATA
 09730H 09730H 00000H QS_13_FAR          FAR_DATA
 09730H 09730H 00000H QS_BLK5_FAR        FAR_DATA
 09730H 09730H 00000H QS_BLK6_FAR        FAR_DATA
 09730H 09730H 00000H QS_BLK7_FAR        FAR_DATA
 09730H 09730H 00000H QS_BLK8_FAR        FAR_DATA
 09730H 09730H 00000H QS_BLK9_FAR        FAR_DATA
 09730H 09730H 00000H QS_BLK10_FAR       FAR_DATA
 09730H 09730H 00000H QS_BLK11_FAR       FAR_DATA
 09730H 09730H 00000H QS_BLK12_FAR       FAR_DATA
 09730H 09730H 00000H QS_BLK13_FAR       FAR_DATA
 09730H 09730H 00000H QS_STR5_FAR        FAR_DATA
 09730H 09730H 00000H QS_STR6_FAR        FAR_DATA
 09730H 09730H 00000H QS_STR7_FAR        FAR_DATA
 09730H 09730H 00000H QS_STR8_FAR        FAR_DATA
 09730H 09730H 00000H QS_STR9_FAR        FAR_DATA
 09730H 09730H 00000H QS_STR10_FAR       FAR_DATA
 09730H 09730H 00000H QS_STR11_FAR       FAR_DATA
 09730H 09730H 00000H QS_STR12_FAR       FAR_DATA
 09730H 09730H 00000H QS_STR13_FAR       FAR_DATA
 09730H 09730H 00000H _OVERLAY_          OVRINFO
 09730H 09759H 0002AH _INIT_             INITDATA
 0975AH 0975AH 00000H _INITEND_          INITDATA
 0975AH 0976BH 00012H _EXIT_             EXITDATA
 0976CH 0976CH 00000H _EXITEND_          EXITDATA
 09770H 09770H 00000H _1STUB_            STUBSEG
 09770H 0AB69H 013FAH _DATA              DATA
 0AB6AH 0AB6BH 00002H _CVTSEG            DATA
 0AB6CH 0AB71H 00006H _SCNSEG            DATA
 0AB72H 0B33DH 007CCH _BSS               BSS
 0B33EH 0B33EH 00000H _BSSEND            ENDBSS
 0B340H 0B4CFH 00190H _STACK             STACK


Detailed map of segments

 0000:0000 020A C=CODE   S=_TEXT          G=(none)  M=c0.ASM     ACBP=28
 0000:020A 0210 C=CODE   S=_TEXT          G=(none)  M=FP87INIT   ACBP=28
 0000:041A 0000 C=CODE   S=_TEXT          G=(none)  M=E87TRAP    ACBP=28
 0000:041A 0000 C=CODE   S=_TEXT          G=(none)  M=PROTFLAG   ACBP=28
 0000:041A 0000 C=CODE   S=_TEXT          G=(none)  M=DEFLT87    ACBP=28
 0000:041A 0052 C=CODE   S=_TEXT          G=(none)  M=COS        ACBP=28
 0000:046C 000F C=CODE   S=_TEXT          G=(none)  M=FABS       ACBP=28
 0000:047B 00AE C=CODE   S=_TEXT          G=(none)  M=FPERR      ACBP=28
 0000:0529 0000 C=CODE   S=_TEXT          G=(none)  M=HUGEVAL    ACBP=28
 0000:0529 009B C=CODE   S=_TEXT          G=(none)  M=LDTRUNC    ACBP=28
 0000:05C4 002A C=CODE   S=_TEXT          G=(none)  M=MATHERR    ACBP=28
 0000:05EE 00C8 C=CODE   S=_TEXT          G=(none)  M=POW10      ACBP=28
 0000:06B6 01B5 C=CODE   S=_TEXT          G=(none)  M=REALCVT    ACBP=28
 0000:086B 0392 C=CODE   S=_TEXT          G=(none)  M=SCANTOD    ACBP=28
 0000:0BFD 0052 C=CODE   S=_TEXT          G=(none)  M=SIN        ACBP=28
 0000:0C4F 01E6 C=CODE   S=_TEXT          G=(none)  M=XCVT       ACBP=28
 0000:0E35 00A9 C=CODE   S=_TEXT          G=(none)  M=_MATHERR   ACBP=28
 0000:0EDE 002D C=CODE   S=_TEXT          G=(none)  M=ATEXIT     ACBP=28
 0000:0F0B 0029 C=CODE   S=_TEXT          G=(none)  M=CLRSCR     ACBP=28
 0000:0F34 0000 C=CODE   S=_TEXT          G=(none)  M=CTYPE      ACBP=28
 0000:0F34 0026 C=CODE   S=_TEXT          G=(none)  M=EXIT       ACBP=28
 0000:0F5A 012C C=CODE   S=_TEXT          G=(none)  M=FBRK       ACBP=28
 0000:1086 00D0 C=CODE   S=_TEXT          G=(none)  M=FFLUSH     ACBP=28
 0000:1156 0000 C=CODE   S=_TEXT          G=(none)  M=FILES      ACBP=28
 0000:1156 0000 C=CODE   S=_TEXT          G=(none)  M=FILES2     ACBP=28
 0000:1156 0043 C=CODE   S=_TEXT          G=(none)  M=FLUSHALL   ACBP=28
 0000:1199 001C C=CODE   S=_TEXT          G=(none)  M=FPRINTF    ACBP=28
 0000:11B5 0000 C=CODE   S=_TEXT          G=(none)  M=FPSTKLEN   ACBP=28
 0000:11B5 0154 C=CODE   S=_TEXT          G=(none)  M=FSEEK      ACBP=28
 0000:1309 0026 C=CODE   S=_TEXT          G=(none)  M=GETDATE    ACBP=28
 0000:132F 008B C=CODE   S=_TEXT          G=(none)  M=GPTEXT     ACBP=28
 0000:13BA 00A6 C=CODE   S=_TEXT          G=(none)  M=MOVETEXT   ACBP=28
 0000:1460 033D C=CODE   S=_TEXT          G=(none)  M=PUTC       ACBP=28
 0000:179D 0037 C=CODE   S=_TEXT          G=(none)  M=RAND       ACBP=28
 0000:17D4 01B1 C=CODE   S=_TEXT          G=(none)  M=SCREEN     ACBP=28
 0000:1985 0192 C=CODE   S=_TEXT          G=(none)  M=SCROLL     ACBP=28
 0000:1B17 0079 C=CODE   S=_TEXT          G=(none)  M=SETUPIO    ACBP=28
 0000:1B90 011F C=CODE   S=_TEXT          G=(none)  M=SETVBUF    ACBP=28
 0000:1CAF 0000 C=CODE   S=_TEXT          G=(none)  M=SIGDATA    ACBP=28
 0000:1CAF 0098 C=CODE   S=_TEXT          G=(none)  M=STIME      ACBP=28
 0000:1D47 0000 C=CODE   S=_TEXT          G=(none)  M=STKLEN     ACBP=28
 0000:1D47 001A C=CODE   S=_TEXT          G=(none)  M=TELL       ACBP=28
 0000:1D61 0331 C=CODE   S=_TEXT          G=(none)  M=TIMECVT    ACBP=28
 0000:2092 002C C=CODE   S=_TEXT          G=(none)  M=WHEREXY    ACBP=28
 0000:20BE 012D C=CODE   S=_TEXT          G=(none)  M=WRITE      ACBP=28
 0000:21EB 003A C=CODE   S=_TEXT          G=(none)  M=XFFLUSH    ACBP=28
 0000:2225 0086 C=CODE   S=_TEXT          G=(none)  M=ATOL       ACBP=28
 0000:22AB 01BA C=CODE   S=_TEXT          G=(none)  M=CRTINIT    ACBP=28
 0000:2465 0070 C=CODE   S=_TEXT          G=(none)  M=GETENV     ACBP=28
 0000:24D5 0020 C=CODE   S=_TEXT          G=(none)  M=GETVECT    ACBP=28
 0000:24F5 0014 C=CODE   S=_TEXT          G=(none)  M=INPORT     ACBP=28
 0000:2509 003D C=CODE   S=_TEXT          G=(none)  M=IOERROR    ACBP=28
 0000:2546 0011 C=CODE   S=_TEXT          G=(none)  M=ISATTY     ACBP=28
 0000:2557 0029 C=CODE   S=_TEXT          G=(none)  M=LSEEK      ACBP=28
 0000:2580 00F1 C=CODE   S=_TEXT          G=(none)  M=LTOA       ACBP=28
 0000:2671 0024 C=CODE   S=_TEXT          G=(none)  M=MEMCPY     ACBP=28
 0000:2695 0043 C=CODE   S=_TEXT          G=(none)  M=MEMSET     ACBP=28
 0000:26D8 0018 C=CODE   S=_TEXT          G=(none)  M=OUTPORT    ACBP=28
 0000:26F0 001C C=CODE   S=_TEXT          G=(none)  M=SETBLOCK   ACBP=28
 0000:270C 002A C=CODE   S=_TEXT          G=(none)  M=SETDATE    ACBP=28
 0000:2736 0029 C=CODE   S=_TEXT          G=(none)  M=STRCPY     ACBP=28
 0000:275F 001F C=CODE   S=_TEXT          G=(none)  M=STRLEN     ACBP=28
 0000:277E 0031 C=CODE   S=_TEXT          G=(none)  M=STRNCPY    ACBP=28
 0000:27AF 02CB C=CODE   S=_TEXT          G=(none)  M=TZSET      ACBP=28
 0000:2A7A 04F0 C=CODE   S=_TEXT          G=(none)  M=VPRINTER   ACBP=28
 0000:2F6A 009F C=CODE   S=_TEXT          G=(none)  M=VRAM       ACBP=28
 0000:3009 004B C=CODE   S=_TEXT          G=(none)  M=WRITEA     ACBP=28
 0000:3054 0012 C=CODE   S=_TEXT          G=(none)  M=DEL        ACBP=28
 0000:3066 006C C=CODE   S=_TEXT          G=(none)  M=NEW        ACBP=28
 0000:30D2 011B C=CODE   S=_TEXT          G=(none)  M=VDEL       ACBP=28
 0000:31ED 00F3 C=CODE   S=_TEXT          G=(none)  M=VNEW       ACBP=28
 0000:32E0 03FC C=CODE   S=_TEXT          G=(none)  M=FARHEAP    ACBP=68
 0000:36DC 0017 C=CODE   S=_TEXT          G=(none)  M=F_LXMUL    ACBP=28
 0000:36F3 00AE C=CODE   S=_TEXT          G=(none)  M=H_LDIV     ACBP=28
 0000:37A1 0021 C=CODE   S=_TEXT          G=(none)  M=H_LLSH     ACBP=28
 0000:37C2 0021 C=CODE   S=_TEXT          G=(none)  M=H_LURSH    ACBP=28
 0000:37E3 0060 C=CODE   S=_TEXT          G=(none)  M=H_PADD     ACBP=28
 0000:3843 0017 C=CODE   S=_TEXT          G=(none)  M=N_LXMUL    ACBP=28
 0000:385A 0021 C=CODE   S=_TEXT          G=(none)  M=N_PCMP     ACBP=28
 0000:387B 0004 C=CODE   S=_TEXT          G=(none)  M=REALCVT    ACBP=28
 0000:387F 0127 C=CODE   S=_TEXT          G=(none)  M=SETARGV    ACBP=28
 0000:39A6 0052 C=CODE   S=_TEXT          G=(none)  M=SETENVP    ACBP=28
 039F:0008 0C60 C=CODE   S=BSP_TEXT       G=(none)  M=BSP.CPP    ACBP=28
 0465:0008 0336 C=CODE   S=MAIN_TEXT      G=(none)  M=MAIN.CPP   ACBP=28
 0498:000E 09A3 C=CODE   S=PHILO_TEXT     G=(none)  M=PHILO.CPP  ACBP=28
 0533:0001 064D C=CODE   S=TABLE_TEXT     G=(none)  M=TABLE.CPP  ACBP=28
 0597:000E 0291 C=CODE   S=VIDEO_TEXT     G=(none)  M=VIDEO.CPP  ACBP=28
 05C0:000F 000C C=CODE   S=QEP_TEXT       G=(none)  M=QEP        ACBP=28
 05C1:000B 02AB C=CODE   S=QHSM_INI_TEXT  G=(none)  M=QHSM_INI   ACBP=28
 05EC:0006 0A29 C=CODE   S=QHSM_DIS_TEXT  G=(none)  M=QHSM_DIS   ACBP=28
 068E:000F 0009 C=CODE   S=QHSM_TOP_TEXT  G=(none)  M=QHSM_TOP   ACBP=28
 068F:0008 01D3 C=CODE   S=QA_FIFO_TEXT   G=(none)  M=QA_FIFO    ACBP=28
 06AC:000B 0290 C=CODE   S=QA_GET__TEXT   G=(none)  M=QA_GET_    ACBP=28
 06D5:000B 00FD C=CODE   S=QA_SUB_TEXT    G=(none)  M=QA_SUB     ACBP=28
 06E5:0008 00B0 C=CODE   S=QEQ_INIT_TEXT  G=(none)  M=QEQ_INIT   ACBP=28
 06F0:0008 01B9 C=CODE   S=QF_ACT_TEXT    G=(none)  M=QF_ACT     ACBP=28
 070C:0001 0105 C=CODE   S=QF_GC_TEXT     G=(none)  M=QF_GC      ACBP=28
 071C:0006 0000 C=CODE   S=QF_LOG2_TEXT   G=(none)  M=QF_LOG2    ACBP=28
 071C:0006 00EC C=CODE   S=QF_NEW_TEXT    G=(none)  M=QF_NEW     ACBP=28
 072B:0002 007D C=CODE   S=QF_POOL_TEXT   G=(none)  M=QF_POOL    ACBP=28
 0732:000F 0018 C=CODE   S=QF_PSINI_TEXT  G=(none)  M=QF_PSINI   ACBP=28
 0734:0007 0142 C=CODE   S=QF_PSPUB_TEXT  G=(none)  M=QF_PSPUB   ACBP=28
 0748:0009 0000 C=CODE   S=QF_PWR2_TEXT   G=(none)  M=QF_PWR2    ACBP=28
 0748:0009 0216 C=CODE   S=QF_TICK_TEXT   G=(none)  M=QF_TICK    ACBP=28
 0769:000F 012F C=CODE   S=QMP_GET_TEXT   G=(none)  M=QMP_GET    ACBP=28
 077C:000E 01FE C=CODE   S=QMP_INIT_TEXT  G=(none)  M=QMP_INIT   ACBP=28
 079C:000C 00F7 C=CODE   S=QMP_PUT_TEXT   G=(none)  M=QMP_PUT    ACBP=28
 07AC:0003 009B C=CODE   S=QTE_CTOR_TEXT  G=(none)  M=QTE_CTOR   ACBP=28
 07B5:000E 0122 C=CODE   S=QTE_ARM_TEXT   G=(none)  M=QTE_ARM    ACBP=28
 07C8:0000 00D7 C=CODE   S=QK_TEXT        G=(none)  M=QK         ACBP=28
 07D5:0007 022E C=CODE   S=QK_SCHED_TEXT  G=(none)  M=QK_SCHED   ACBP=28
 07F8:0005 00B9 C=CODE   S=QK_MUTEX_TEXT  G=(none)  M=QK_MUTEX   ACBP=28
 0803:000E 0227 C=CODE   S=QK_EXT_TEXT    G=(none)  M=QK_EXT     ACBP=28
 0826:0005 0011 C=CODE   S=QK_PORT_TEXT   G=(none)  M=QK_PORT    ACBP=28
 0827:0006 0020 C=CODE   S=FPU_TEXT       G=(none)  M=FPU        ACBP=48
 0829:0006 0845 C=CODE   S=QS_TEXT        G=(none)  M=QS         ACBP=28
 08AD:000B 04D8 C=CODE   S=QS__TEXT       G=(none)  M=QS_        ACBP=28
 08FB:0003 0073 C=CODE   S=QS_BLK_TEXT    G=(none)  M=QS_BLK     ACBP=28
 0902:0006 012F C=CODE   S=QS_STR_TEXT    G=(none)  M=QS_STR     ACBP=28
 0916:0000 0000 C=CODE   S=E87_PROG       G=(none)  M=FP87INIT   ACBP=68
 0916:0000 03E3 C=CODE   S=E87_PROG       G=(none)  M=EMU087     ACBP=68
 0916:03F0 01D8 C=CODE   S=E87_PROG       G=(none)  M=E87TRAP    ACBP=68
 0973:0000 0000 C=FAR_DATA S=_FARDATA       G=(none)  M=c0.ASM     ACBP=68
 0973:0000 0000 C=FAR_DATA S=BSP5_FAR       G=(none)  M=BSP.CPP    ACBP=68
 0973:0000 0000 C=FAR_DATA S=BSP6_FAR       G=(none)  M=BSP.CPP    ACBP=68
 0973:0000 0000 C=FAR_DATA S=BSP7_FAR       G=(none)  M=BSP.CPP    ACBP=68
 0973:0000 0000 C=FAR_DATA S=BSP8_FAR       G=(none)  M=BSP.CPP    ACBP=68
 0973:0000 0000 C=FAR_DATA S=BSP9_FAR       G=(none)  M=BSP.CPP    ACBP=68
 0973:0000 0000 C=FAR_DATA S=BSP10_FAR      G=(none)  M=BSP.CPP    ACBP=68
 0973:0000 0000 C=FAR_DATA S=BSP11_FAR      G=(none)  M=BSP.CPP    ACBP=68
 0973:0000 0000 C=FAR_DATA S=BSP12_FAR      G=(none)  M=BSP.CPP    ACBP=68
 0973:0000 0000 C=FAR_DATA S=BSP13_FAR      G=(none)  M=BSP.CPP    ACBP=68
 0973:0000 0000 C=FAR_DATA S=MAIN5_FAR      G=(none)  M=MAIN.CPP   ACBP=68
 0973:0000 0000 C=FAR_DATA S=MAIN6_FAR      G=(none)  M=MAIN.CPP   ACBP=68
 0973:0000 0000 C=FAR_DATA S=MAIN7_FAR      G=(none)  M=MAIN.CPP   ACBP=68
 0973:0000 0000 C=FAR_DATA S=MAIN8_FAR      G=(none)  M=MAIN.CPP   ACBP=68
 0973:0000 0000 C=FAR_DATA S=MAIN9_FAR      G=(none)  M=MAIN.CPP   ACBP=68
 0973:0000 0000 C=FAR_DATA S=MAIN10_FAR     G=(none)  M=MAIN.CPP   ACBP=68
 0973:0000 0000 C=FAR_DATA S=MAIN11_FAR     G=(none)  M=MAIN.CPP   ACBP=68
 0973:0000 0000 C=FAR_DATA S=MAIN12_FAR     G=(none)  M=MAIN.CPP   ACBP=68
 0973:0000 0000 C=FAR_DATA S=MAIN13_FAR     G=(none)  M=MAIN.CPP   ACBP=68
 0973:0000 0000 C=FAR_DATA S=PHILO5_FAR     G=(none)  M=PHILO.CPP  ACBP=68
 0973:0000 0000 C=FAR_DATA S=PHILO6_FAR     G=(none)  M=PHILO.CPP  ACBP=68
 0973:0000 0000 C=FAR_DATA S=PHILO7_FAR     G=(none)  M=PHILO.CPP  ACBP=68
 0973:0000 0000 C=FAR_DATA S=PHILO8_FAR     G=(none)  M=PHILO.CPP  ACBP=68
 0973:0000 0000 C=FAR_DATA S=PHILO9_FAR     G=(none)  M=PHILO.CPP  ACBP=68
 0973:0000 0000 C=FAR_DATA S=PHILO10_FAR    G=(none)  M=PHILO.CPP  ACBP=68
 0973:0000 0000 C=FAR_DATA S=PHILO11_FAR    G=(none)  M=PHILO.CPP  ACBP=68
 0973:0000 0000 C=FAR_DATA S=PHILO12_FAR    G=(none)  M=PHILO.CPP  ACBP=68
 0973:0000 0000 C=FAR_DATA S=PHILO13_FAR    G=(none)  M=PHILO.CPP  ACBP=68
 0973:0000 0000 C=FAR_DATA S=TABLE5_FAR     G=(none)  M=TABLE.CPP  ACBP=68
 0973:0000 0000 C=FAR_DATA S=TABLE6_FAR     G=(none)  M=TABLE.CPP  ACBP=68
 0973:0000 0000 C=FAR_DATA S=TABLE7_FAR     G=(none)  M=TABLE.CPP  ACBP=68
 0973:0000 0000 C=FAR_DATA S=TABLE8_FAR     G=(none)  M=TABLE.CPP  ACBP=68
 0973:0000 0000 C=FAR_DATA S=TABLE9_FAR     G=(none)  M=TABLE.CPP  ACBP=68
 0973:0000 0000 C=FAR_DATA S=TABLE10_FAR    G=(none)  M=TABLE.CPP  ACBP=68
 0973:0000 0000 C=FAR_DATA S=TABLE11_FAR    G=(none)  M=TABLE.CPP  ACBP=68
 0973:0000 0000 C=FAR_DATA S=TABLE12_FAR    G=(none)  M=TABLE.CPP  ACBP=68
 0973:0000 0000 C=FAR_DATA S=TABLE13_FAR    G=(none)  M=TABLE.CPP  ACBP=68
 0973:0000 0000 C=FAR_DATA S=VIDEO5_FAR     G=(none)  M=VIDEO.CPP  ACBP=68
 0973:0000 0000 C=FAR_DATA S=VIDEO6_FAR     G=(none)  M=VIDEO.CPP  ACBP=68
 0973:0000 0000 C=FAR_DATA S=VIDEO7_FAR     G=(none)  M=VIDEO.CPP  ACBP=68
 0973:0000 0000 C=FAR_DATA S=VIDEO8_FAR     G=(none)  M=VIDEO.CPP  ACBP=68
 0973:0000 0000 C=FAR_DATA S=VIDEO9_FAR     G=(none)  M=VIDEO.CPP  ACBP=68
 0973:0000 0000 C=FAR_DATA S=VIDEO10_FAR    G=(none)  M=VIDEO.CPP  ACBP=68
 0973:0000 0000 C=FAR_DATA S=VIDEO11_FAR    G=(none)  M=VIDEO.CPP  ACBP=68
 0973:0000 0000 C=FAR_DATA S=VIDEO12_FAR    G=(none)  M=VIDEO.CPP  ACBP=68
 0973:0000 0000 C=FAR_DATA S=VIDEO13_FAR    G=(none)  M=VIDEO.CPP  ACBP=68
 0973:0000 0000 C=FAR_DATA S=QEP5_FAR       G=(none)  M=QEP        ACBP=68
 0973:0000 0000 C=FAR_DATA S=QEP6_FAR       G=(none)  M=QEP        ACBP=68
 0973:0000 0000 C=FAR_DATA S=QEP7_FAR       G=(none)  M=QEP        ACBP=68
 0973:0000 0000 C=FAR_DATA S=QEP8_FAR       G=(none)  M=QEP        ACBP=68
 0973:0000 0000 C=FAR_DATA S=QEP9_FAR       G=(none)  M=QEP        ACBP=68
 0973:0000 0000 C=FAR_DATA S=QEP10_FAR      G=(none)  M=QEP        ACBP=68
 0973:0000 0000 C=FAR_DATA S=QEP11_FAR      G=(none)  M=QEP        ACBP=68
 0973:0000 0000 C=FAR_DATA S=QEP12_FAR      G=(none)  M=QEP        ACBP=68
 0973:0000 0000 C=FAR_DATA S=QEP13_FAR      G=(none)  M=QEP        ACBP=68
 0973:0000 0000 C=FAR_DATA S=QHSM_INI5_FAR  G=(none)  M=QHSM_INI   ACBP=68
 0973:0000 0000 C=FAR_DATA S=QHSM_INI6_FAR  G=(none)  M=QHSM_INI   ACBP=68
 0973:0000 0000 C=FAR_DATA S=QHSM_INI7_FAR  G=(none)  M=QHSM_INI   ACBP=68
 0973:0000 0000 C=FAR_DATA S=QHSM_INI8_FAR  G=(none)  M=QHSM_INI   ACBP=68
 0973:0000 0000 C=FAR_DATA S=QHSM_INI9_FAR  G=(none)  M=QHSM_INI   ACBP=68
 0973:0000 0000 C=FAR_DATA S=QHSM_INI10_FAR G=(none)  M=QHSM_INI   ACBP=68
 0973:0000 0000 C=FAR_DATA S=QHSM_INI11_FAR G=(none)  M=QHSM_INI   ACBP=68
 0973:0000 0000 C=FAR_DATA S=QHSM_INI12_FAR G=(none)  M=QHSM_INI   ACBP=68
 0973:0000 0000 C=FAR_DATA S=QHSM_INI13_FAR G=(none)  M=QHSM_INI   ACBP=68
 0973:0000 0000 C=FAR_DATA S=QHSM_DIS5_FAR  G=(none)  M=QHSM_DIS   ACBP=68
 0973:0000 0000 C=FAR_DATA S=QHSM_DIS6_FAR  G=(none)  M=QHSM_DIS   ACBP=68
 0973:0000 0000 C=FAR_DATA S=QHSM_DIS7_FAR  G=(none)  M=QHSM_DIS   ACBP=68
 0973:0000 0000 C=FAR_DATA S=QHSM_DIS8_FAR  G=(none)  M=QHSM_DIS   ACBP=68
 0973:0000 0000 C=FAR_DATA S=QHSM_DIS9_FAR  G=(none)  M=QHSM_DIS   ACBP=68
 0973:0000 0000 C=FAR_DATA S=QHSM_DIS10_FAR G=(none)  M=QHSM_DIS   ACBP=68
 0973:0000 0000 C=FAR_DATA S=QHSM_DIS11_FAR G=(none)  M=QHSM_DIS   ACBP=68
 0973:0000 0000 C=FAR_DATA S=QHSM_DIS12_FAR G=(none)  M=QHSM_DIS   ACBP=68
 0973:0000 0000 C=FAR_DATA S=QHSM_DIS13_FAR G=(none)  M=QHSM_DIS   ACBP=68
 0973:0000 0000 C=FAR_DATA S=QHSM_TOP5_FAR  G=(none)  M=QHSM_TOP   ACBP=68
 0973:0000 0000 C=FAR_DATA S=QHSM_TOP6_FAR  G=(none)  M=QHSM_TOP   ACBP=68
 0973:0000 0000 C=FAR_DATA S=QHSM_TOP7_FAR  G=(none)  M=QHSM_TOP   ACBP=68
 0973:0000 0000 C=FAR_DATA S=QHSM_TOP8_FAR  G=(none)  M=QHSM_TOP   ACBP=68
 0973:0000 0000 C=FAR_DATA S=QHSM_TOP9_FAR  G=(none)  M=QHSM_TOP   ACBP=68
 0973:0000 0000 C=FAR_DATA S=QHSM_TOP10_FAR G=(none)  M=QHSM_TOP   ACBP=68
 0973:0000 0000 C=FAR_DATA S=QHSM_TOP11_FAR G=(none)  M=QHSM_TOP   ACBP=68
 0973:0000 0000 C=FAR_DATA S=QHSM_TOP12_FAR G=(none)  M=QHSM_TOP   ACBP=68
 0973:0000 0000 C=FAR_DATA S=QHSM_TOP13_FAR G=(none)  M=QHSM_TOP   ACBP=68
 0973:0000 0000 C=FAR_DATA S=QA_FIFO5_FAR   G=(none)  M=QA_FIFO    ACBP=68
 0973:0000 0000 C=FAR_DATA S=QA_FIFO6_FAR   G=(none)  M=QA_FIFO    ACBP=68
 0973:0000 0000 C=FAR_DATA S=QA_FIFO7_FAR   G=(none)  M=QA_FIFO    ACBP=68
 0973:0000 0000 C=FAR_DATA S=QA_FIFO8_FAR   G=(none)  M=QA_FIFO    ACBP=68
 0973:0000 0000 C=FAR_DATA S=QA_FIFO9_FAR   G=(none)  M=QA_FIFO    ACBP=68
 0973:0000 0000 C=FAR_DATA S=QA_FIFO10_FAR  G=(none)  M=QA_FIFO    ACBP=68
 0973:0000 0000 C=FAR_DATA S=QA_FIFO11_FAR  G=(none)  M=QA_FIFO    ACBP=68
 0973:0000 0000 C=FAR_DATA S=QA_FIFO12_FAR  G=(none)  M=QA_FIFO    ACBP=68
 0973:0000 0000 C=FAR_DATA S=QA_FIFO13_FAR  G=(none)  M=QA_FIFO    ACBP=68
 0973:0000 0000 C=FAR_DATA S=QA_GET_5_FAR   G=(none)  M=QA_GET_    ACBP=68
 0973:0000 0000 C=FAR_DATA S=QA_GET_6_FAR   G=(none)  M=QA_GET_    ACBP=68
 0973:0000 0000 C=FAR_DATA S=QA_GET_7_FAR   G=(none)  M=QA_GET_    ACBP=68
 0973:0000 0000 C=FAR_DATA S=QA_GET_8_FAR   G=(none)  M=QA_GET_    ACBP=68
 0973:0000 0000 C=FAR_DATA S=QA_GET_9_FAR   G=(none)  M=QA_GET_    ACBP=68
 0973:0000 0000 C=FAR_DATA S=QA_GET_10_FAR  G=(none)  M=QA_GET_    ACBP=68
 0973:0000 0000 C=FAR_DATA S=QA_GET_11_FAR  G=(none)  M=QA_GET_    ACBP=68
 0973:0000 0000 C=FAR_DATA S=QA_GET_12_FAR  G=(none)  M=QA_GET_    ACBP=68
 0973:0000 0000 C=FAR_DATA S=QA_GET_13_FAR  G=(none)  M=QA_GET_    ACBP=68
 0973:0000 0000 C=FAR_DATA S=QA_SUB5_FAR    G=(none)  M=QA_SUB     ACBP=68
 0973:0000 0000 C=FAR_DATA S=QA_SUB6_FAR    G=(none)  M=QA_SUB     ACBP=68
 0973:0000 0000 C=FAR_DATA S=QA_SUB7_FAR    G=(none)  M=QA_SUB     ACBP=68
 0973:0000 0000 C=FAR_DATA S=QA_SUB8_FAR    G=(none)  M=QA_SUB     ACBP=68
 0973:0000 0000 C=FAR_DATA S=QA_SUB9_FAR    G=(none)  M=QA_SUB     ACBP=68
 0973:0000 0000 C=FAR_DATA S=QA_SUB10_FAR   G=(none)  M=QA_SUB     ACBP=68
 0973:0000 0000 C=FAR_DATA S=QA_SUB11_FAR   G=(none)  M=QA_SUB     ACBP=68
 0973:0000 0000 C=FAR_DATA S=QA_SUB12_FAR   G=(none)  M=QA_SUB     ACBP=68
 0973:0000 0000 C=FAR_DATA S=QA_SUB13_FAR   G=(none)  M=QA_SUB     ACBP=68
 0973:0000 0000 C=FAR_DATA S=QEQ_INIT5_FAR  G=(none)  M=QEQ_INIT   ACBP=68
 0973:0000 0000 C=FAR_DATA S=QEQ_INIT6_FAR  G=(none)  M=QEQ_INIT   ACBP=68
 0973:0000 0000 C=FAR_DATA S=QEQ_INIT7_FAR  G=(none)  M=QEQ_INIT   ACBP=68
 0973:0000 0000 C=FAR_DATA S=QEQ_INIT8_FAR  G=(none)  M=QEQ_INIT   ACBP=68
 0973:0000 0000 C=FAR_DATA S=QEQ_INIT9_FAR  G=(none)  M=QEQ_INIT   ACBP=68
 0973:0000 0000 C=FAR_DATA S=QEQ_INIT10_FAR G=(none)  M=QEQ_INIT   ACBP=68
 0973:0000 0000 C=FAR_DATA S=QEQ_INIT11_FAR G=(none)  M=QEQ_INIT   ACBP=68
 0973:0000 0000 C=FAR_DATA S=QEQ_INIT12_FAR G=(none)  M=QEQ_INIT   ACBP=68
 0973:0000 0000 C=FAR_DATA S=QEQ_INIT13_FAR G=(none)  M=QEQ_INIT   ACBP=68
 0973:0000 0000 C=FAR_DATA S=QF_ACT5_FAR    G=(none)  M=QF_ACT     ACBP=68
 0973:0000 0000 C=FAR_DATA S=QF_ACT6_FAR    G=(none)  M=QF_ACT     ACBP=68
 0973:0000 0000 C=FAR_DATA S=QF_ACT7_FAR    G=(none)  M=QF_ACT     ACBP=68
 0973:0000 0000 C=FAR_DATA S=QF_ACT8_FAR    G=(none)  M=QF_ACT     ACBP=68
 0973:0000 0000 C=FAR_DATA S=QF_ACT9_FAR    G=(none)  M=QF_ACT     ACBP=68
 0973:0000 0000 C=FAR_DATA S=QF_ACT10_FAR   G=(none)  M=QF_ACT     ACBP=68
 0973:0000 0000 C=FAR_DATA S=QF_ACT11_FAR   G=(none)  M=QF_ACT     ACBP=68
 0973:0000 0000 C=FAR_DATA S=QF_ACT12_FAR   G=(none)  M=QF_ACT     ACBP=68
 0973:0000 0000 C=FAR_DATA S=QF_ACT13_FAR   G=(none)  M=QF_ACT     ACBP=68
 0973:0000 0000 C=FAR_DATA S=QF_GC5_FAR     G=(none)  M=QF_GC      ACBP=68
 0973:0000 0000 C=FAR_DATA S=QF_GC6_FAR     G=(none)  M=QF_GC      ACBP=68
 0973:0000 0000 C=FAR_DATA S=QF_GC7_FAR     G=(none)  M=QF_GC      ACBP=68
 0973:0000 0000 C=FAR_DATA S=QF_GC8_FAR     G=(none)  M=QF_GC      ACBP=68
 0973:0000 0000 C=FAR_DATA S=QF_GC9_FAR     G=(none)  M=QF_GC      ACBP=68
 0973:0000 0000 C=FAR_DATA S=QF_GC10_FAR    G=(none)  M=QF_GC      ACBP=68
 0973:0000 0000 C=FAR_DATA S=QF_GC11_FAR    G=(none)  M=QF_GC      ACBP=68
 0973:0000 0000 C=FAR_DATA S=QF_GC12_FAR    G=(none)  M=QF_GC      ACBP=68
 0973:0000 0000 C=FAR_DATA S=QF_GC13_FAR    G=(none)  M=QF_GC      ACBP=68
 0973:0000 0000 C=FAR_DATA S=QF_LOG25_FAR   G=(none)  M=QF_LOG2    ACBP=68
 0973:0000 0000 C=FAR_DATA S=QF_LOG26_FAR   G=(none)  M=QF_LOG2    ACBP=68
 0973:0000 0000 C=FAR_DATA S=QF_LOG27_FAR   G=(none)  M=QF_LOG2    ACBP=68
 0973:0000 0000 C=FAR_DATA S=QF_LOG28_FAR   G=(none)  M=QF_LOG2    ACBP=68
 0973:0000 0000 C=FAR_DATA S=QF_LOG29_FAR   G=(none)  M=QF_LOG2    ACBP=68
 0973:0000 0000 C=FAR_DATA S=QF_LOG210_FAR  G=(none)  M=QF_LOG2    ACBP=68
 0973:0000 0000 C=FAR_DATA S=QF_LOG211_FAR  G=(none)  M=QF_LOG2    ACBP=68
 0973:0000 0000 C=FAR_DATA S=QF_LOG212_FAR  G=(none)  M=QF_LOG2    ACBP=68
 0973:0000 0000 C=FAR_DATA S=QF_LOG213_FAR  G=(none)  M=QF_LOG2    ACBP=68
 0973:0000 0000 C=FAR_DATA S=QF_NEW5_FAR    G=(none)  M=QF_NEW     ACBP=68
 0973:0000 0000 C=FAR_DATA S=QF_NEW6_FAR    G=(none)  M=QF_NEW     ACBP=68
 0973:0000 0000 C=FAR_DATA S=QF_NEW7_FAR    G=(none)  M=QF_NEW     ACBP=68
 0973:0000 0000 C=FAR_DATA S=QF_NEW8_FAR    G=(none)  M=QF_NEW     ACBP=68
 0973:0000 0000 C=FAR_DATA S=QF_NEW9_FAR    G=(none)  M=QF_NEW     ACBP=68
 0973:0000 0000 C=FAR_DATA S=QF_NEW10_FAR   G=(none)  M=QF_NEW     ACBP=68
 0973:0000 0000 C=FAR_DATA S=QF_NEW11_FAR   G=(none)  M=QF_NEW     ACBP=68
 0973:0000 0000 C=FAR_DATA S=QF_NEW12_FAR   G=(none)  M=QF_NEW     ACBP=68
 0973:0000 0000 C=FAR_DATA S=QF_NEW13_FAR   G=(none)  M=QF_NEW     ACBP=68
 0973:0000 0000 C=FAR_DATA S=QF_POOL5_FAR   G=(none)  M=QF_POOL    ACBP=68
 0973:0000 0000 C=FAR_DATA S=QF_POOL6_FAR   G=(none)  M=QF_POOL    ACBP=68
 0973:0000 0000 C=FAR_DATA S=QF_POOL7_FAR   G=(none)  M=QF_POOL    ACBP=68
 0973:0000 0000 C=FAR_DATA S=QF_POOL8_FAR   G=(none)  M=QF_POOL    ACBP=68
 0973:0000 0000 C=FAR_DATA S=QF_POOL9_FAR   G=(none)  M=QF_POOL    ACBP=68
 0973:0000 0000 C=FAR_DATA S=QF_POOL10_FAR  G=(none)  M=QF_POOL    ACBP=68
 0973:0000 0000 C=FAR_DATA S=QF_POOL11_FAR  G=(none)  M=QF_POOL    ACBP=68
 0973:0000 0000 C=FAR_DATA S=QF_POOL12_FAR  G=(none)  M=QF_POOL    ACBP=68
 0973:0000 0000 C=FAR_DATA S=QF_POOL13_FAR  G=(none)  M=QF_POOL    ACBP=68
 0973:0000 0000 C=FAR_DATA S=QF_PSINI5_FAR  G=(none)  M=QF_PSINI   ACBP=68
 0973:0000 0000 C=FAR_DATA S=QF_PSINI6_FAR  G=(none)  M=QF_PSINI   ACBP=68
 0973:0000 0000 C=FAR_DATA S=QF_PSINI7_FAR  G=(none)  M=QF_PSINI   ACBP=68
 0973:0000 0000 C=FAR_DATA S=QF_PSINI8_FAR  G=(none)  M=QF_PSINI   ACBP=68
 0973:0000 0000 C=FAR_DATA S=QF_PSINI9_FAR  G=(none)  M=QF_PSINI   ACBP=68
 0973:0000 0000 C=FAR_DATA S=QF_PSINI10_FAR G=(none)  M=QF_PSINI   ACBP=68
 0973:0000 0000 C=FAR_DATA S=QF_PSINI11_FAR G=(none)  M=QF_PSINI   ACBP=68
 0973:0000 0000 C=FAR_DATA S=QF_PSINI12_FAR G=(none)  M=QF_PSINI   ACBP=68
 0973:0000 0000 C=FAR_DATA S=QF_PSINI13_FAR G=(none)  M=QF_PSINI   ACBP=68
 0973:0000 0000 C=FAR_DATA S=QF_PSPUB5_FAR  G=(none)  M=QF_PSPUB   ACBP=68
 0973:0000 0000 C=FAR_DATA S=QF_PSPUB6_FAR  G=(none)  M=QF_PSPUB   ACBP=68
 0973:0000 0000 C=FAR_DATA S=QF_PSPUB7_FAR  G=(none)  M=QF_PSPUB   ACBP=68
 0973:0000 0000 C=FAR_DATA S=QF_PSPUB8_FAR  G=(none)  M=QF_PSPUB   ACBP=68
 0973:0000 0000 C=FAR_DATA S=QF_PSPUB9_FAR  G=(none)  M=QF_PSPUB   ACBP=68
 0973:0000 0000 C=FAR_DATA S=QF_PSPUB10_FAR G=(none)  M=QF_PSPUB   ACBP=68
 0973:0000 0000 C=FAR_DATA S=QF_PSPUB11_FAR G=(none)  M=QF_PSPUB   ACBP=68
 0973:0000 0000 C=FAR_DATA S=QF_PSPUB12_FAR G=(none)  M=QF_PSPUB   ACBP=68
 0973:0000 0000 C=FAR_DATA S=QF_PSPUB13_FAR G=(none)  M=QF_PSPUB   ACBP=68
 0973:0000 0000 C=FAR_DATA S=QF_PWR25_FAR   G=(none)  M=QF_PWR2    ACBP=68
 0973:0000 0000 C=FAR_DATA S=QF_PWR26_FAR   G=(none)  M=QF_PWR2    ACBP=68
 0973:0000 0000 C=FAR_DATA S=QF_PWR27_FAR   G=(none)  M=QF_PWR2    ACBP=68
 0973:0000 0000 C=FAR_DATA S=QF_PWR28_FAR   G=(none)  M=QF_PWR2    ACBP=68
 0973:0000 0000 C=FAR_DATA S=QF_PWR29_FAR   G=(none)  M=QF_PWR2    ACBP=68
 0973:0000 0000 C=FAR_DATA S=QF_PWR210_FAR  G=(none)  M=QF_PWR2    ACBP=68
 0973:0000 0000 C=FAR_DATA S=QF_PWR211_FAR  G=(none)  M=QF_PWR2    ACBP=68
 0973:0000 0000 C=FAR_DATA S=QF_PWR212_FAR  G=(none)  M=QF_PWR2    ACBP=68
 0973:0000 0000 C=FAR_DATA S=QF_PWR213_FAR  G=(none)  M=QF_PWR2    ACBP=68
 0973:0000 0000 C=FAR_DATA S=QF_TICK5_FAR   G=(none)  M=QF_TICK    ACBP=68
 0973:0000 0000 C=FAR_DATA S=QF_TICK6_FAR   G=(none)  M=QF_TICK    ACBP=68
 0973:0000 0000 C=FAR_DATA S=QF_TICK7_FAR   G=(none)  M=QF_TICK    ACBP=68
 0973:0000 0000 C=FAR_DATA S=QF_TICK8_FAR   G=(none)  M=QF_TICK    ACBP=68
 0973:0000 0000 C=FAR_DATA S=QF_TICK9_FAR   G=(none)  M=QF_TICK    ACBP=68
 0973:0000 0000 C=FAR_DATA S=QF_TICK10_FAR  G=(none)  M=QF_TICK    ACBP=68
 0973:0000 0000 C=FAR_DATA S=QF_TICK11_FAR  G=(none)  M=QF_TICK    ACBP=68
 0973:0000 0000 C=FAR_DATA S=QF_TICK12_FAR  G=(none)  M=QF_TICK    ACBP=68
 0973:0000 0000 C=FAR_DATA S=QF_TICK13_FAR  G=(none)  M=QF_TICK    ACBP=68
 0973:0000 0000 C=FAR_DATA S=QMP_GET5_FAR   G=(none)  M=QMP_GET    ACBP=68
 0973:0000 0000 C=FAR_DATA S=QMP_GET6_FAR   G=(none)  M=QMP_GET    ACBP=68
 0973:0000 0000 C=FAR_DATA S=QMP_GET7_FAR   G=(none)  M=QMP_GET    ACBP=68
 0973:0000 0000 C=FAR_DATA S=QMP_GET8_FAR   G=(none)  M=QMP_GET    ACBP=68
 0973:0000 0000 C=FAR_DATA S=QMP_GET9_FAR   G=(none)  M=QMP_GET    ACBP=68
 0973:0000 0000 C=FAR_DATA S=QMP_GET10_FAR  G=(none)  M=QMP_GET    ACBP=68
 0973:0000 0000 C=FAR_DATA S=QMP_GET11_FAR  G=(none)  M=QMP_GET    ACBP=68
 0973:0000 0000 C=FAR_DATA S=QMP_GET12_FAR  G=(none)  M=QMP_GET    ACBP=68
 0973:0000 0000 C=FAR_DATA S=QMP_GET13_FAR  G=(none)  M=QMP_GET    ACBP=68
 0973:0000 0000 C=FAR_DATA S=QMP_INIT5_FAR  G=(none)  M=QMP_INIT   ACBP=68
 0973:0000 0000 C=FAR_DATA S=QMP_INIT6_FAR  G=(none)  M=QMP_INIT   ACBP=68
 0973:0000 0000 C=FAR_DATA S=QMP_INIT7_FAR  G=(none)  M=QMP_INIT   ACBP=68
 0973:0000 0000 C=FAR_DATA S=QMP_INIT8_FAR  G=(none)  M=QMP_INIT   ACBP=68
 0973:0000 0000 C=FAR_DATA S=QMP_INIT9_FAR  G=(none)  M=QMP_INIT   ACBP=68
 0973:0000 0000 C=FAR_DATA S=QMP_INIT10_FAR G=(none)  M=QMP_INIT   ACBP=68
 0973:0000 0000 C=FAR_DATA S=QMP_INIT11_FAR G=(none)  M=QMP_INIT   ACBP=68
 0973:0000 0000 C=FAR_DATA S=QMP_INIT12_FAR G=(none)  M=QMP_INIT   ACBP=68
 0973:0000 0000 C=FAR_DATA S=QMP_INIT13_FAR G=(none)  M=QMP_INIT   ACBP=68
 0973:0000 0000 C=FAR_DATA S=QMP_PUT5_FAR   G=(none)  M=QMP_PUT    ACBP=68
 0973:0000 0000 C=FAR_DATA S=QMP_PUT6_FAR   G=(none)  M=QMP_PUT    ACBP=68
 0973:0000 0000 C=FAR_DATA S=QMP_PUT7_FAR   G=(none)  M=QMP_PUT    ACBP=68
 0973:0000 0000 C=FAR_DATA S=QMP_PUT8_FAR   G=(none)  M=QMP_PUT    ACBP=68
 0973:0000 0000 C=FAR_DATA S=QMP_PUT9_FAR   G=(none)  M=QMP_PUT    ACBP=68
 0973:0000 0000 C=FAR_DATA S=QMP_PUT10_FAR  G=(none)  M=QMP_PUT    ACBP=68
 0973:0000 0000 C=FAR_DATA S=QMP_PUT11_FAR  G=(none)  M=QMP_PUT    ACBP=68
 0973:0000 0000 C=FAR_DATA S=QMP_PUT12_FAR  G=(none)  M=QMP_PUT    ACBP=68
 0973:0000 0000 C=FAR_DATA S=QMP_PUT13_FAR  G=(none)  M=QMP_PUT    ACBP=68
 0973:0000 0000 C=FAR_DATA S=QTE_CTOR5_FAR  G=(none)  M=QTE_CTOR   ACBP=68
 0973:0000 0000 C=FAR_DATA S=QTE_CTOR6_FAR  G=(none)  M=QTE_CTOR   ACBP=68
 0973:0000 0000 C=FAR_DATA S=QTE_CTOR7_FAR  G=(none)  M=QTE_CTOR   ACBP=68
 0973:0000 0000 C=FAR_DATA S=QTE_CTOR8_FAR  G=(none)  M=QTE_CTOR   ACBP=68
 0973:0000 0000 C=FAR_DATA S=QTE_CTOR9_FAR  G=(none)  M=QTE_CTOR   ACBP=68
 0973:0000 0000 C=FAR_DATA S=QTE_CTOR10_FAR G=(none)  M=QTE_CTOR   ACBP=68
 0973:0000 0000 C=FAR_DATA S=QTE_CTOR11_FAR G=(none)  M=QTE_CTOR   ACBP=68
 0973:0000 0000 C=FAR_DATA S=QTE_CTOR12_FAR G=(none)  M=QTE_CTOR   ACBP=68
 0973:0000 0000 C=FAR_DATA S=QTE_CTOR13_FAR G=(none)  M=QTE_CTOR   ACBP=68
 0973:0000 0000 C=FAR_DATA S=QTE_ARM5_FAR   G=(none)  M=QTE_ARM    ACBP=68
 0973:0000 0000 C=FAR_DATA S=QTE_ARM6_FAR   G=(none)  M=QTE_ARM    ACBP=68
 0973:0000 0000 C=FAR_DATA S=QTE_ARM7_FAR   G=(none)  M=QTE_ARM    ACBP=68
 0973:0000 0000 C=FAR_DATA S=QTE_ARM8_FAR   G=(none)  M=QTE_ARM    ACBP=68
 0973:0000 0000 C=FAR_DATA S=QTE_ARM9_FAR   G=(none)  M=QTE_ARM    ACBP=68
 0973:0000 0000 C=FAR_DATA S=QTE_ARM10_FAR  G=(none)  M=QTE_ARM    ACBP=68
 0973:0000 0000 C=FAR_DATA S=QTE_ARM11_FAR  G=(none)  M=QTE_ARM    ACBP=68
 0973:0000 0000 C=FAR_DATA S=QTE_ARM12_FAR  G=(none)  M=QTE_ARM    ACBP=68
 0973:0000 0000 C=FAR_DATA S=QTE_ARM13_FAR  G=(none)  M=QTE_ARM    ACBP=68
 0973:0000 0000 C=FAR_DATA S=QK5_FAR        G=(none)  M=QK         ACBP=68
 0973:0000 0000 C=FAR_DATA S=QK6_FAR        G=(none)  M=QK         ACBP=68
 0973:0000 0000 C=FAR_DATA S=QK7_FAR        G=(none)  M=QK         ACBP=68
 0973:0000 0000 C=FAR_DATA S=QK8_FAR        G=(none)  M=QK         ACBP=68
 0973:0000 0000 C=FAR_DATA S=QK9_FAR        G=(none)  M=QK         ACBP=68
 0973:0000 0000 C=FAR_DATA S=QK10_FAR       G=(none)  M=QK         ACBP=68
 0973:0000 0000 C=FAR_DATA S=QK11_FAR       G=(none)  M=QK         ACBP=68
 0973:0000 0000 C=FAR_DATA S=QK12_FAR       G=(none)  M=QK         ACBP=68
 0973:0000 0000 C=FAR_DATA S=QK13_FAR       G=(none)  M=QK         ACBP=68
 0973:0000 0000 C=FAR_DATA S=QK_SCHED5_FAR  G=(none)  M=QK_SCHED   ACBP=68
 0973:0000 0000 C=FAR_DATA S=QK_SCHED6_FAR  G=(none)  M=QK_SCHED   ACBP=68
 0973:0000 0000 C=FAR_DATA S=QK_SCHED7_FAR  G=(none)  M=QK_SCHED   ACBP=68
 0973:0000 0000 C=FAR_DATA S=QK_SCHED8_FAR  G=(none)  M=QK_SCHED   ACBP=68
 0973:0000 0000 C=FAR_DATA S=QK_SCHED9_FAR  G=(none)  M=QK_SCHED   ACBP=68
 0973:0000 0000 C=FAR_DATA S=QK_SCHED10_FAR G=(none)  M=QK_SCHED   ACBP=68
 0973:0000 0000 C=FAR_DATA S=QK_SCHED11_FAR G=(none)  M=QK_SCHED   ACBP=68
 0973:0000 0000 C=FAR_DATA S=QK_SCHED12_FAR G=(none)  M=QK_SCHED   ACBP=68
 0973:0000 0000 C=FAR_DATA S=QK_SCHED13_FAR G=(none)  M=QK_SCHED   ACBP=68
 0973:0000 0000 C=FAR_DATA S=QK_MUTEX5_FAR  G=(none)  M=QK_MUTEX   ACBP=68
 0973:0000 0000 C=FAR_DATA S=QK_MUTEX6_FAR  G=(none)  M=QK_MUTEX   ACBP=68
 0973:0000 0000 C=FAR_DATA S=QK_MUTEX7_FAR  G=(none)  M=QK_MUTEX   ACBP=68
 0973:0000 0000 C=FAR_DATA S=QK_MUTEX8_FAR  G=(none)  M=QK_MUTEX   ACBP=68
 0973:0000 0000 C=FAR_DATA S=QK_MUTEX9_FAR  G=(none)  M=QK_MUTEX   ACBP=68
 0973:0000 0000 C=FAR_DATA S=QK_MUTEX10_FAR G=(none)  M=QK_MUTEX   ACBP=68
 0973:0000 0000 C=FAR_DATA S=QK_MUTEX11_FAR G=(none)  M=QK_MUTEX   ACBP=68
 0973:0000 0000 C=FAR_DATA S=QK_MUTEX12_FAR G=(none)  M=QK_MUTEX   ACBP=68
 0973:0000 0000 C=FAR_DATA S=QK_MUTEX13_FAR G=(none)  M=QK_MUTEX   ACBP=68
 0973:0000 0000 C=FAR_DATA S=QK_EXT5_FAR    G=(none)  M=QK_EXT     ACBP=68
 0973:0000 0000 C=FAR_DATA S=QK_EXT6_FAR    G=(none)  M=QK_EXT     ACBP=68
 0973:0000 0000 C=FAR_DATA S=QK_EXT7_FAR    G=(none)  M=QK_EXT     ACBP=68
 0973:0000 0000 C=FAR_DATA S=QK_EXT8_FAR    G=(none)  M=QK_EXT     ACBP=68
 0973:0000 0000 C=FAR_DATA S=QK_EXT9_FAR    G=(none)  M=QK_EXT     ACBP=68
 0973:0000 0000 C=FAR_DATA S=QK_EXT10_FAR   G=(none)  M=QK_EXT     ACBP=68
 0973:0000 0000 C=FAR_DATA S=QK_EXT11_FAR   G=(none)  M=QK_EXT     ACBP=68
 0973:0000 0000 C=FAR_DATA S=QK_EXT12_FAR   G=(none)  M=QK_EXT     ACBP=68
 0973:0000 0000 C=FAR_DATA S=QK_EXT13_FAR   G=(none)  M=QK_EXT     ACBP=68
 0973:0000 0000 C=FAR_DATA S=QK_PORT5_FAR   G=(none)  M=QK_PORT    ACBP=68
 0973:0000 0000 C=FAR_DATA S=QK_PORT6_FAR   G=(none)  M=QK_PORT    ACBP=68
 0973:0000 0000 C=FAR_DATA S=QK_PORT7_FAR   G=(none)  M=QK_PORT    ACBP=68
 0973:0000 0000 C=FAR_DATA S=QK_PORT8_FAR   G=(none)  M=QK_PORT    ACBP=68
 0973:0000 0000 C=FAR_DATA S=QK_PORT9_FAR   G=(none)  M=QK_PORT    ACBP=68
 0973:0000 0000 C=FAR_DATA S=QK_PORT10_FAR  G=(none)  M=QK_PORT    ACBP=68
 0973:0000 0000 C=FAR_DATA S=QK_PORT11_FAR  G=(none)  M=QK_PORT    ACBP=68
 0973:0000 0000 C=FAR_DATA S=QK_PORT12_FAR  G=(none)  M=QK_PORT    ACBP=68
 0973:0000 0000 C=FAR_DATA S=QK_PORT13_FAR  G=(none)  M=QK_PORT    ACBP=68
 0973:0000 0000 C=FAR_DATA S=QS5_FAR        G=(none)  M=QS         ACBP=68
 0973:0000 0000 C=FAR_DATA S=QS6_FAR        G=(none)  M=QS         ACBP=68
 0973:0000 0000 C=FAR_DATA S=QS7_FAR        G=(none)  M=QS         ACBP=68
 0973:0000 0000 C=FAR_DATA S=QS8_FAR        G=(none)  M=QS         ACBP=68
 0973:0000 0000 C=FAR_DATA S=QS9_FAR        G=(none)  M=QS         ACBP=68
 0973:0000 0000 C=FAR_DATA S=QS10_FAR       G=(none)  M=QS         ACBP=68
 0973:0000 0000 C=FAR_DATA S=QS11_FAR       G=(none)  M=QS         ACBP=68
 0973:0000 0000 C=FAR_DATA S=QS12_FAR       G=(none)  M=QS         ACBP=68
 0973:0000 0000 C=FAR_DATA S=QS13_FAR       G=(none)  M=QS         ACBP=68
 0973:0000 0000 C=FAR_DATA S=QS_5_FAR       G=(none)  M=QS_        ACBP=68
 0973:0000 0000 C=FAR_DATA S=QS_6_FAR       G=(none)  M=QS_        ACBP=68
 0973:0000 0000 C=FAR_DATA S=QS_7_FAR       G=(none)  M=QS_        ACBP=68
 0973:0000 0000 C=FAR_DATA S=QS_8_FAR       G=(none)  M=QS_        ACBP=68
 0973:0000 0000 C=FAR_DATA S=QS_9_FAR       G=(none)  M=QS_        ACBP=68
 0973:0000 0000 C=FAR_DATA S=QS_10_FAR      G=(none)  M=QS_        ACBP=68
 0973:0000 0000 C=FAR_DATA S=QS_11_FAR      G=(none)  M=QS_        ACBP=68
 0973:0000 0000 C=FAR_DATA S=QS_12_FAR      G=(none)  M=QS_        ACBP=68
 0973:0000 0000 C=FAR_DATA S=QS_13_FAR      G=(none)  M=QS_        ACBP=68
 0973:0000 0000 C=FAR_DATA S=QS_BLK5_FAR    G=(none)  M=QS_BLK     ACBP=68
 0973:0000 0000 C=FAR_DATA S=QS_BLK6_FAR    G=(none)  M=QS_BLK     ACBP=68
 0973:0000 0000 C=FAR_DATA S=QS_BLK7_FAR    G=(none)  M=QS_BLK     ACBP=68
 0973:0000 0000 C=FAR_DATA S=QS_BLK8_FAR    G=(none)  M=QS_BLK     ACBP=68
 0973:0000 0000 C=FAR_DATA S=QS_BLK9_FAR    G=(none)  M=QS_BLK     ACBP=68
 0973:0000 0000 C=FAR_DATA S=QS_BLK10_FAR   G=(none)  M=QS_BLK     ACBP=68
 0973:0000 0000 C=FAR_DATA S=QS_BLK11_FAR   G=(none)  M=QS_BLK     ACBP=68
 0973:0000 0000 C=FAR_DATA S=QS_BLK12_FAR   G=(none)  M=QS_BLK     ACBP=68
 0973:0000 0000 C=FAR_DATA S=QS_BLK13_FAR   G=(none)  M=QS_BLK     ACBP=68
 0973:0000 0000 C=FAR_DATA S=QS_STR5_FAR    G=(none)  M=QS_STR     ACBP=68
 0973:0000 0000 C=FAR_DATA S=QS_STR6_FAR    G=(none)  M=QS_STR     ACBP=68
 0973:0000 0000 C=FAR_DATA S=QS_STR7_FAR    G=(none)  M=QS_STR     ACBP=68
 0973:0000 0000 C=FAR_DATA S=QS_STR8_FAR    G=(none)  M=QS_STR     ACBP=68
 0973:0000 0000 C=FAR_DATA S=QS_STR9_FAR    G=(none)  M=QS_STR     ACBP=68
 0973:0000 0000 C=FAR_DATA S=QS_STR10_FAR   G=(none)  M=QS_STR     ACBP=68
 0973:0000 0000 C=FAR_DATA S=QS_STR11_FAR   G=(none)  M=QS_STR     ACBP=68
 0973:0000 0000 C=FAR_DATA S=QS_STR12_FAR   G=(none)  M=QS_STR     ACBP=68
 0973:0000 0000 C=FAR_DATA S=QS_STR13_FAR   G=(none)  M=QS_STR     ACBP=68
 0973:0000 0000 C=OVRINFO S=_OVERLAY_      G=(none)  M=c0.ASM     ACBP=68
 0973:0000 0000 C=INITDATA S=_INIT_         G=IGROUP  M=c0.ASM     ACBP=48
 0973:0000 0006 C=INITDATA S=_INIT_         G=IGROUP  M=PHILO.CPP  ACBP=48
 0973:0006 0006 C=INITDATA S=_INIT_         G=IGROUP  M=TABLE.CPP  ACBP=48
 0973:000C 0006 C=INITDATA S=_INIT_         G=IGROUP  M=FP87INIT   ACBP=48
 0973:0012 0006 C=INITDATA S=_INIT_         G=IGROUP  M=SETUPIO    ACBP=48
 0973:0018 0006 C=INITDATA S=_INIT_         G=IGROUP  M=CRTINIT    ACBP=48
 0973:001E 0006 C=INITDATA S=_INIT_         G=IGROUP  M=SETARGV    ACBP=48
 0973:0024 0006 C=INITDATA S=_INIT_         G=IGROUP  M=SETENVP    ACBP=48
 0973:002A 0000 C=INITDATA S=_INITEND_      G=IGROUP  M=c0.ASM     ACBP=28
 0975:000A 0000 C=EXITDATA S=_EXIT_         G=EGROUP  M=c0.ASM     ACBP=48
 0975:000A 0006 C=EXITDATA S=_EXIT_         G=EGROUP  M=PHILO.CPP  ACBP=48
 0975:0010 0006 C=EXITDATA S=_EXIT_         G=EGROUP  M=TABLE.CPP  ACBP=48
 0975:0016 0006 C=EXITDATA S=_EXIT_         G=EGROUP  M=FP87INIT   ACBP=48
 0975:001C 0000 C=EXITDATA S=_EXITEND_      G=EGROUP  M=c0.ASM     ACBP=28
 0977:0000 0000 C=STUBSEG S=_1STUB_        G=(none)  M=c0.ASM     ACBP=68
 0977:0000 008F C=DATA   S=_DATA          G=DGROUP  M=c0.ASM     ACBP=68
 0977:0090 0293 C=DATA   S=_DATA          G=DGROUP  M=BSP.CPP    ACBP=48
 0977:0324 009B C=DATA   S=_DATA          G=DGROUP  M=MAIN.CPP   ACBP=48
 0977:03C0 0472 C=DATA   S=_DATA          G=DGROUP  M=PHILO.CPP  ACBP=48
 0977:0832 011E C=DATA   S=_DATA          G=DGROUP  M=TABLE.CPP  ACBP=48
 0977:0950 01DD C=DATA   S=_DATA          G=DGROUP  M=VIDEO.CPP  ACBP=48
 0977:0B2E 000F C=DATA   S=_DATA          G=DGROUP  M=QEP        ACBP=48
 0977:0B3E 0009 C=DATA   S=_DATA          G=DGROUP  M=QHSM_INI   ACBP=48
 0977:0B48 0009 C=DATA   S=_DATA          G=DGROUP  M=QHSM_DIS   ACBP=48
 0977:0B52 0000 C=DATA   S=_DATA          G=DGROUP  M=QHSM_TOP   ACBP=48
 0977:0B52 0008 C=DATA   S=_DATA          G=DGROUP  M=QA_FIFO    ACBP=48
 0977:0B5A 0008 C=DATA   S=_DATA          G=DGROUP  M=QA_GET_    ACBP=48
 0977:0B62 0007 C=DATA   S=_DATA          G=DGROUP  M=QA_SUB     ACBP=48
 0977:0B6A 0000 C=DATA   S=_DATA          G=DGROUP  M=QEQ_INIT   ACBP=48
 0977:0B6A 000F C=DATA   S=_DATA          G=DGROUP  M=QF_ACT     ACBP=48
 0977:0B7A 0006 C=DATA   S=_DATA          G=DGROUP  M=QF_GC      ACBP=48
 0977:0B80 0100 C=DATA   S=_DATA          G=DGROUP  M=QF_LOG2    ACBP=48
 0977:0C80 0007 C=DATA   S=_DATA          G=DGROUP  M=QF_NEW     ACBP=48
 0977:0C88 0045 C=DATA   S=_DATA          G=DGROUP  M=QF_POOL    ACBP=48
 0977:0CCE 0005 C=DATA   S=_DATA          G=DGROUP  M=QF_PSINI   ACBP=48
 0977:0CD4 0009 C=DATA   S=_DATA          G=DGROUP  M=QF_PSPUB   ACBP=48
 0977:0CDE 00C3 C=DATA   S=_DATA          G=DGROUP  M=QF_PWR2    ACBP=48
 0977:0DA2 0000 C=DATA   S=_DATA          G=DGROUP  M=QF_TICK    ACBP=48
 0977:0DA2 0008 C=DATA   S=_DATA          G=DGROUP  M=QMP_GET    ACBP=48
 0977:0DAA 0009 C=DATA   S=_DATA          G=DGROUP  M=QMP_INIT   ACBP=48
 0977:0DB4 0008 C=DATA   S=_DATA          G=DGROUP  M=QMP_PUT    ACBP=48
 0977:0DBC 0009 C=DATA   S=_DATA          G=DGROUP  M=QTE_CTOR   ACBP=48
 0977:0DC6 000C C=DATA   S=_DATA          G=DGROUP  M=QTE_ARM    ACBP=48
 0977:0DD2 0015 C=DATA   S=_DATA          G=DGROUP  M=QK         ACBP=48
 0977:0DE8 0009 C=DATA   S=_DATA          G=DGROUP  M=QK_SCHED   ACBP=48
 0977:0DF2 0001 C=DATA   S=_DATA          G=DGROUP  M=QK_MUTEX   ACBP=48
 0977:0DF4 0007 C=DATA   S=_DATA          G=DGROUP  M=QK_EXT     ACBP=48
 0977:0DFC 0007 C=DATA   S=_DATA          G=DGROUP  M=QK_PORT    ACBP=48
 0977:0E04 0000 C=DATA   S=_DATA          G=DGROUP  M=FPU        ACBP=48
 0977:0E04 0016 C=DATA   S=_DATA          G=DGROUP  M=QS         ACBP=48
 0977:0E1A 0000 C=DATA   S=_DATA          G=DGROUP  M=QS_        ACBP=48
 0977:0E1A 0000 C=DATA   S=_DATA          G=DGROUP  M=QS_BLK     ACBP=48
 0977:0E1A 0000 C=DATA   S=_DATA          G=DGROUP  M=QS_STR     ACBP=48
 0977:0E20 0002 C=DATA   S=_DATA          G=DGROUP  M=FP87INIT   ACBP=68
 0977:0E30 0000 C=DATA   S=_DATA          G=DGROUP  M=E87TRAP    ACBP=68
 0977:0E30 0003 C=DATA   S=_DATA          G=DGROUP  M=PROTFLAG   ACBP=48
 0977:0E34 0002 C=DATA   S=_DATA          G=DGROUP  M=DEFLT87    ACBP=48
 0977:0E36 000C C=DATA   S=_DATA          G=DGROUP  M=COS        ACBP=48
 0977:0E42 0000 C=DATA   S=_DATA          G=DGROUP  M=FABS       ACBP=48
 0977:0E42 009A C=DATA   S=_DATA          G=DGROUP  M=FPERR      ACBP=48
 0977:0EDC 0024 C=DATA   S=_DATA          G=DGROUP  M=HUGEVAL    ACBP=48
 0977:0F00 0000 C=DATA   S=_DATA          G=DGROUP  M=LDTRUNC    ACBP=48
 0977:0F00 0000 C=DATA   S=_DATA          G=DGROUP  M=MATHERR    ACBP=48
 0977:0F00 0080 C=DATA   S=_DATA          G=DGROUP  M=POW10      ACBP=48
 0977:0F80 0000 C=DATA   S=_DATA          G=DGROUP  M=REALCVT    ACBP=48
 0977:0F80 0014 C=DATA   S=_DATA          G=DGROUP  M=SCANTOD    ACBP=48
 0977:0F94 000C C=DATA   S=_DATA          G=DGROUP  M=SIN        ACBP=48
 0977:0FA0 0000 C=DATA   S=_DATA          G=DGROUP  M=XCVT       ACBP=48
 0977:0FA0 0051 C=DATA   S=_DATA          G=DGROUP  M=_MATHERR   ACBP=48
 0977:0FF2 0002 C=DATA   S=_DATA          G=DGROUP  M=ATEXIT     ACBP=48
 0977:0FF4 0000 C=DATA   S=_DATA          G=DGROUP  M=CLRSCR     ACBP=48
 0977:0FF4 0101 C=DATA   S=_DATA          G=DGROUP  M=CTYPE      ACBP=48
 0977:10F6 000C C=DATA   S=_DATA          G=DGROUP  M=EXIT       ACBP=48
 0977:1102 0002 C=DATA   S=_DATA          G=DGROUP  M=FBRK       ACBP=48
 0977:1104 0000 C=DATA   S=_DATA          G=DGROUP  M=FFLUSH     ACBP=48
 0977:1104 0190 C=DATA   S=_DATA          G=DGROUP  M=FILES      ACBP=48
 0977:1294 0028 C=DATA   S=_DATA          G=DGROUP  M=FILES2     ACBP=48
 0977:12BC 0000 C=DATA   S=_DATA          G=DGROUP  M=FLUSHALL   ACBP=48
 0977:12BC 0000 C=DATA   S=_DATA          G=DGROUP  M=FPRINTF    ACBP=48
 0977:12BC 0002 C=DATA   S=_DATA          G=DGROUP  M=FPSTKLEN   ACBP=48
 0977:12BE 0000 C=DATA   S=_DATA          G=DGROUP  M=FSEEK      ACBP=48
 0977:12BE 0000 C=DATA   S=_DATA          G=DGROUP  M=GETDATE    ACBP=48
 0977:12BE 0000 C=DATA   S=_DATA          G=DGROUP  M=GPTEXT     ACBP=48
 0977:12BE 0000 C=DATA   S=_DATA          G=DGROUP  M=MOVETEXT   ACBP=48
 0977:12BE 0001 C=DATA   S=_DATA          G=DGROUP  M=PUTC       ACBP=48
 0977:12C0 0004 C=DATA   S=_DATA          G=DGROUP  M=RAND       ACBP=48
 0977:12C4 0000 C=DATA   S=_DATA          G=DGROUP  M=SCREEN     ACBP=48
 0977:12C4 0000 C=DATA   S=_DATA          G=DGROUP  M=SCROLL     ACBP=48
 0977:12C4 0000 C=DATA   S=_DATA          G=DGROUP  M=SETUPIO    ACBP=48
 0977:12C4 0004 C=DATA   S=_DATA          G=DGROUP  M=SETVBUF    ACBP=48
 0977:12C8 0000 C=DATA   S=_DATA          G=DGROUP  M=SIGDATA    ACBP=48
 0977:12C8 0000 C=DATA   S=_DATA          G=DGROUP  M=STIME      ACBP=48
 0977:12C8 0002 C=DATA   S=_DATA          G=DGROUP  M=STKLEN     ACBP=48
 0977:12CA 0000 C=DATA   S=_DATA          G=DGROUP  M=TELL       ACBP=48
 0977:12CA 000C C=DATA   S=_DATA          G=DGROUP  M=TIMECVT    ACBP=48
 0977:12D6 0000 C=DATA   S=_DATA          G=DGROUP  M=WHEREXY    ACBP=48
 0977:12D6 0000 C=DATA   S=_DATA          G=DGROUP  M=WRITE      ACBP=48
 0977:12D6 0000 C=DATA   S=_DATA          G=DGROUP  M=XFFLUSH    ACBP=48
 0977:12D6 0000 C=DATA   S=_DATA          G=DGROUP  M=ATOL       ACBP=48
 0977:12D6 0018 C=DATA   S=_DATA          G=DGROUP  M=CRTINIT    ACBP=48
 0977:12EE 0000 C=DATA   S=_DATA          G=DGROUP  M=GETENV     ACBP=48
 0977:12EE 0000 C=DATA   S=_DATA          G=DGROUP  M=GETVECT    ACBP=48
 0977:12EE 0000 C=DATA   S=_DATA          G=DGROUP  M=INPORT     ACBP=48
 0977:12EE 005B C=DATA   S=_DATA          G=DGROUP  M=IOERROR    ACBP=48
 0977:134A 0000 C=DATA   S=_DATA          G=DGROUP  M=ISATTY     ACBP=48
 0977:134A 0000 C=DATA   S=_DATA          G=DGROUP  M=LSEEK      ACBP=48
 0977:134A 0000 C=DATA   S=_DATA          G=DGROUP  M=LTOA       ACBP=48
 0977:134A 0000 C=DATA   S=_DATA          G=DGROUP  M=MEMCPY     ACBP=48
 0977:134A 0000 C=DATA   S=_DATA          G=DGROUP  M=MEMSET     ACBP=48
 0977:134A 0000 C=DATA   S=_DATA          G=DGROUP  M=OUTPORT    ACBP=48
 0977:134A 0000 C=DATA   S=_DATA          G=DGROUP  M=SETBLOCK   ACBP=48
 0977:134A 0000 C=DATA   S=_DATA          G=DGROUP  M=SETDATE    ACBP=48
 0977:134A 0000 C=DATA   S=_DATA          G=DGROUP  M=STRCPY     ACBP=48
 0977:134A 0000 C=DATA   S=_DATA          G=DGROUP  M=STRLEN     ACBP=48
 0977:134A 0000 C=DATA   S=_DATA          G=DGROUP  M=STRNCPY    ACBP=48
 0977:134A 0033 C=DATA   S=_DATA          G=DGROUP  M=TZSET      ACBP=48
 0977:137E 0067 C=DATA   S=_DATA          G=DGROUP  M=VPRINTER   ACBP=48
 0977:13E6 0000 C=DATA   S=_DATA          G=DGROUP  M=VRAM       ACBP=48
 0977:13E6 0000 C=DATA   S=_DATA          G=DGROUP  M=WRITEA     ACBP=48
 0977:13E6 0000 C=DATA   S=_DATA          G=DGROUP  M=DEL        ACBP=48
 0977:13E6 0000 C=DATA   S=_DATA          G=DGROUP  M=NEW        ACBP=48
 0977:13E6 0000 C=DATA   S=_DATA          G=DGROUP  M=VDEL       ACBP=48
 0977:13E6 0000 C=DATA   S=_DATA          G=DGROUP  M=VNEW       ACBP=48
 0977:13E6 0010 C=DATA   S=_DATA          G=DGROUP  M=SETARGV    ACBP=48
 0977:13F6 0004 C=DATA   S=_DATA          G=DGROUP  M=SETENVP    ACBP=48
 0977:13FA 0000 C=DATA   S=_CVTSEG        G=DGROUP  M=c0.ASM     ACBP=48
 0977:13FA 0002 C=DATA   S=_CVTSEG        G=DGROUP  M=REALCVT    ACBP=48
 0977:13FC 0000 C=DATA   S=_CVTSEG        G=DGROUP  M=REALCVT    ACBP=48
 0977:13FC 0000 C=DATA   S=_SCNSEG        G=DGROUP  M=c0.ASM     ACBP=48
 0977:13FC 0006 C=DATA   S=_SCNSEG        G=DGROUP  M=SCANTOD    ACBP=48
 0977:1402 0000 C=BSS    S=_BSS           G=DGROUP  M=c0.ASM     ACBP=48
 0977:1402 0522 C=BSS    S=_BSS           G=DGROUP  M=BSP.CPP    ACBP=48
 0977:1924 00D8 C=BSS    S=_BSS           G=DGROUP  M=MAIN.CPP   ACBP=48
 0977:19FC 0001 C=BSS    S=_BSS           G=DGROUP  M=PHILO.CPP  ACBP=48
 0977:19FE 0000 C=BSS    S=_BSS           G=DGROUP  M=TABLE.CPP  ACBP=48
 0977:19FE 0000 C=BSS    S=_BSS           G=DGROUP  M=VIDEO.CPP  ACBP=48
 0977:19FE 0000 C=BSS    S=_BSS           G=DGROUP  M=QEP        ACBP=48
 0977:19FE 0000 C=BSS    S=_BSS           G=DGROUP  M=QHSM_INI   ACBP=48
 0977:19FE 0000 C=BSS    S=_BSS           G=DGROUP  M=QHSM_DIS   ACBP=48
 0977:19FE 0000 C=BSS    S=_BSS           G=DGROUP  M=QHSM_TOP   ACBP=48
 0977:19FE 0000 C=BSS    S=_BSS           G=DGROUP  M=QA_FIFO    ACBP=48
 0977:19FE 0000 C=BSS    S=_BSS           G=DGROUP  M=QA_GET_    ACBP=48
 0977:19FE 0000 C=BSS    S=_BSS           G=DGROUP  M=QA_SUB     ACBP=48
 0977:19FE 0000 C=BSS    S=_BSS           G=DGROUP  M=QEQ_INIT   ACBP=48
 0977:19FE 0100 C=BSS    S=_BSS           G=DGROUP  M=QF_ACT     ACBP=48
 0977:1AFE 0000 C=BSS    S=_BSS           G=DGROUP  M=QF_GC      ACBP=48
 0977:1AFE 0000 C=BSS    S=_BSS           G=DGROUP  M=QF_LOG2    ACBP=48
 0977:1AFE 0000 C=BSS    S=_BSS           G=DGROUP  M=QF_NEW     ACBP=48
 0977:1AFE 0000 C=BSS    S=_BSS           G=DGROUP  M=QF_POOL    ACBP=48
 0977:1AFE 0000 C=BSS    S=_BSS           G=DGROUP  M=QF_PSINI   ACBP=48
 0977:1AFE 0000 C=BSS    S=_BSS           G=DGROUP  M=QF_PSPUB   ACBP=48
 0977:1AFE 0000 C=BSS    S=_BSS           G=DGROUP  M=QF_PWR2    ACBP=48
 0977:1AFE 0001 C=BSS    S=_BSS           G=DGROUP  M=QF_TICK    ACBP=48
 0977:1B00 0000 C=BSS    S=_BSS           G=DGROUP  M=QMP_GET    ACBP=48
 0977:1B00 0000 C=BSS    S=_BSS           G=DGROUP  M=QMP_INIT   ACBP=48
 0977:1B00 0000 C=BSS    S=_BSS           G=DGROUP  M=QMP_PUT    ACBP=48
 0977:1B00 0000 C=BSS    S=_BSS           G=DGROUP  M=QTE_CTOR   ACBP=48
 0977:1B00 0000 C=BSS    S=_BSS           G=DGROUP  M=QTE_ARM    ACBP=48
 0977:1B00 0000 C=BSS    S=_BSS           G=DGROUP  M=QK         ACBP=48
 0977:1B00 0000 C=BSS    S=_BSS           G=DGROUP  M=QK_SCHED   ACBP=48
 0977:1B00 0000 C=BSS    S=_BSS           G=DGROUP  M=QK_MUTEX   ACBP=48
 0977:1B00 0000 C=BSS    S=_BSS           G=DGROUP  M=QK_EXT     ACBP=48
 0977:1B00 0000 C=BSS    S=_BSS           G=DGROUP  M=QK_PORT    ACBP=48
 0977:1B00 0020 C=BSS    S=_BSS           G=DGROUP  M=QS         ACBP=48
 0977:1B20 001C C=BSS    S=_BSS           G=DGROUP  M=QS_        ACBP=48
 0977:1B3C 0000 C=BSS    S=_BSS           G=DGROUP  M=QS_BLK     ACBP=48
 0977:1B3C 0000 C=BSS    S=_BSS           G=DGROUP  M=QS_STR     ACBP=48
 0977:1B3C 0000 C=BSS    S=_BSS           G=DGROUP  M=COS        ACBP=48
 0977:1B3C 0000 C=BSS    S=_BSS           G=DGROUP  M=FABS       ACBP=48
 0977:1B3C 0000 C=BSS    S=_BSS           G=DGROUP  M=LDTRUNC    ACBP=48
 0977:1B3C 0000 C=BSS    S=_BSS           G=DGROUP  M=POW10      ACBP=48
 0977:1B3C 0000 C=BSS    S=_BSS           G=DGROUP  M=REALCVT    ACBP=48
 0977:1B3C 0000 C=BSS    S=_BSS           G=DGROUP  M=SCANTOD    ACBP=48
 0977:1B3C 0000 C=BSS    S=_BSS           G=DGROUP  M=SIN        ACBP=48
 0977:1B3C 0000 C=BSS    S=_BSS           G=DGROUP  M=XCVT       ACBP=48
 0977:1B3C 0080 C=BSS    S=_BSS           G=DGROUP  M=ATEXIT     ACBP=48
 0977:1BBC 0001 C=BSS    S=_BSS           G=DGROUP  M=PUTC       ACBP=48
 0977:1BBE 0000 C=BSS    S=_BSS           G=DGROUP  M=SETUPIO    ACBP=48
 0977:1BBE 0004 C=BSS    S=_BSS           G=DGROUP  M=SIGDATA    ACBP=48
 0977:1BC2 0000 C=BSS    S=_BSS           G=DGROUP  M=ATOL       ACBP=48
 0977:1BC2 0000 C=BSS    S=_BSS           G=DGROUP  M=CRTINIT    ACBP=48
 0977:1BC2 0000 C=BSS    S=_BSS           G=DGROUP  M=GETENV     ACBP=48
 0977:1BC2 0000 C=BSS    S=_BSS           G=DGROUP  M=GETVECT    ACBP=48
 0977:1BC2 0000 C=BSS    S=_BSS           G=DGROUP  M=INPORT     ACBP=48
 0977:1BC2 0000 C=BSS    S=_BSS           G=DGROUP  M=IOERROR    ACBP=48
 0977:1BC2 0000 C=BSS    S=_BSS           G=DGROUP  M=ISATTY     ACBP=48
 0977:1BC2 0000 C=BSS    S=_BSS           G=DGROUP  M=LSEEK      ACBP=48
 0977:1BC2 0000 C=BSS    S=_BSS           G=DGROUP  M=LTOA       ACBP=48
 0977:1BC2 0000 C=BSS    S=_BSS           G=DGROUP  M=MEMCPY     ACBP=48
 0977:1BC2 0000 C=BSS    S=_BSS           G=DGROUP  M=MEMSET     ACBP=48
 0977:1BC2 0000 C=BSS    S=_BSS           G=DGROUP  M=OUTPORT    ACBP=48
 0977:1BC2 0000 C=BSS    S=_BSS           G=DGROUP  M=SETBLOCK   ACBP=48
 0977:1BC2 0000 C=BSS    S=_BSS           G=DGROUP  M=SETDATE    ACBP=48
 0977:1BC2 0000 C=BSS    S=_BSS           G=DGROUP  M=STRCPY     ACBP=48
 0977:1BC2 0000 C=BSS    S=_BSS           G=DGROUP  M=STRLEN     ACBP=48
 0977:1BC2 0000 C=BSS    S=_BSS           G=DGROUP  M=STRNCPY    ACBP=48
 0977:1BC2 0008 C=BSS    S=_BSS           G=DGROUP  M=TZSET      ACBP=48
 0977:1BCA 0000 C=BSS    S=_BSS           G=DGROUP  M=VPRINTER   ACBP=48
 0977:1BCA 0000 C=BSS    S=_BSS           G=DGROUP  M=VRAM       ACBP=48
 0977:1BCA 0000 C=BSS    S=_BSS           G=DGROUP  M=WRITEA     ACBP=48
 0977:1BCA 0004 C=BSS    S=_BSS           G=DGROUP  M=NEW        ACBP=48
 0977:1BCE 0000 C=ENDBSS S=_BSSEND        G=DGROUP  M=c0.ASM     ACBP=28
 0B34:0000 0110 C=STACK  S=_STACK         G=(none)  M=c0.ASM     ACBP=74
 0B34:0000 0080 C=STACK  S=_STACK         G=(none)  M=EMUVARS    ACBP=78

  Address         Publics by Name

 0000:3054       operator delete(void far*)
 0000:3090       operator new(unsigned int)
 039F:061C       BSP_displyPhilStat(unsigned char,const char far*)
 039F:02E2       BSP_init(int,char far*far*)
 039F:00DE idle  ISR_kbd()
 039F:0008 idle  ISR_tmr()
 039F:085C       lib1_reent_init(unsigned char)
 039F:087D       lib1_test()
 039F:0971       lib2_reent_init(unsigned char)
 039F:0997       lib2_test()
 0977:0826       Philo::
 0498:0090 idle  Philo::Philo()
 0498:093D       Philo::~Philo()
 0498:06E0 idle  Philo::eating(Philo far*,const QEvent far*)
 0498:05EE idle  Philo::hungry(Philo far*,const QEvent far*)
 0498:00FD idle  Philo::initial(Philo far*,const QEvent far*)
 0498:0516 idle  Philo::thinking(Philo far*,const QEvent far*)
 0498:000E       Philo_start(unsigned char,unsigned char,const QEvent far*far*,unsigned long)
 0977:082A       QActive::
 0498:0835       QActive::QActive(unsigned char(far*)(void far*,const QEvent far*))
 0498:097C       QActive::~QActive()
 06AC:000B       QActive::get_()
 068F:0008       QActive::postFIFO(const QEvent far*)
 07C8:003D       QActive::start(unsigned char,const QEvent far*far*,unsigned long,void far*,unsigned long,const QEvent far*)
 07C8:00C5 idle  QActive::stop()
 06D5:000B       QActive::subscribe(unsigned char) const
 05C0:000F       QEP::getVersion()
 06E5:0008       QEQueue::init(const QEvent far*far*,unsigned char)
 0977:19FE       QF::active_
 06F0:0014       QF::add_(QActive far*)
 070C:0001       QF::gc(const QEvent far*)
 0769:00F5 idle  QF::getPoolMargin(unsigned char)
 06AC:01D7 idle  QF::getQueueMargin(unsigned char)
 06F0:0008       QF::getVersion()
 07C8:000C       QF::init()
 071C:0006       QF::new_(unsigned int,unsigned char)
 039F:025B       QF::onCleanup()
 039F:0216       QF::onStartup()
 072B:0002       QF::poolInit(void far*,unsigned long,unsigned int)
 0732:000F       QF::psInit(QSubscrList far*,unsigned char)
 0734:0007       QF::publish(const QEvent far*)
 06F0:00E8       QF::remove_(const QActive far*)
 07C8:0020       QF::run()
 07C8:0016       QF::stop()
 0748:0009       QF::tick()
 0977:082E       QHsm::
 0498:08EF       QHsm::QHsm(unsigned char(far*)(void far*,const QEvent far*))
 05C1:000B       QHsm::~QHsm()
 05EC:0006       QHsm::dispatch(const QEvent far*)
 05C1:0037       QHsm::init(const QEvent far*)
 068E:000F       QHsm::top(QHsm far*,const QEvent far*)
 0826:0005 idle  QK::getPortVersion()
 07C8:0000       QK::getVersion()
 07F8:0005       QK::mutexLock(unsigned char)
 07F8:0065       QK::mutexUnlock(unsigned char)
 039F:0293       QK::onIdle()
 0769:000F       QMPool::get()
 071C:00E4       QMPool::getBlockSize() const
 077C:000E       QMPool::init(void far*,unsigned long,unsigned int)
 079C:000C       QMPool::put(void far*)
 07D5:01D6       QPSet64::findMax() volatile
 068F:0181       QPSet64::insert(unsigned char) volatile
 06AC:023A       QPSet64::remove(unsigned char) volatile
 068F:01C5       QPSet8::insert(unsigned char) volatile
 07D5:021E       QPSet8::notEmpty() volatile
 06AC:0285       QPSet8::remove(unsigned char) volatile
 0977:1B24       QS::aoObj_
 0977:1B34       QS::apObj_
 0829:00CA       QS::begin(unsigned char)
 0829:01EB       QS::end()
 0977:1B2C       QS::eqObj_
 0829:0079       QS::filterOff(unsigned char)
 0829:002A       QS::filterOn(unsigned char)
 08FB:0003       QS::getBlock(unsigned int far*)
 0829:0006 idle  QS::getVersion()
 0977:1B00       QS::glbFilter_
 0829:0012       QS::initBuf(unsigned char far*,unsigned long)
 0977:1B28       QS::mpObj_
 039F:0B93 idle  QS::onCleanup()
 039F:0C0A       QS::onFlush()
 039F:0B98       QS::onGetTime()
 039F:0B69 idle  QS::onStartup(const void far*)
 0977:1B20       QS::smObj_
 0902:0006       QS::str(const char far*)
 08AD:040C idle  QS::str_(const char far*)
 0902:00A2 idle  QS::str_ROM(const char far*)
 08AD:047C       QS::str_ROM_(const char far*)
 0977:1B30       QS::teObj_
 0977:1B38       QS::tickCtr_
 0829:03C6 idle  QS::u16(unsigned char,unsigned int)
 08AD:0097       QS::u16_(unsigned int)
 0829:0560 idle  QS::u32(unsigned char,unsigned long)
 08AD:01AA       QS::u32_(unsigned long)
 0829:02B3       QS::u8(unsigned char,unsigned char)
 08AD:000B       QS::u8_(unsigned char)
 07AC:0003       QTimeEvt::QTimeEvt(unsigned char)
 07B5:000E       QTimeEvt::arm_(QActive far*,unsigned int)
 0498:08CA       QTimeEvt::postIn(QActive far*,unsigned int)
 0498:08A4       random(int)
 0498:088D       randomize()
 0000:3066 idle  set_new_handler(void(far*)())
 0977:094C       Table::
 0533:0076 idle  Table::Table()
 0533:060F       Table::~Table()
 0533:0103 idle  Table::initial(Table far*,const QEvent far*)
 0533:0276 idle  Table::serving(Table far*,const QEvent far*)
 0533:0001       Table_start(unsigned char,const QEvent far*far*,unsigned long)
 0597:002C       Video::clearRect(unsigned char,unsigned char,unsigned char,unsigned char,unsigned char)
 0597:000E       Video::clearScreen(unsigned char)
 0597:0170 idle  Video::drawBitmapAt(unsigned char,unsigned char,const unsigned char far*,unsigned char,unsigned char)
 0597:0260 idle  Video::drawStringAt(unsigned char,unsigned char,const char far*)
 0597:00D2       Video::printNumAt(unsigned char,unsigned char,unsigned char,unsigned long)
 0597:007F       Video::printStrAt(unsigned char,unsigned char,unsigned char,const char far*)
 0977:0000 idle  DATASEG@
 0000:0206 idle  DGROUP@
 0916:0306       e087_Entry
 0916:03C6       e087_Shortcut
 0916:0430       e087_Trap
 0000:0000 idle  FIARQQ
 0000:0000 idle  FICRQQ
 0000:0000  Abs  FIDRQQ
 0000:0000  Abs  FIERQQ
 0000:0000 idle  FISRQQ
 0000:0000  Abs  FIWRQQ
 0000:0000 idle  FJARQQ
 0000:0000 idle  FJCRQQ
 0000:0000 idle  FJSRQQ
 0000:36F6       F_LDIV@
 0000:3705 idle  F_LMOD@
 0000:36FD       F_LUDIV@
 0000:370D       F_LUMOD@
 0000:37A4       F_LXLSH@
 0000:36DC       F_LXMUL@
 0000:37C5       F_LXURSH@
 0000:37E6 idle  F_PADD@
 0000:3815 idle  F_PSUB@
 0000:36F6 idle  LDIV@
 0000:3705 idle  LMOD@
 0000:36FD idle  LUDIV@
 0000:370D idle  LUMOD@
 0000:37A4 idle  LXLSH@
 0000:36DC idle  LXMUL@
 0000:37C5 idle  LXURSH@
 0000:36F3       N_LDIV@
 0000:3702       N_LMOD@
 0000:36FA idle  N_LUDIV@
 0000:370A idle  N_LUMOD@
 0000:37A1 idle  N_LXLSH@
 0000:3843       N_LXMUL@
 0000:37C2 idle  N_LXURSH@
 0000:37E3       N_PADD@
 0000:385A       N_PCMP@
 0000:3812 idle  N_PSUB@
 0000:37E6 idle  PADD@
 0000:3815 idle  PSUB@
 0000:01F0       _abort
 0977:0712       _AO_Philo
 0977:08DC       _AO_Table
 0000:0EDE idle  _atexit
 0000:229A idle  _atoi
 0000:2225       _atol
 0000:0F0B       _clrscr
 0000:041A       _cos
 0977:1370       _daylight
 0977:12E5       _directvideo
 0000:1D61       _dostounix
 0977:13F6       _environ
 0977:007D       _errno
 0000:0F35       _exit
 0000:046C       _fabs
 0000:341E idle  _farfree
 0000:350E idle  _farmalloc
 0000:366E idle  _farrealloc
 0000:1086       _fflush
 0000:1156       _flushall
 0000:1199       _fprintf
 0000:1482 idle  _fputc
 0000:15DE idle  _fputchar
 0827:0016       _FPU_restore
 0827:0006       _FPU_save
 0000:341E       _free
 0000:1239       _fseek
 0000:12B9 idle  _ftell
 0000:1309       _getdate
 0000:2465       _getenv
 0000:132F       _gettext
 0000:131C       _gettime
 0000:24D5       _getvect
 0977:0098       _impure_ptr1
 0977:009C       _impure_ptr2
 0000:24F5       _inport
 0000:24FE idle  _inportb
 0000:2546       _isatty
 0000:2602 idle  _itoa
 0000:2557       _lseek
 0000:2649 idle  _ltoa
 0465:0008       _main
 0000:3504       _malloc
 0000:05C4       _matherr
 0000:2671       _memcpy
 0000:26B9       _memset
 0000:13BA       _movetext
 0000:26D8 idle  _outport
 0000:26E4       _outportb
 0000:05EE       _pow10
 0000:1380       _puttext
 0977:0B2E       _QEP_reservedEvt_
 0977:0D60       _QF_div8Lkup
 0977:0B71 idle  _QF_intLockNest_
 0977:0D1F       _QF_invPwr2Lkup
 0977:0B80       _QF_log2Lkup
 0977:0CCC       _QF_maxPool_
 0977:0CD2       _QF_maxSignal_
 0977:0C90       _QF_pool_
 0977:0CDE       _QF_pwr2Lkup
 0977:0CCE       _QF_subscrList_
 0977:0DCE       _QF_timeEvtListHead_
 0977:0DF2       _QK_ceilingPrio_
 0977:0DDE       _QK_currPrio_
 0826:0011       _QK_init
 0977:0DDF       _QK_intNest_
 0977:0DD5       _QK_readySet_
 0803:000E       _QK_scheduleExt_
 07D5:0007       _QK_schedule_
 0977:0E11       _QS_chksum_
 0977:0E08       _QS_end_
 0977:0E12 idle  _QS_full_
 0977:0E0A       _QS_head_
 0977:0E04       _QS_ring_
 0977:0E10 idle  _QS_seq_
 0977:0E0C       _QS_tail_
 0977:0E0E       _QS_used_
 039F:06B5       _Q_onAssert
 0000:17AE       _rand
 0000:3667 idle  _realloc
 0000:26F0       _setblock
 0000:270C       _setdate
 0000:2695 idle  _setmem
 0000:2721       _settime
 0000:1B90       _setvbuf
 0000:24E4       _setvect
 0000:0BFD       _sin
 0000:179D       _srand
 0000:1CAF idle  _stime
 0000:2736       _strcpy
 0000:275F       _strlen
 0000:277E       _strncpy
 0000:1D47       _tell
 0000:1CEF       _time
 0977:136C       _timezone
 0977:1364 idle  _tzname
 0000:27AF       _tzset
 0000:262C idle  _ultoa
 0000:1E8E       _unixtodos
 0000:209C idle  _wherex
 0000:20AB idle  _wherey
 0977:0FA0 idle  _whyS
 0000:20BE       _write
 0977:0E20       __8087
 0000:1000 idle  __AHINCR
 0000:000C idle  __AHSHIFT
 0977:13E6 idle  __argc
 0977:13E8 idle  __argv
 0977:0FF2       __atexitcnt
 0977:1B3C       __atexittbl
 0000:0FDA       __brk
 0977:0087       __brklvl
 0977:0069       __C0argc
 0977:006B       __C0argv
 0000:236A idle  __c0crtinit
 0977:006F       __C0environ
 0000:238A idle  __crtinit
 0977:0FF4       __ctype
 0977:0E34       __default87
 0977:12EE idle  __doserrno
 0977:12F0 idle  __dosErrorToSV
 0B34:0000       __emu
 0977:0073       __envLng
 0977:0075       __envseg
 0977:0077       __envSize
 0000:011A       __exit
 0977:10F6       __exitbuf
 0000:00FA       __exitclean
 0977:10FA       __exitfopen
 0977:10FE       __exitopen
 0000:047B       __fperror
 0977:12BC       __fpstklen
 0000:1460 idle  __fputc
 0000:15F5       __FPUTN
 0977:0083       __heapbase
 0977:008B       __heaptop
 0977:0EE0       __huge_dble
 0977:0EDC idle  __huge_flt
 0977:0EE8 idle  __huge_ldble
 0977:0EF2 idle  __indefinite
 0977:0059 idle  __Int0Vector
 0977:005D idle  __Int4Vector
 0977:0061 idle  __Int5Vector
 0977:0065 idle  __Int6Vector
 0000:2509       __IOERROR
 0000:299B       __ISDST
 0977:0E31       __LDT
 0000:0529       __LDTRUNC
 0000:2580       __LONGTOA
 0000:0E35       __matherr
 0000:0208 idle  __MMODEL
 0977:134A idle  __monthDay
 0977:1BCA idle  __new_handler
 0977:1294       __openfd
 0977:007B       __osmajor
 0977:007C idle  __osminor
 0977:0E30       __protected
 0977:0079       __psp
 0000:387B       __REALCVT
 0977:13FA       __RealCvtVector
 0000:0178 idle  __restorezero
 0000:1019       __sbrk
 0977:13FC idle  __ScanTodVector
 0000:1908       __SCREENIO
 0000:19AB       __SCROLL
 0000:0000  Abs  __setargv__
 0000:0000 idle  __setenvp__
 0000:1B17       __setupio
 0977:007F idle  __StartTime
 0977:12C8       __stklen
 0977:1104       __streams
 0977:0EF6 idle  __tiny_ldble
 0000:0000 idle  __turboCrt
 0000:0000  Abs  __turboCvt
 0000:8087  Abs  __turboFloat
 0000:1945       __VALIDATEXY
 0000:30D2       __vector_delete_
 0000:31ED       __vector_new_
 0977:007B       __version
 0977:12D6       __video
 0000:22E6       __VideoInt
 0000:2A92       __VPRINTER
 0000:2F6A       __VPTR
 0000:2F90       __VRAM
 0000:2092       __wherexy
 0000:3009       __write
 0000:0C4F       __XCVT
 0000:21EB       __xfflush
 0000:32E0 idle  ___first
 0000:0349 idle  ___fpreset
 0000:32E2 idle  ___last
 0000:32E4 idle  ___rover
 0977:1BBE       ___SignalPtr

  Address         Publics by Value

 0000:0000  Abs  FIDRQQ
 0000:0000  Abs  FIERQQ
 0000:0000  Abs  FIWRQQ
 0000:0000  Abs  __setargv__
 0000:0000  Abs  __turboCvt
 0000:0000 idle  FIARQQ
 0000:0000 idle  FICRQQ
 0000:0000 idle  FISRQQ
 0000:0000 idle  FJARQQ
 0000:0000 idle  FJCRQQ
 0000:0000 idle  FJSRQQ
 0000:0000 idle  __turboCrt
 0000:0000 idle  __setenvp__
 0000:000C idle  __AHSHIFT
 0000:1000 idle  __AHINCR
 0000:8087  Abs  __turboFloat
 0000:00FA       __exitclean
 0000:011A       __exit
 0000:0178 idle  __restorezero
 0000:01F0       _abort
 0000:0206 idle  DGROUP@
 0000:0208 idle  __MMODEL
 0000:0349 idle  ___fpreset
 0000:041A       _cos
 0000:046C       _fabs
 0000:047B       __fperror
 0000:0529       __LDTRUNC
 0000:05C4       _matherr
 0000:05EE       _pow10
 0000:0BFD       _sin
 0000:0C4F       __XCVT
 0000:0E35       __matherr
 0000:0EDE idle  _atexit
 0000:0F0B       _clrscr
 0000:0F35       _exit
 0000:0FDA       __brk
 0000:1019       __sbrk
 0000:1086       _fflush
 0000:1156       _flushall
 0000:1199       _fprintf
 0000:1239       _fseek
 0000:12B9 idle  _ftell
 0000:1309       _getdate
 0000:131C       _gettime
 0000:132F       _gettext
 0000:1380       _puttext
 0000:13BA       _movetext
 0000:1460 idle  __fputc
 0000:1482 idle  _fputc
 0000:15DE idle  _fputchar
 0000:15F5       __FPUTN
 0000:179D       _srand
 0000:17AE       _rand
 0000:1908       __SCREENIO
 0000:1945       __VALIDATEXY
 0000:19AB       __SCROLL
 0000:1B17       __setupio
 0000:1B90       _setvbuf
 0000:1CAF idle  _stime
 0000:1CEF       _time
 0000:1D47       _tell
 0000:1D61       _dostounix
 0000:1E8E       _unixtodos
 0000:2092       __wherexy
 0000:209C idle  _wherex
 0000:20AB idle  _wherey
 0000:20BE       _write
 0000:21EB       __xfflush
 0000:2225       _atol
 0000:229A idle  _atoi
 0000:22E6       __VideoInt
 0000:236A idle  __c0crtinit
 0000:238A idle  __crtinit
 0000:2465       _getenv
 0000:24D5       _getvect
 0000:24E4       _setvect
 0000:24F5       _inport
 0000:24FE idle  _inportb
 0000:2509       __IOERROR
 0000:2546       _isatty
 0000:2557       _lseek
 0000:2580       __LONGTOA
 0000:2602 idle  _itoa
 0000:262C idle  _ultoa
 0000:2649 idle  _ltoa
 0000:2671       _memcpy
 0000:2695 idle  _setmem
 0000:26B9       _memset
 0000:26D8 idle  _outport
 0000:26E4       _outportb
 0000:26F0       _setblock
 0000:270C       _setdate
 0000:2721       _settime
 0000:2736       _strcpy
 0000:275F       _strlen
 0000:277E       _strncpy
 0000:27AF       _tzset
 0000:299B       __ISDST
 0000:2A92       __VPRINTER
 0000:2F6A       __VPTR
 0000:2F90       __VRAM
 0000:3009       __write
 0000:3054       operator delete(void far*)
 0000:3066 idle  set_new_handler(void(far*)())
 0000:3090       operator new(unsigned int)
 0000:30D2       __vector_delete_
 0000:31ED       __vector_new_
 0000:32E0 idle  ___first
 0000:32E2 idle  ___last
 0000:32E4 idle  ___rover
 0000:341E       _free
 0000:341E idle  _farfree
 0000:3504       _malloc
 0000:350E idle  _farmalloc
 0000:3667 idle  _realloc
 0000:366E idle  _farrealloc
 0000:36DC       F_LXMUL@
 0000:36DC idle  LXMUL@
 0000:36F3       N_LDIV@
 0000:36F6       F_LDIV@
 0000:36F6 idle  LDIV@
 0000:36FA idle  N_LUDIV@
 0000:36FD       F_LUDIV@
 0000:36FD idle  LUDIV@
 0000:3702       N_LMOD@
 0000:3705 idle  F_LMOD@
 0000:3705 idle  LMOD@
 0000:370A idle  N_LUMOD@
 0000:370D       F_LUMOD@
 0000:370D idle  LUMOD@
 0000:37A1 idle  N_LXLSH@
 0000:37A4       F_LXLSH@
 0000:37A4 idle  LXLSH@
 0000:37C2 idle  N_LXURSH@
 0000:37C5       F_LXURSH@
 0000:37C5 idle  LXURSH@
 0000:37E3       N_PADD@
 0000:37E6 idle  F_PADD@
 0000:37E6 idle  PADD@
 0000:3812 idle  N_PSUB@
 0000:3815 idle  F_PSUB@
 0000:3815 idle  PSUB@
 0000:3843       N_LXMUL@
 0000:385A       N_PCMP@
 0000:387B       __REALCVT
 039F:0008 idle  ISR_tmr()
 039F:00DE idle  ISR_kbd()
 039F:0216       QF::onStartup()
 039F:025B       QF::onCleanup()
 039F:0293       QK::onIdle()
 039F:02E2       BSP_init(int,char far*far*)
 039F:061C       BSP_displyPhilStat(unsigned char,const char far*)
 039F:06B5       _Q_onAssert
 039F:085C       lib1_reent_init(unsigned char)
 039F:087D       lib1_test()
 039F:0971       lib2_reent_init(unsigned char)
 039F:0997       lib2_test()
 039F:0B69 idle  QS::onStartup(const void far*)
 039F:0B93 idle  QS::onCleanup()
 039F:0B98       QS::onGetTime()
 039F:0C0A       QS::onFlush()
 0465:0008       _main
 0498:000E       Philo_start(unsigned char,unsigned char,const QEvent far*far*,unsigned long)
 0498:0090 idle  Philo::Philo()
 0498:00FD idle  Philo::initial(Philo far*,const QEvent far*)
 0498:0516 idle  Philo::thinking(Philo far*,const QEvent far*)
 0498:05EE idle  Philo::hungry(Philo far*,const QEvent far*)
 0498:06E0 idle  Philo::eating(Philo far*,const QEvent far*)
 0498:0835       QActive::QActive(unsigned char(far*)(void far*,const QEvent far*))
 0498:088D       randomize()
 0498:08A4       random(int)
 0498:08CA       QTimeEvt::postIn(QActive far*,unsigned int)
 0498:08EF       QHsm::QHsm(unsigned char(far*)(void far*,const QEvent far*))
 0498:093D       Philo::~Philo()
 0498:097C       QActive::~QActive()
 0533:0001       Table_start(unsigned char,const QEvent far*far*,unsigned long)
 0533:0076 idle  Table::Table()
 0533:0103 idle  Table::initial(Table far*,const QEvent far*)
 0533:0276 idle  Table::serving(Table far*,const QEvent far*)
 0533:060F       Table::~Table()
 0597:000E       Video::clearScreen(unsigned char)
 0597:002C       Video::clearRect(unsigned char,unsigned char,unsigned char,unsigned char,unsigned char)
 0597:007F       Video::printStrAt(unsigned char,unsigned char,unsigned char,const char far*)
 0597:00D2       Video::printNumAt(unsigned char,unsigned char,unsigned char,unsigned long)
 0597:0170 idle  Video::drawBitmapAt(unsigned char,unsigned char,const unsigned char far*,unsigned char,unsigned char)
 0597:0260 idle  Video::drawStringAt(unsigned char,unsigned char,const char far*)
 05C0:000F       QEP::getVersion()
 05C1:000B       QHsm::~QHsm()
 05C1:0037       QHsm::init(const QEvent far*)
 05EC:0006       QHsm::dispatch(const QEvent far*)
 068E:000F       QHsm::top(QHsm far*,const QEvent far*)
 068F:0008       QActive::postFIFO(const QEvent far*)
 068F:0181       QPSet64::insert(unsigned char) volatile
 068F:01C5       QPSet8::insert(unsigned char) volatile
 06AC:000B       QActive::get_()
 06AC:01D7 idle  QF::getQueueMargin(unsigned char)
 06AC:023A       QPSet64::remove(unsigned char) volatile
 06AC:0285       QPSet8::remove(unsigned char) volatile
 06D5:000B       QActive::subscribe(unsigned char) const
 06E5:0008       QEQueue::init(const QEvent far*far*,unsigned char)
 06F0:0008       QF::getVersion()
 06F0:0014       QF::add_(QActive far*)
 06F0:00E8       QF::remove_(const QActive far*)
 070C:0001       QF::gc(const QEvent far*)
 071C:0006       QF::new_(unsigned int,unsigned char)
 071C:00E4       QMPool::getBlockSize() const
 072B:0002       QF::poolInit(void far*,unsigned long,unsigned int)
 0732:000F       QF::psInit(QSubscrList far*,unsigned char)
 0734:0007       QF::publish(const QEvent far*)
 0748:0009       QF::tick()
 0769:000F       QMPool::get()
 0769:00F5 idle  QF::getPoolMargin(unsigned char)
 077C:000E       QMPool::init(void far*,unsigned long,unsigned int)
 079C:000C       QMPool::put(void far*)
 07AC:0003       QTimeEvt::QTimeEvt(unsigned char)
 07B5:000E       QTimeEvt::arm_(QActive far*,unsigned int)
 07C8:0000       QK::getVersion()
 07C8:000C       QF::init()
 07C8:0016       QF::stop()
 07C8:0020       QF::run()
 07C8:003D       QActive::start(unsigned char,const QEvent far*far*,unsigned long,void far*,unsigned long,const QEvent far*)
 07C8:00C5 idle  QActive::stop()
 07D5:0007       _QK_schedule_
 07D5:01D6       QPSet64::findMax() volatile
 07D5:021E       QPSet8::notEmpty() volatile
 07F8:0005       QK::mutexLock(unsigned char)
 07F8:0065       QK::mutexUnlock(unsigned char)
 0803:000E       _QK_scheduleExt_
 0826:0005 idle  QK::getPortVersion()
 0826:0011       _QK_init
 0827:0006       _FPU_save
 0827:0016       _FPU_restore
 0829:0006 idle  QS::getVersion()
 0829:0012       QS::initBuf(unsigned char far*,unsigned long)
 0829:002A       QS::filterOn(unsigned char)
 0829:0079       QS::filterOff(unsigned char)
 0829:00CA       QS::begin(unsigned char)
 0829:01EB       QS::end()
 0829:02B3       QS::u8(unsigned char,unsigned char)
 0829:03C6 idle  QS::u16(unsigned char,unsigned int)
 0829:0560 idle  QS::u32(unsigned char,unsigned long)
 08AD:000B       QS::u8_(unsigned char)
 08AD:0097       QS::u16_(unsigned int)
 08AD:01AA       QS::u32_(unsigned long)
 08AD:040C idle  QS::str_(const char far*)
 08AD:047C       QS::str_ROM_(const char far*)
 08FB:0003       QS::getBlock(unsigned int far*)
 0902:0006       QS::str(const char far*)
 0902:00A2 idle  QS::str_ROM(const char far*)
 0916:0306       e087_Entry
 0916:03C6       e087_Shortcut
 0916:0430       e087_Trap
 0977:0000 idle  DATASEG@
 0977:0059 idle  __Int0Vector
 0977:005D idle  __Int4Vector
 0977:0061 idle  __Int5Vector
 0977:0065 idle  __Int6Vector
 0977:0069       __C0argc
 0977:006B       __C0argv
 0977:006F       __C0environ
 0977:0073       __envLng
 0977:0075       __envseg
 0977:0077       __envSize
 0977:0079       __psp
 0977:007B       __osmajor
 0977:007B       __version
 0977:007C idle  __osminor
 0977:007D       _errno
 0977:007F idle  __StartTime
 0977:0083       __heapbase
 0977:0087       __brklvl
 0977:008B       __heaptop
 0977:0098       _impure_ptr1
 0977:009C       _impure_ptr2
 0977:0712       _AO_Philo
 0977:0826       Philo::
 0977:082A       QActive::
 0977:082E       QHsm::
 0977:08DC       _AO_Table
 0977:094C       Table::
 0977:0B2E       _QEP_reservedEvt_
 0977:0B71 idle  _QF_intLockNest_
 0977:0B80       _QF_log2Lkup
 0977:0C90       _QF_pool_
 0977:0CCC       _QF_maxPool_
 0977:0CCE       _QF_subscrList_
 0977:0CD2       _QF_maxSignal_
 0977:0CDE       _QF_pwr2Lkup
 0977:0D1F       _QF_invPwr2Lkup
 0977:0D60       _QF_div8Lkup
 0977:0DCE       _QF_timeEvtListHead_
 0977:0DD5       _QK_readySet_
 0977:0DDE       _QK_currPrio_
 0977:0DDF       _QK_intNest_
 0977:0DF2       _QK_ceilingPrio_
 0977:0E04       _QS_ring_
 0977:0E08       _QS_end_
 0977:0E0A       _QS_head_
 0977:0E0C       _QS_tail_
 0977:0E0E       _QS_used_
 0977:0E10 idle  _QS_seq_
 0977:0E11       _QS_chksum_
 0977:0E12 idle  _QS_full_
 0977:0E20       __8087
 0977:0E30       __protected
 0977:0E31       __LDT
 0977:0E34       __default87
 0977:0EDC idle  __huge_flt
 0977:0EE0       __huge_dble
 0977:0EE8 idle  __huge_ldble
 0977:0EF2 idle  __indefinite
 0977:0EF6 idle  __tiny_ldble
 0977:0FA0 idle  _whyS
 0977:0FF2       __atexitcnt
 0977:0FF4       __ctype
 0977:10F6       __exitbuf
 0977:10FA       __exitfopen
 0977:10FE       __exitopen
 0977:1104       __streams
 0977:1294       __openfd
 0977:12BC       __fpstklen
 0977:12C8       __stklen
 0977:12D6       __video
 0977:12E5       _directvideo
 0977:12EE idle  __doserrno
 0977:12F0 idle  __dosErrorToSV
 0977:134A idle  __monthDay
 0977:1364 idle  _tzname
 0977:136C       _timezone
 0977:1370       _daylight
 0977:13E6 idle  __argc
 0977:13E8 idle  __argv
 0977:13F6       _environ
 0977:13FA       __RealCvtVector
 0977:13FC idle  __ScanTodVector
 0977:19FE       QF::active_
 0977:1B00       QS::glbFilter_
 0977:1B20       QS::smObj_
 0977:1B24       QS::aoObj_
 0977:1B28       QS::mpObj_
 0977:1B2C       QS::eqObj_
 0977:1B30       QS::teObj_
 0977:1B34       QS::apObj_
 0977:1B38       QS::tickCtr_
 0977:1B3C       __atexittbl
 0977:1BBE       ___SignalPtr
 0977:1BCA idle  __new_handler
 0B34:0000       __emu

Program entry point at 0000:0000

