
 Start  Stop   Length Name               Class

 00000H 02288H 02289H _TEXT              CODE
 02289H 0237EH 000F6H BSP_TEXT           CODE
 0237FH 0286AH 004ECH REMINDER_TEXT      CODE
 0286BH 0299CH 00132H QA_FIFO_TEXT       CODE
 0299DH 02B3AH 0019EH QA_GET__TEXT       CODE
 02B3BH 02B8EH 00054H QEQ_INIT_TEXT      CODE
 02B8FH 02C86H 000F8H QF_ACT_TEXT        CODE
 02C87H 02D06H 00080H QF_GC_TEXT         CODE
 02D07H 02D07H 00000H QF_LOG2_TEXT       CODE
 02D07H 02DC1H 000BBH QF_NEW_TEXT        CODE
 02DC2H 02E44H 00083H QF_POOL_TEXT       CODE
 02E45H 02E45H 00000H QF_PWR2_TEXT       CODE
 02E45H 02F47H 00103H QF_TICK_TEXT       CODE
 02F48H 03000H 000B9H QMP_GET_TEXT       CODE
 03001H 031A0H 001A0H QMP_INIT_TEXT      CODE
 031A1H 03226H 00086H QMP_PUT_TEXT       CODE
 03227H 032C6H 000A0H QTE_CTOR_TEXT      CODE
 032C7H 0336CH 000A6H QTE_ARM_TEXT       CODE
 0336DH 03404H 00098H QTE_DARM_TEXT      CODE
 03405H 03593H 0018FH QVANILLA_TEXT      CODE
 03594H 0359FH 0000CH QEP_TEXT           CODE
 035A0H 0370AH 0016BH QHSM_INI_TEXT      CODE
 0370BH 03BAEH 004A4H QHSM_DIS_TEXT      CODE
 03BAFH 03BB7H 00009H QHSM_TOP_TEXT      CODE
 03BC0H 03BC0H 00000H _FARDATA           FAR_DATA
 03BC0H 03BC0H 00000H BSP5_FAR           FAR_DATA
 03BC0H 03BC0H 00000H REMINDER5_FAR      FAR_DATA
 03BC0H 03BC0H 00000H QA_FIFO5_FAR       FAR_DATA
 03BC0H 03BC0H 00000H QA_GET_5_FAR       FAR_DATA
 03BC0H 03BC0H 00000H QEQ_INIT5_FAR      FAR_DATA
 03BC0H 03BC0H 00000H QF_ACT5_FAR        FAR_DATA
 03BC0H 03BC0H 00000H QF_GC5_FAR         FAR_DATA
 03BC0H 03BC0H 00000H QF_LOG25_FAR       FAR_DATA
 03BC0H 03BC0H 00000H QF_NEW5_FAR        FAR_DATA
 03BC0H 03BC0H 00000H QF_POOL5_FAR       FAR_DATA
 03BC0H 03BC0H 00000H QF_PWR25_FAR       FAR_DATA
 03BC0H 03BC0H 00000H QF_TICK5_FAR       FAR_DATA
 03BC0H 03BC0H 00000H QMP_GET5_FAR       FAR_DATA
 03BC0H 03BC0H 00000H QMP_INIT5_FAR      FAR_DATA
 03BC0H 03BC0H 00000H QMP_PUT5_FAR       FAR_DATA
 03BC0H 03BC0H 00000H QTE_CTOR5_FAR      FAR_DATA
 03BC0H 03BC0H 00000H QTE_ARM5_FAR       FAR_DATA
 03BC0H 03BC0H 00000H QTE_DARM5_FAR      FAR_DATA
 03BC0H 03BC0H 00000H QVANILLA5_FAR      FAR_DATA
 03BC0H 03BC0H 00000H _OVERLAY_          OVRINFO
 03BC0H 03BD7H 00018H _INIT_             INITDATA
 03BD8H 03BD8H 00000H _INITEND_          INITDATA
 03BD8H 03BDDH 00006H _EXIT_             EXITDATA
 03BDEH 03BDEH 00000H _EXITEND_          EXITDATA
 03BE0H 03BE0H 00000H _1STUB_            STUBSEG
 03BE0H 042C5H 006E6H _DATA              DATA
 042C6H 042C6H 00000H _CVTSEG            DATA
 042C6H 042C6H 00000H _SCNSEG            DATA
 042C6H 044E3H 0021EH _BSS               BSS
 044E4H 044E4H 00000H _BSSEND            ENDBSS
 044F0H 0456FH 00080H _STACK             STACK


Detailed map of segments

 0000:0000 020A C=CODE   S=_TEXT          G=(none)  M=c0.ASM     ACBP=28
 0000:020A 002D C=CODE   S=_TEXT          G=(none)  M=ATEXIT     ACBP=28
 0000:0237 014C C=CODE   S=_TEXT          G=(none)  M=CPRINTF    ACBP=28
 0000:0383 0026 C=CODE   S=_TEXT          G=(none)  M=EXIT       ACBP=28
 0000:03A9 012C C=CODE   S=_TEXT          G=(none)  M=FBRK       ACBP=28
 0000:04D5 00D0 C=CODE   S=_TEXT          G=(none)  M=FFLUSH     ACBP=28
 0000:05A5 0000 C=CODE   S=_TEXT          G=(none)  M=FILES      ACBP=28
 0000:05A5 0000 C=CODE   S=_TEXT          G=(none)  M=FILES2     ACBP=28
 0000:05A5 0043 C=CODE   S=_TEXT          G=(none)  M=FLUSHALL   ACBP=28
 0000:05E8 001C C=CODE   S=_TEXT          G=(none)  M=FPRINTF    ACBP=28
 0000:0604 0154 C=CODE   S=_TEXT          G=(none)  M=FSEEK      ACBP=28
 0000:0758 008B C=CODE   S=_TEXT          G=(none)  M=GPTEXT     ACBP=28
 0000:07E3 00A6 C=CODE   S=_TEXT          G=(none)  M=MOVETEXT   ACBP=28
 0000:0889 001B C=CODE   S=_TEXT          G=(none)  M=PRINTF     ACBP=28
 0000:08A4 033D C=CODE   S=_TEXT          G=(none)  M=PUTC       ACBP=28
 0000:0BE1 0017 C=CODE   S=_TEXT          G=(none)  M=PUTCH      ACBP=28
 0000:0BF8 01B1 C=CODE   S=_TEXT          G=(none)  M=SCREEN     ACBP=28
 0000:0DA9 0192 C=CODE   S=_TEXT          G=(none)  M=SCROLL     ACBP=28
 0000:0F3B 0079 C=CODE   S=_TEXT          G=(none)  M=SETUPIO    ACBP=28
 0000:0FB4 011F C=CODE   S=_TEXT          G=(none)  M=SETVBUF    ACBP=28
 0000:10D3 0000 C=CODE   S=_TEXT          G=(none)  M=STKLEN     ACBP=28
 0000:10D3 001A C=CODE   S=_TEXT          G=(none)  M=TELL       ACBP=28
 0000:10ED 002C C=CODE   S=_TEXT          G=(none)  M=WHEREXY    ACBP=28
 0000:1119 012D C=CODE   S=_TEXT          G=(none)  M=WRITE      ACBP=28
 0000:1246 0000 C=CODE   S=_TEXT          G=(none)  M=WSCROLL    ACBP=28
 0000:1246 003A C=CODE   S=_TEXT          G=(none)  M=XFFLUSH    ACBP=28
 0000:1280 01BA C=CODE   S=_TEXT          G=(none)  M=CRTINIT    ACBP=28
 0000:143A 005C C=CODE   S=_TEXT          G=(none)  M=GETCH      ACBP=28
 0000:1496 0020 C=CODE   S=_TEXT          G=(none)  M=GETVECT    ACBP=28
 0000:14B6 003D C=CODE   S=_TEXT          G=(none)  M=IOERROR    ACBP=28
 0000:14F3 0011 C=CODE   S=_TEXT          G=(none)  M=ISATTY     ACBP=28
 0000:1504 0006 C=CODE   S=_TEXT          G=(none)  M=KBHIT      ACBP=28
 0000:150A 0029 C=CODE   S=_TEXT          G=(none)  M=LSEEK      ACBP=28
 0000:1533 00F1 C=CODE   S=_TEXT          G=(none)  M=LTOA       ACBP=28
 0000:1624 0024 C=CODE   S=_TEXT          G=(none)  M=MEMCPY     ACBP=28
 0000:1648 001C C=CODE   S=_TEXT          G=(none)  M=SETBLOCK   ACBP=28
 0000:1664 04F0 C=CODE   S=_TEXT          G=(none)  M=VPRINTER   ACBP=28
 0000:1B54 009F C=CODE   S=_TEXT          G=(none)  M=VRAM       ACBP=28
 0000:1BF3 004B C=CODE   S=_TEXT          G=(none)  M=WRITEA     ACBP=28
 0000:1C3E 0012 C=CODE   S=_TEXT          G=(none)  M=DEL        ACBP=28
 0000:1C50 006C C=CODE   S=_TEXT          G=(none)  M=NEW        ACBP=28
 0000:1CC0 03FC C=CODE   S=_TEXT          G=(none)  M=FARHEAP    ACBP=68
 0000:20BC 0021 C=CODE   S=_TEXT          G=(none)  M=H_LLSH     ACBP=28
 0000:20DD 0060 C=CODE   S=_TEXT          G=(none)  M=H_PADD     ACBP=28
 0000:213D 0021 C=CODE   S=_TEXT          G=(none)  M=N_PCMP     ACBP=28
 0000:215E 0004 C=CODE   S=_TEXT          G=(none)  M=REALCVT    ACBP=28
 0000:2162 0127 C=CODE   S=_TEXT          G=(none)  M=SETARGV    ACBP=28
 0228:0009 00F6 C=CODE   S=BSP_TEXT       G=(none)  M=BSP.CPP    ACBP=28
 0237:000F 04EC C=CODE   S=REMINDER_TEXT  G=(none)  M=REMINDER.CPP ACBP=28
 0286:000B 0132 C=CODE   S=QA_FIFO_TEXT   G=(none)  M=QA_FIFO    ACBP=28
 0299:000D 019E C=CODE   S=QA_GET__TEXT   G=(none)  M=QA_GET_    ACBP=28
 02B3:000B 0054 C=CODE   S=QEQ_INIT_TEXT  G=(none)  M=QEQ_INIT   ACBP=28
 02B8:000F 00F8 C=CODE   S=QF_ACT_TEXT    G=(none)  M=QF_ACT     ACBP=28
 02C8:0007 0080 C=CODE   S=QF_GC_TEXT     G=(none)  M=QF_GC      ACBP=28
 02D0:0007 0000 C=CODE   S=QF_LOG2_TEXT   G=(none)  M=QF_LOG2    ACBP=28
 02D0:0007 00BB C=CODE   S=QF_NEW_TEXT    G=(none)  M=QF_NEW     ACBP=28
 02DC:0002 0083 C=CODE   S=QF_POOL_TEXT   G=(none)  M=QF_POOL    ACBP=28
 02E4:0005 0000 C=CODE   S=QF_PWR2_TEXT   G=(none)  M=QF_PWR2    ACBP=28
 02E4:0005 0103 C=CODE   S=QF_TICK_TEXT   G=(none)  M=QF_TICK    ACBP=28
 02F4:0008 00B9 C=CODE   S=QMP_GET_TEXT   G=(none)  M=QMP_GET    ACBP=28
 0300:0001 01A0 C=CODE   S=QMP_INIT_TEXT  G=(none)  M=QMP_INIT   ACBP=28
 031A:0001 0086 C=CODE   S=QMP_PUT_TEXT   G=(none)  M=QMP_PUT    ACBP=28
 0322:0007 00A0 C=CODE   S=QTE_CTOR_TEXT  G=(none)  M=QTE_CTOR   ACBP=28
 032C:0007 00A6 C=CODE   S=QTE_ARM_TEXT   G=(none)  M=QTE_ARM    ACBP=28
 0336:000D 0098 C=CODE   S=QTE_DARM_TEXT  G=(none)  M=QTE_DARM   ACBP=28
 0340:0005 018F C=CODE   S=QVANILLA_TEXT  G=(none)  M=QVANILLA   ACBP=28
 0359:0004 000C C=CODE   S=QEP_TEXT       G=(none)  M=QEP        ACBP=28
 035A:0000 016B C=CODE   S=QHSM_INI_TEXT  G=(none)  M=QHSM_INI   ACBP=28
 0370:000B 04A4 C=CODE   S=QHSM_DIS_TEXT  G=(none)  M=QHSM_DIS   ACBP=28
 03BA:000F 0009 C=CODE   S=QHSM_TOP_TEXT  G=(none)  M=QHSM_TOP   ACBP=28
 03BC:0000 0000 C=FAR_DATA S=_FARDATA       G=(none)  M=c0.ASM     ACBP=68
 03BC:0000 0000 C=FAR_DATA S=BSP5_FAR       G=(none)  M=BSP.CPP    ACBP=68
 03BC:0000 0000 C=FAR_DATA S=REMINDER5_FAR  G=(none)  M=REMINDER.CPP ACBP=68
 03BC:0000 0000 C=FAR_DATA S=QA_FIFO5_FAR   G=(none)  M=QA_FIFO    ACBP=68
 03BC:0000 0000 C=FAR_DATA S=QA_GET_5_FAR   G=(none)  M=QA_GET_    ACBP=68
 03BC:0000 0000 C=FAR_DATA S=QEQ_INIT5_FAR  G=(none)  M=QEQ_INIT   ACBP=68
 03BC:0000 0000 C=FAR_DATA S=QF_ACT5_FAR    G=(none)  M=QF_ACT     ACBP=68
 03BC:0000 0000 C=FAR_DATA S=QF_GC5_FAR     G=(none)  M=QF_GC      ACBP=68
 03BC:0000 0000 C=FAR_DATA S=QF_LOG25_FAR   G=(none)  M=QF_LOG2    ACBP=68
 03BC:0000 0000 C=FAR_DATA S=QF_NEW5_FAR    G=(none)  M=QF_NEW     ACBP=68
 03BC:0000 0000 C=FAR_DATA S=QF_POOL5_FAR   G=(none)  M=QF_POOL    ACBP=68
 03BC:0000 0000 C=FAR_DATA S=QF_PWR25_FAR   G=(none)  M=QF_PWR2    ACBP=68
 03BC:0000 0000 C=FAR_DATA S=QF_TICK5_FAR   G=(none)  M=QF_TICK    ACBP=68
 03BC:0000 0000 C=FAR_DATA S=QMP_GET5_FAR   G=(none)  M=QMP_GET    ACBP=68
 03BC:0000 0000 C=FAR_DATA S=QMP_INIT5_FAR  G=(none)  M=QMP_INIT   ACBP=68
 03BC:0000 0000 C=FAR_DATA S=QMP_PUT5_FAR   G=(none)  M=QMP_PUT    ACBP=68
 03BC:0000 0000 C=FAR_DATA S=QTE_CTOR5_FAR  G=(none)  M=QTE_CTOR   ACBP=68
 03BC:0000 0000 C=FAR_DATA S=QTE_ARM5_FAR   G=(none)  M=QTE_ARM    ACBP=68
 03BC:0000 0000 C=FAR_DATA S=QTE_DARM5_FAR  G=(none)  M=QTE_DARM   ACBP=68
 03BC:0000 0000 C=FAR_DATA S=QVANILLA5_FAR  G=(none)  M=QVANILLA   ACBP=68
 03BC:0000 0000 C=OVRINFO S=_OVERLAY_      G=(none)  M=c0.ASM     ACBP=68
 03BC:0000 0000 C=INITDATA S=_INIT_         G=IGROUP  M=c0.ASM     ACBP=48
 03BC:0000 0006 C=INITDATA S=_INIT_         G=IGROUP  M=REMINDER.CPP ACBP=48
 03BC:0006 0006 C=INITDATA S=_INIT_         G=IGROUP  M=SETUPIO    ACBP=48
 03BC:000C 0006 C=INITDATA S=_INIT_         G=IGROUP  M=CRTINIT    ACBP=48
 03BC:0012 0006 C=INITDATA S=_INIT_         G=IGROUP  M=SETARGV    ACBP=48
 03BC:0018 0000 C=INITDATA S=_INITEND_      G=IGROUP  M=c0.ASM     ACBP=28
 03BD:0008 0000 C=EXITDATA S=_EXIT_         G=EGROUP  M=c0.ASM     ACBP=48
 03BD:0008 0006 C=EXITDATA S=_EXIT_         G=EGROUP  M=REMINDER.CPP ACBP=48
 03BD:000E 0000 C=EXITDATA S=_EXITEND_      G=EGROUP  M=c0.ASM     ACBP=28
 03BE:0000 0000 C=STUBSEG S=_1STUB_        G=(none)  M=c0.ASM     ACBP=68
 03BE:0000 008F C=DATA   S=_DATA          G=DGROUP  M=c0.ASM     ACBP=68
 03BE:0090 0020 C=DATA   S=_DATA          G=DGROUP  M=BSP.CPP    ACBP=48
 03BE:00B0 00D1 C=DATA   S=_DATA          G=DGROUP  M=REMINDER.CPP ACBP=48
 03BE:0182 0008 C=DATA   S=_DATA          G=DGROUP  M=QA_FIFO    ACBP=48
 03BE:018A 0008 C=DATA   S=_DATA          G=DGROUP  M=QA_GET_    ACBP=48
 03BE:0192 0000 C=DATA   S=_DATA          G=DGROUP  M=QEQ_INIT   ACBP=48
 03BE:0192 000E C=DATA   S=_DATA          G=DGROUP  M=QF_ACT     ACBP=48
 03BE:01A0 0006 C=DATA   S=_DATA          G=DGROUP  M=QF_GC      ACBP=48
 03BE:01A6 0100 C=DATA   S=_DATA          G=DGROUP  M=QF_LOG2    ACBP=48
 03BE:02A6 0007 C=DATA   S=_DATA          G=DGROUP  M=QF_NEW     ACBP=48
 03BE:02AE 0045 C=DATA   S=_DATA          G=DGROUP  M=QF_POOL    ACBP=48
 03BE:02F4 00C3 C=DATA   S=_DATA          G=DGROUP  M=QF_PWR2    ACBP=48
 03BE:03B8 0000 C=DATA   S=_DATA          G=DGROUP  M=QF_TICK    ACBP=48
 03BE:03B8 0008 C=DATA   S=_DATA          G=DGROUP  M=QMP_GET    ACBP=48
 03BE:03C0 0009 C=DATA   S=_DATA          G=DGROUP  M=QMP_INIT   ACBP=48
 03BE:03CA 0008 C=DATA   S=_DATA          G=DGROUP  M=QMP_PUT    ACBP=48
 03BE:03D2 0009 C=DATA   S=_DATA          G=DGROUP  M=QTE_CTOR   ACBP=48
 03BE:03DC 000C C=DATA   S=_DATA          G=DGROUP  M=QTE_ARM    ACBP=48
 03BE:03E8 0000 C=DATA   S=_DATA          G=DGROUP  M=QTE_DARM   ACBP=48
 03BE:03E8 0019 C=DATA   S=_DATA          G=DGROUP  M=QVANILLA   ACBP=48
 03BE:0402 000F C=DATA   S=_DATA          G=DGROUP  M=QEP        ACBP=48
 03BE:0412 0009 C=DATA   S=_DATA          G=DGROUP  M=QHSM_INI   ACBP=48
 03BE:041C 0009 C=DATA   S=_DATA          G=DGROUP  M=QHSM_DIS   ACBP=48
 03BE:0426 0000 C=DATA   S=_DATA          G=DGROUP  M=QHSM_TOP   ACBP=48
 03BE:0426 0002 C=DATA   S=_DATA          G=DGROUP  M=ATEXIT     ACBP=48
 03BE:0428 0000 C=DATA   S=_DATA          G=DGROUP  M=CPRINTF    ACBP=48
 03BE:0428 000C C=DATA   S=_DATA          G=DGROUP  M=EXIT       ACBP=48
 03BE:0434 0002 C=DATA   S=_DATA          G=DGROUP  M=FBRK       ACBP=48
 03BE:0436 0000 C=DATA   S=_DATA          G=DGROUP  M=FFLUSH     ACBP=48
 03BE:0436 0190 C=DATA   S=_DATA          G=DGROUP  M=FILES      ACBP=48
 03BE:05C6 0028 C=DATA   S=_DATA          G=DGROUP  M=FILES2     ACBP=48
 03BE:05EE 0000 C=DATA   S=_DATA          G=DGROUP  M=FLUSHALL   ACBP=48
 03BE:05EE 0000 C=DATA   S=_DATA          G=DGROUP  M=FPRINTF    ACBP=48
 03BE:05EE 0000 C=DATA   S=_DATA          G=DGROUP  M=FSEEK      ACBP=48
 03BE:05EE 0000 C=DATA   S=_DATA          G=DGROUP  M=GPTEXT     ACBP=48
 03BE:05EE 0000 C=DATA   S=_DATA          G=DGROUP  M=MOVETEXT   ACBP=48
 03BE:05EE 0000 C=DATA   S=_DATA          G=DGROUP  M=PRINTF     ACBP=48
 03BE:05EE 0001 C=DATA   S=_DATA          G=DGROUP  M=PUTC       ACBP=48
 03BE:05F0 0000 C=DATA   S=_DATA          G=DGROUP  M=PUTCH      ACBP=48
 03BE:05F0 0000 C=DATA   S=_DATA          G=DGROUP  M=SCREEN     ACBP=48
 03BE:05F0 0000 C=DATA   S=_DATA          G=DGROUP  M=SCROLL     ACBP=48
 03BE:05F0 0000 C=DATA   S=_DATA          G=DGROUP  M=SETUPIO    ACBP=48
 03BE:05F0 0004 C=DATA   S=_DATA          G=DGROUP  M=SETVBUF    ACBP=48
 03BE:05F4 0002 C=DATA   S=_DATA          G=DGROUP  M=STKLEN     ACBP=48
 03BE:05F6 0000 C=DATA   S=_DATA          G=DGROUP  M=TELL       ACBP=48
 03BE:05F6 0000 C=DATA   S=_DATA          G=DGROUP  M=WHEREXY    ACBP=48
 03BE:05F6 0000 C=DATA   S=_DATA          G=DGROUP  M=WRITE      ACBP=48
 03BE:05F6 0002 C=DATA   S=_DATA          G=DGROUP  M=WSCROLL    ACBP=48
 03BE:05F8 0000 C=DATA   S=_DATA          G=DGROUP  M=XFFLUSH    ACBP=48
 03BE:05F8 0018 C=DATA   S=_DATA          G=DGROUP  M=CRTINIT    ACBP=48
 03BE:0610 0002 C=DATA   S=_DATA          G=DGROUP  M=GETCH      ACBP=48
 03BE:0612 0000 C=DATA   S=_DATA          G=DGROUP  M=GETVECT    ACBP=48
 03BE:0612 005B C=DATA   S=_DATA          G=DGROUP  M=IOERROR    ACBP=48
 03BE:066E 0000 C=DATA   S=_DATA          G=DGROUP  M=ISATTY     ACBP=48
 03BE:066E 0000 C=DATA   S=_DATA          G=DGROUP  M=KBHIT      ACBP=48
 03BE:066E 0000 C=DATA   S=_DATA          G=DGROUP  M=LSEEK      ACBP=48
 03BE:066E 0000 C=DATA   S=_DATA          G=DGROUP  M=LTOA       ACBP=48
 03BE:066E 0000 C=DATA   S=_DATA          G=DGROUP  M=MEMCPY     ACBP=48
 03BE:066E 0000 C=DATA   S=_DATA          G=DGROUP  M=SETBLOCK   ACBP=48
 03BE:066E 0067 C=DATA   S=_DATA          G=DGROUP  M=VPRINTER   ACBP=48
 03BE:06D6 0000 C=DATA   S=_DATA          G=DGROUP  M=VRAM       ACBP=48
 03BE:06D6 0000 C=DATA   S=_DATA          G=DGROUP  M=WRITEA     ACBP=48
 03BE:06D6 0000 C=DATA   S=_DATA          G=DGROUP  M=DEL        ACBP=48
 03BE:06D6 0000 C=DATA   S=_DATA          G=DGROUP  M=NEW        ACBP=48
 03BE:06D6 0010 C=DATA   S=_DATA          G=DGROUP  M=SETARGV    ACBP=48
 03BE:06E6 0000 C=DATA   S=_CVTSEG        G=DGROUP  M=c0.ASM     ACBP=48
 03BE:06E6 0000 C=DATA   S=_CVTSEG        G=DGROUP  M=REALCVT    ACBP=48
 03BE:06E6 0000 C=DATA   S=_SCNSEG        G=DGROUP  M=c0.ASM     ACBP=48
 03BE:06E6 0000 C=BSS    S=_BSS           G=DGROUP  M=c0.ASM     ACBP=48
 03BE:06E6 0008 C=BSS    S=_BSS           G=DGROUP  M=BSP.CPP    ACBP=48
 03BE:06EE 008C C=BSS    S=_BSS           G=DGROUP  M=REMINDER.CPP ACBP=48
 03BE:077A 0000 C=BSS    S=_BSS           G=DGROUP  M=QA_FIFO    ACBP=48
 03BE:077A 0000 C=BSS    S=_BSS           G=DGROUP  M=QA_GET_    ACBP=48
 03BE:077A 0000 C=BSS    S=_BSS           G=DGROUP  M=QEQ_INIT   ACBP=48
 03BE:077A 0101 C=BSS    S=_BSS           G=DGROUP  M=QF_ACT     ACBP=48
 03BE:087C 0000 C=BSS    S=_BSS           G=DGROUP  M=QF_GC      ACBP=48
 03BE:087C 0000 C=BSS    S=_BSS           G=DGROUP  M=QF_LOG2    ACBP=48
 03BE:087C 0000 C=BSS    S=_BSS           G=DGROUP  M=QF_NEW     ACBP=48
 03BE:087C 0000 C=BSS    S=_BSS           G=DGROUP  M=QF_POOL    ACBP=48
 03BE:087C 0000 C=BSS    S=_BSS           G=DGROUP  M=QF_PWR2    ACBP=48
 03BE:087C 0001 C=BSS    S=_BSS           G=DGROUP  M=QF_TICK    ACBP=48
 03BE:087E 0000 C=BSS    S=_BSS           G=DGROUP  M=QMP_GET    ACBP=48
 03BE:087E 0000 C=BSS    S=_BSS           G=DGROUP  M=QMP_INIT   ACBP=48
 03BE:087E 0000 C=BSS    S=_BSS           G=DGROUP  M=QMP_PUT    ACBP=48
 03BE:087E 0000 C=BSS    S=_BSS           G=DGROUP  M=QTE_CTOR   ACBP=48
 03BE:087E 0000 C=BSS    S=_BSS           G=DGROUP  M=QTE_ARM    ACBP=48
 03BE:087E 0000 C=BSS    S=_BSS           G=DGROUP  M=QTE_DARM   ACBP=48
 03BE:087E 0000 C=BSS    S=_BSS           G=DGROUP  M=QVANILLA   ACBP=48
 03BE:087E 0080 C=BSS    S=_BSS           G=DGROUP  M=ATEXIT     ACBP=48
 03BE:08FE 0001 C=BSS    S=_BSS           G=DGROUP  M=PUTC       ACBP=48
 03BE:0900 0000 C=BSS    S=_BSS           G=DGROUP  M=SETUPIO    ACBP=48
 03BE:0900 0000 C=BSS    S=_BSS           G=DGROUP  M=CRTINIT    ACBP=48
 03BE:0900 0000 C=BSS    S=_BSS           G=DGROUP  M=GETCH      ACBP=48
 03BE:0900 0000 C=BSS    S=_BSS           G=DGROUP  M=GETVECT    ACBP=48
 03BE:0900 0000 C=BSS    S=_BSS           G=DGROUP  M=IOERROR    ACBP=48
 03BE:0900 0000 C=BSS    S=_BSS           G=DGROUP  M=ISATTY     ACBP=48
 03BE:0900 0000 C=BSS    S=_BSS           G=DGROUP  M=KBHIT      ACBP=48
 03BE:0900 0000 C=BSS    S=_BSS           G=DGROUP  M=LSEEK      ACBP=48
 03BE:0900 0000 C=BSS    S=_BSS           G=DGROUP  M=LTOA       ACBP=48
 03BE:0900 0000 C=BSS    S=_BSS           G=DGROUP  M=MEMCPY     ACBP=48
 03BE:0900 0000 C=BSS    S=_BSS           G=DGROUP  M=SETBLOCK   ACBP=48
 03BE:0900 0000 C=BSS    S=_BSS           G=DGROUP  M=VPRINTER   ACBP=48
 03BE:0900 0000 C=BSS    S=_BSS           G=DGROUP  M=VRAM       ACBP=48
 03BE:0900 0000 C=BSS    S=_BSS           G=DGROUP  M=WRITEA     ACBP=48
 03BE:0900 0004 C=BSS    S=_BSS           G=DGROUP  M=NEW        ACBP=48
 03BE:0904 0000 C=ENDBSS S=_BSSEND        G=DGROUP  M=c0.ASM     ACBP=28
 044F:0000 0080 C=STACK  S=_STACK         G=(none)  M=c0.ASM     ACBP=74

  Address         Publics by Name

 0000:1C3E       operator delete(void far*)
 0000:1C7A       operator new(unsigned int)
 0228:0031       BSP_init(int,char far*far*)
 0237:02D2       onConsoleInput(unsigned char)
 03BE:0179       QActive::
 0237:03DB       QActive::QActive(unsigned char(far*)(void far*,const QEvent far*))
 0237:04C5       QActive::~QActive()
 0299:000D       QActive::get_()
 0286:000B       QActive::postFIFO(const QEvent far*)
 0340:00AD       QActive::start(unsigned char,const QEvent far*far*,unsigned long,void far*,unsigned long,const QEvent far*)
 0340:0120 idle  QActive::stop()
 0359:0004       QEP::getVersion()
 02B3:000B       QEQueue::init(const QEvent far*far*,unsigned char)
 03BE:077A       QF::active_
 02B8:001B       QF::add_(QActive far*)
 02C8:0007       QF::gc(const QEvent far*)
 02F4:0071 idle  QF::getPoolMargin(unsigned char)
 0340:0005 idle  QF::getPortVersion()
 0299:00DE idle  QF::getQueueMargin(unsigned char)
 02B8:000F       QF::getVersion()
 0228:002C       QF::init()
 02D0:0007       QF::new_(unsigned int,unsigned char)
 0228:0087       QF::onCleanup()
 0228:00BF       QF::onIdle()
 0228:0036       QF::onStartup()
 02DC:0002       QF::poolInit(void far*,unsigned long,unsigned int)
 02B8:008F       QF::remove_(const QActive far*)
 0340:0020       QF::run()
 0340:0016       QF::stop()
 02E4:0005       QF::tick()
 03BE:017D       QHsm::
 0237:0475       QHsm::QHsm(unsigned char(far*)(void far*,const QEvent far*))
 035A:0000       QHsm::~QHsm()
 0370:000B       QHsm::dispatch(const QEvent far*)
 035A:002C       QHsm::init(const QEvent far*)
 03BA:000F       QHsm::top(QHsm far*,const QEvent far*)
 02F4:0008       QMPool::get()
 02D0:00B4       QMPool::getBlockSize() const
 0300:0001       QMPool::init(void far*,unsigned long,unsigned int)
 031A:0001       QMPool::put(void far*)
 0340:0149       QPSet64::findMax() volatile
 0286:00E3       QPSet64::insert(unsigned char) volatile
 0299:014A       QPSet64::remove(unsigned char) volatile
 0286:0127       QPSet8::insert(unsigned char) volatile
 0340:0132       QPSet8::notEmpty() volatile
 0299:0195       QPSet8::remove(unsigned char) volatile
 0322:0007       QTimeEvt::QTimeEvt(unsigned char)
 032C:0007       QTimeEvt::arm_(QActive far*,unsigned int)
 0336:000D       QTimeEvt::disarm()
 0237:0328       QTimeEvt::fireEvery(QActive far*,unsigned int)
 0237:0344       QTimeEvt::postEvery(QActive far*,unsigned int)
 03BE:0175       Sensor::
 0237:036A       Sensor::Sensor()
 0237:0435       Sensor::~Sensor()
 0237:01D6 idle  Sensor::busy(Sensor far*,const QEvent far*)
 0237:0038 idle  Sensor::final(Sensor far*,const QEvent far*)
 0237:0189 idle  Sensor::idle(Sensor far*,const QEvent far*)
 0237:000F idle  Sensor::initial(Sensor far*,const QEvent far*)
 0237:007F idle  Sensor::polling(Sensor far*,const QEvent far*)
 0237:0151 idle  Sensor::processing(Sensor far*,const QEvent far*)
 0000:1C50 idle  set_new_handler(void(far*)())
 03BE:0000 idle  DATASEG@
 0000:0206 idle  DGROUP@
 0000:20BF       F_LXLSH@
 0000:20E0 idle  F_PADD@
 0000:210F idle  F_PSUB@
 0000:20BF idle  LXLSH@
 0000:20BC idle  N_LXLSH@
 0000:20DD       N_PADD@
 0000:213D       N_PCMP@
 0000:210C idle  N_PSUB@
 0000:20E0 idle  PADD@
 0000:210F idle  PSUB@
 0000:01F0       _abort
 0000:020A idle  _atexit
 0000:0367 idle  _cprintf
 03BE:0607       _directvideo
 03BE:007D       _errno
 0000:0384       _exit
 0000:1DFE idle  _farfree
 0000:1EEE idle  _farmalloc
 0000:204E idle  _farrealloc
 0000:04D5       _fflush
 0000:05A5       _flushall
 0000:05E8       _fprintf
 0000:08C6 idle  _fputc
 0000:0A22 idle  _fputchar
 0000:1DFE       _free
 0000:0688       _fseek
 0000:0708 idle  _ftell
 0000:143A       _getch
 0000:1456 idle  _getche
 0000:0758       _gettext
 0000:1496       _getvect
 0000:14F3       _isatty
 0000:15B5 idle  _itoa
 0000:1504       _kbhit
 0000:150A       _lseek
 0000:15FC idle  _ltoa
 0237:024D       _main
 0000:1EE4       _malloc
 0000:1624       _memcpy
 0000:07E3       _movetext
 0000:0889       _printf
 0000:0BE1       _putch
 0000:07A9       _puttext
 03BE:0402       _QEP_reservedEvt_
 03BE:0376       _QF_div8Lkup
 03BE:087A idle  _QF_intLockNest_
 03BE:0335       _QF_invPwr2Lkup
 03BE:01A6       _QF_log2Lkup
 03BE:02F2       _QF_maxPool_
 03BE:02B6       _QF_pool_
 03BE:02F4       _QF_pwr2Lkup
 03BE:03F1       _QF_readySet_
 03BE:03E4       _QF_timeEvtListHead_
 0228:00DA       _Q_onAssert
 0000:2047 idle  _realloc
 0000:1648       _setblock
 0000:0FB4       _setvbuf
 0000:14A5       _setvect
 0000:10D3       _tell
 0000:15DF idle  _ultoa
 0000:147A idle  _ungetch
 0000:10F7 idle  _wherex
 0000:1106 idle  _wherey
 0000:1119       _write
 0000:1000 idle  __AHINCR
 0000:000C idle  __AHSHIFT
 03BE:06D6 idle  __argc
 03BE:06D8 idle  __argv
 03BE:0426       __atexitcnt
 03BE:087E       __atexittbl
 0000:0429       __brk
 03BE:0087       __brklvl
 03BE:0069       __C0argc
 03BE:006B       __C0argv
 0000:133F idle  __c0crtinit
 03BE:006F idle  __C0environ
 0000:0237       __CPUTN
 0000:135F idle  __crtinit
 03BE:0612 idle  __doserrno
 03BE:0614 idle  __dosErrorToSV
 03BE:0073       __envLng
 03BE:0075       __envseg
 03BE:0077 idle  __envSize
 0000:011A       __exit
 03BE:0428       __exitbuf
 0000:00FA       __exitclean
 03BE:042C       __exitfopen
 03BE:0430       __exitopen
 0000:08A4 idle  __fputc
 0000:0A39       __FPUTN
 03BE:0083       __heapbase
 03BE:008B       __heaptop
 03BE:0059 idle  __Int0Vector
 03BE:005D idle  __Int4Vector
 03BE:0061 idle  __Int5Vector
 03BE:0065 idle  __Int6Vector
 0000:14B6       __IOERROR
 0000:1533       __LONGTOA
 0000:0208 idle  __MMODEL
 03BE:0900 idle  __new_handler
 0000:1453 idle  __Ngetche
 0000:1477 idle  __Nungetch
 03BE:05C6       __openfd
 03BE:007B       __osmajor
 03BE:007C idle  __osminor
 03BE:0079       __psp
 0000:215E       __REALCVT
 03BE:06E6       __RealCvtVector
 0000:0178 idle  __restorezero
 0000:0468       __sbrk
 03BE:06E6 idle  __ScanTodVector
 0000:0D2C       __SCREENIO
 0000:0DCF       __SCROLL
 0000:0000  Abs  __setargv__
 0000:0F3B       __setupio
 03BE:007F idle  __StartTime
 03BE:05F4       __stklen
 03BE:0436       __streams
 0000:0000 idle  __turboCrt
 0000:0D69       __VALIDATEXY
 03BE:007B idle  __version
 03BE:05F8       __video
 0000:12BB       __VideoInt
 0000:167C       __VPRINTER
 0000:1B54       __VPTR
 0000:1B7A       __VRAM
 0000:10ED       __wherexy
 0000:1BF3       __write
 03BE:05F6       __wscroll
 0000:1246       __xfflush
 0000:1CC0 idle  ___first
 0000:1CC2 idle  ___last
 0000:1CC4 idle  ___rover

  Address         Publics by Value

 0000:0000  Abs  __setargv__
 0000:0000 idle  __turboCrt
 0000:000C idle  __AHSHIFT
 0000:1000 idle  __AHINCR
 0000:00FA       __exitclean
 0000:011A       __exit
 0000:0178 idle  __restorezero
 0000:01F0       _abort
 0000:0206 idle  DGROUP@
 0000:0208 idle  __MMODEL
 0000:020A idle  _atexit
 0000:0237       __CPUTN
 0000:0367 idle  _cprintf
 0000:0384       _exit
 0000:0429       __brk
 0000:0468       __sbrk
 0000:04D5       _fflush
 0000:05A5       _flushall
 0000:05E8       _fprintf
 0000:0688       _fseek
 0000:0708 idle  _ftell
 0000:0758       _gettext
 0000:07A9       _puttext
 0000:07E3       _movetext
 0000:0889       _printf
 0000:08A4 idle  __fputc
 0000:08C6 idle  _fputc
 0000:0A22 idle  _fputchar
 0000:0A39       __FPUTN
 0000:0BE1       _putch
 0000:0D2C       __SCREENIO
 0000:0D69       __VALIDATEXY
 0000:0DCF       __SCROLL
 0000:0F3B       __setupio
 0000:0FB4       _setvbuf
 0000:10D3       _tell
 0000:10ED       __wherexy
 0000:10F7 idle  _wherex
 0000:1106 idle  _wherey
 0000:1119       _write
 0000:1246       __xfflush
 0000:12BB       __VideoInt
 0000:133F idle  __c0crtinit
 0000:135F idle  __crtinit
 0000:143A       _getch
 0000:1453 idle  __Ngetche
 0000:1456 idle  _getche
 0000:1477 idle  __Nungetch
 0000:147A idle  _ungetch
 0000:1496       _getvect
 0000:14A5       _setvect
 0000:14B6       __IOERROR
 0000:14F3       _isatty
 0000:1504       _kbhit
 0000:150A       _lseek
 0000:1533       __LONGTOA
 0000:15B5 idle  _itoa
 0000:15DF idle  _ultoa
 0000:15FC idle  _ltoa
 0000:1624       _memcpy
 0000:1648       _setblock
 0000:167C       __VPRINTER
 0000:1B54       __VPTR
 0000:1B7A       __VRAM
 0000:1BF3       __write
 0000:1C3E       operator delete(void far*)
 0000:1C50 idle  set_new_handler(void(far*)())
 0000:1C7A       operator new(unsigned int)
 0000:1CC0 idle  ___first
 0000:1CC2 idle  ___last
 0000:1CC4 idle  ___rover
 0000:1DFE       _free
 0000:1DFE idle  _farfree
 0000:1EE4       _malloc
 0000:1EEE idle  _farmalloc
 0000:2047 idle  _realloc
 0000:204E idle  _farrealloc
 0000:20BC idle  N_LXLSH@
 0000:20BF       F_LXLSH@
 0000:20BF idle  LXLSH@
 0000:20DD       N_PADD@
 0000:20E0 idle  F_PADD@
 0000:20E0 idle  PADD@
 0000:210C idle  N_PSUB@
 0000:210F idle  F_PSUB@
 0000:210F idle  PSUB@
 0000:213D       N_PCMP@
 0000:215E       __REALCVT
 0228:002C       QF::init()
 0228:0031       BSP_init(int,char far*far*)
 0228:0036       QF::onStartup()
 0228:0087       QF::onCleanup()
 0228:00BF       QF::onIdle()
 0228:00DA       _Q_onAssert
 0237:000F idle  Sensor::initial(Sensor far*,const QEvent far*)
 0237:0038 idle  Sensor::final(Sensor far*,const QEvent far*)
 0237:007F idle  Sensor::polling(Sensor far*,const QEvent far*)
 0237:0151 idle  Sensor::processing(Sensor far*,const QEvent far*)
 0237:0189 idle  Sensor::idle(Sensor far*,const QEvent far*)
 0237:01D6 idle  Sensor::busy(Sensor far*,const QEvent far*)
 0237:024D       _main
 0237:02D2       onConsoleInput(unsigned char)
 0237:0328       QTimeEvt::fireEvery(QActive far*,unsigned int)
 0237:0344       QTimeEvt::postEvery(QActive far*,unsigned int)
 0237:036A       Sensor::Sensor()
 0237:03DB       QActive::QActive(unsigned char(far*)(void far*,const QEvent far*))
 0237:0435       Sensor::~Sensor()
 0237:0475       QHsm::QHsm(unsigned char(far*)(void far*,const QEvent far*))
 0237:04C5       QActive::~QActive()
 0286:000B       QActive::postFIFO(const QEvent far*)
 0286:00E3       QPSet64::insert(unsigned char) volatile
 0286:0127       QPSet8::insert(unsigned char) volatile
 0299:000D       QActive::get_()
 0299:00DE idle  QF::getQueueMargin(unsigned char)
 0299:014A       QPSet64::remove(unsigned char) volatile
 0299:0195       QPSet8::remove(unsigned char) volatile
 02B3:000B       QEQueue::init(const QEvent far*far*,unsigned char)
 02B8:000F       QF::getVersion()
 02B8:001B       QF::add_(QActive far*)
 02B8:008F       QF::remove_(const QActive far*)
 02C8:0007       QF::gc(const QEvent far*)
 02D0:0007       QF::new_(unsigned int,unsigned char)
 02D0:00B4       QMPool::getBlockSize() const
 02DC:0002       QF::poolInit(void far*,unsigned long,unsigned int)
 02E4:0005       QF::tick()
 02F4:0008       QMPool::get()
 02F4:0071 idle  QF::getPoolMargin(unsigned char)
 0300:0001       QMPool::init(void far*,unsigned long,unsigned int)
 031A:0001       QMPool::put(void far*)
 0322:0007       QTimeEvt::QTimeEvt(unsigned char)
 032C:0007       QTimeEvt::arm_(QActive far*,unsigned int)
 0336:000D       QTimeEvt::disarm()
 0340:0005 idle  QF::getPortVersion()
 0340:0016       QF::stop()
 0340:0020       QF::run()
 0340:00AD       QActive::start(unsigned char,const QEvent far*far*,unsigned long,void far*,unsigned long,const QEvent far*)
 0340:0120 idle  QActive::stop()
 0340:0132       QPSet8::notEmpty() volatile
 0340:0149       QPSet64::findMax() volatile
 0359:0004       QEP::getVersion()
 035A:0000       QHsm::~QHsm()
 035A:002C       QHsm::init(const QEvent far*)
 0370:000B       QHsm::dispatch(const QEvent far*)
 03BA:000F       QHsm::top(QHsm far*,const QEvent far*)
 03BE:0000 idle  DATASEG@
 03BE:0059 idle  __Int0Vector
 03BE:005D idle  __Int4Vector
 03BE:0061 idle  __Int5Vector
 03BE:0065 idle  __Int6Vector
 03BE:0069       __C0argc
 03BE:006B       __C0argv
 03BE:006F idle  __C0environ
 03BE:0073       __envLng
 03BE:0075       __envseg
 03BE:0077 idle  __envSize
 03BE:0079       __psp
 03BE:007B       __osmajor
 03BE:007B idle  __version
 03BE:007C idle  __osminor
 03BE:007D       _errno
 03BE:007F idle  __StartTime
 03BE:0083       __heapbase
 03BE:0087       __brklvl
 03BE:008B       __heaptop
 03BE:0175       Sensor::
 03BE:0179       QActive::
 03BE:017D       QHsm::
 03BE:01A6       _QF_log2Lkup
 03BE:02B6       _QF_pool_
 03BE:02F2       _QF_maxPool_
 03BE:02F4       _QF_pwr2Lkup
 03BE:0335       _QF_invPwr2Lkup
 03BE:0376       _QF_div8Lkup
 03BE:03E4       _QF_timeEvtListHead_
 03BE:03F1       _QF_readySet_
 03BE:0402       _QEP_reservedEvt_
 03BE:0426       __atexitcnt
 03BE:0428       __exitbuf
 03BE:042C       __exitfopen
 03BE:0430       __exitopen
 03BE:0436       __streams
 03BE:05C6       __openfd
 03BE:05F4       __stklen
 03BE:05F6       __wscroll
 03BE:05F8       __video
 03BE:0607       _directvideo
 03BE:0612 idle  __doserrno
 03BE:0614 idle  __dosErrorToSV
 03BE:06D6 idle  __argc
 03BE:06D8 idle  __argv
 03BE:06E6 idle  __ScanTodVector
 03BE:06E6       __RealCvtVector
 03BE:077A       QF::active_
 03BE:087A idle  _QF_intLockNest_
 03BE:087E       __atexittbl
 03BE:0900 idle  __new_handler

Program entry point at 0000:0000

