
 Start  Stop   Length Name               Class

 00000H 01D36H 01D37H _TEXT              CODE
 01D37H 01F5BH 00225H BSP_TEXT           CODE
 01F5CH 02036H 000DBH MAIN_TEXT          CODE
 02037H 02518H 004E2H PHILO_TEXT         CODE
 02519H 029A5H 0048DH TABLE_TEXT         CODE
 029A6H 029B1H 0000CH QEP_TEXT           CODE
 029B2H 02B1CH 0016BH QHSM_INI_TEXT      CODE
 02B1DH 02FC0H 004A4H QHSM_DIS_TEXT      CODE
 02FC1H 02FC9H 00009H QHSM_TOP_TEXT      CODE
 02FCAH 030D1H 00108H QA_FIFO_TEXT       CODE
 030D2H 03244H 00173H QA_GET__TEXT       CODE
 03245H 032E3H 0009FH QA_SUB_TEXT        CODE
 032E4H 03337H 00054H QEQ_INIT_TEXT      CODE
 03338H 0342FH 000F8H QF_ACT_TEXT        CODE
 03430H 034AFH 00080H QF_GC_TEXT         CODE
 034B0H 034B0H 00000H QF_LOG2_TEXT       CODE
 034B0H 03552H 000A3H QF_NEW_TEXT        CODE
 03553H 035CDH 0007BH QF_POOL_TEXT       CODE
 035CEH 035E5H 00018H QF_PSINI_TEXT      CODE
 035E6H 036F5H 00110H QF_PSPUB_TEXT      CODE
 036F6H 036F6H 00000H QF_PWR2_TEXT       CODE
 036F6H 037F8H 00103H QF_TICK_TEXT       CODE
 037F9H 038B1H 000B9H QMP_GET_TEXT       CODE
 038B2H 03A51H 001A0H QMP_INIT_TEXT      CODE
 03A52H 03AD7H 00086H QMP_PUT_TEXT       CODE
 03AD8H 03B77H 000A0H QTE_CTOR_TEXT      CODE
 03B78H 03C1DH 000A6H QTE_ARM_TEXT       CODE
 03C1EH 03D83H 00166H QVANILLA_TEXT      CODE
 03D90H 03D90H 00000H _FARDATA           FAR_DATA
 03D90H 03D90H 00000H BSP5_FAR           FAR_DATA
 03D90H 03D90H 00000H MAIN5_FAR          FAR_DATA
 03D90H 03D90H 00000H PHILO5_FAR         FAR_DATA
 03D90H 03D90H 00000H TABLE5_FAR         FAR_DATA
 03D90H 03D90H 00000H QA_FIFO5_FAR       FAR_DATA
 03D90H 03D90H 00000H QA_GET_5_FAR       FAR_DATA
 03D90H 03D90H 00000H QA_SUB5_FAR        FAR_DATA
 03D90H 03D90H 00000H QEQ_INIT5_FAR      FAR_DATA
 03D90H 03D90H 00000H QF_ACT5_FAR        FAR_DATA
 03D90H 03D90H 00000H QF_GC5_FAR         FAR_DATA
 03D90H 03D90H 00000H QF_LOG25_FAR       FAR_DATA
 03D90H 03D90H 00000H QF_NEW5_FAR        FAR_DATA
 03D90H 03D90H 00000H QF_POOL5_FAR       FAR_DATA
 03D90H 03D90H 00000H QF_PSINI5_FAR      FAR_DATA
 03D90H 03D90H 00000H QF_PSPUB5_FAR      FAR_DATA
 03D90H 03D90H 00000H QF_PWR25_FAR       FAR_DATA
 03D90H 03D90H 00000H QF_TICK5_FAR       FAR_DATA
 03D90H 03D90H 00000H QMP_GET5_FAR       FAR_DATA
 03D90H 03D90H 00000H QMP_INIT5_FAR      FAR_DATA
 03D90H 03D90H 00000H QMP_PUT5_FAR       FAR_DATA
 03D90H 03D90H 00000H QTE_CTOR5_FAR      FAR_DATA
 03D90H 03D90H 00000H QTE_ARM5_FAR       FAR_DATA
 03D90H 03D90H 00000H QVANILLA5_FAR      FAR_DATA
 03D90H 03D90H 00000H _OVERLAY_          OVRINFO
 03D90H 03DA7H 00018H _INIT_             INITDATA
 03DA8H 03DA8H 00000H _INITEND_          INITDATA
 03DA8H 03DB3H 0000CH _EXIT_             EXITDATA
 03DB4H 03DB4H 00000H _EXITEND_          EXITDATA
 03DC0H 03DC0H 00000H _1STUB_            STUBSEG
 03DC0H 0468FH 008D0H _DATA              DATA
 04690H 04690H 00000H _CVTSEG            DATA
 04690H 04690H 00000H _SCNSEG            DATA
 04690H 048FBH 0026CH _BSS               BSS
 048FCH 048FCH 00000H _BSSEND            ENDBSS
 04900H 0497FH 00080H _STACK             STACK


Detailed map of segments

 0000:0000 020A C=CODE   S=_TEXT          G=(none)  M=c0.ASM     ACBP=28
 0000:020A 002D C=CODE   S=_TEXT          G=(none)  M=ATEXIT     ACBP=28
 0000:0237 0000 C=CODE   S=_TEXT          G=(none)  M=CTYPE      ACBP=28
 0000:0237 0026 C=CODE   S=_TEXT          G=(none)  M=EXIT       ACBP=28
 0000:025D 012C C=CODE   S=_TEXT          G=(none)  M=FBRK       ACBP=28
 0000:0389 00D0 C=CODE   S=_TEXT          G=(none)  M=FFLUSH     ACBP=28
 0000:0459 0000 C=CODE   S=_TEXT          G=(none)  M=FILES      ACBP=28
 0000:0459 0000 C=CODE   S=_TEXT          G=(none)  M=FILES2     ACBP=28
 0000:0459 0043 C=CODE   S=_TEXT          G=(none)  M=FLUSHALL   ACBP=28
 0000:049C 001C C=CODE   S=_TEXT          G=(none)  M=FPRINTF    ACBP=28
 0000:04B8 0154 C=CODE   S=_TEXT          G=(none)  M=FSEEK      ACBP=28
 0000:060C 001B C=CODE   S=_TEXT          G=(none)  M=PRINTF     ACBP=28
 0000:0627 033D C=CODE   S=_TEXT          G=(none)  M=PUTC       ACBP=28
 0000:0964 0079 C=CODE   S=_TEXT          G=(none)  M=SETUPIO    ACBP=28
 0000:09DD 011F C=CODE   S=_TEXT          G=(none)  M=SETVBUF    ACBP=28
 0000:0AFC 0000 C=CODE   S=_TEXT          G=(none)  M=STKLEN     ACBP=28
 0000:0AFC 001A C=CODE   S=_TEXT          G=(none)  M=TELL       ACBP=28
 0000:0B16 012D C=CODE   S=_TEXT          G=(none)  M=WRITE      ACBP=28
 0000:0C43 003A C=CODE   S=_TEXT          G=(none)  M=XFFLUSH    ACBP=28
 0000:0C7D 0086 C=CODE   S=_TEXT          G=(none)  M=ATOL       ACBP=28
 0000:0D03 0020 C=CODE   S=_TEXT          G=(none)  M=GETVECT    ACBP=28
 0000:0D23 0014 C=CODE   S=_TEXT          G=(none)  M=INPORT     ACBP=28
 0000:0D37 003D C=CODE   S=_TEXT          G=(none)  M=IOERROR    ACBP=28
 0000:0D74 0011 C=CODE   S=_TEXT          G=(none)  M=ISATTY     ACBP=28
 0000:0D85 0029 C=CODE   S=_TEXT          G=(none)  M=LSEEK      ACBP=28
 0000:0DAE 00F1 C=CODE   S=_TEXT          G=(none)  M=LTOA       ACBP=28
 0000:0E9F 0024 C=CODE   S=_TEXT          G=(none)  M=MEMCPY     ACBP=28
 0000:0EC3 0018 C=CODE   S=_TEXT          G=(none)  M=OUTPORT    ACBP=28
 0000:0EDB 001C C=CODE   S=_TEXT          G=(none)  M=SETBLOCK   ACBP=28
 0000:0EF7 04F0 C=CODE   S=_TEXT          G=(none)  M=VPRINTER   ACBP=28
 0000:13E7 004B C=CODE   S=_TEXT          G=(none)  M=WRITEA     ACBP=28
 0000:1432 0012 C=CODE   S=_TEXT          G=(none)  M=DEL        ACBP=28
 0000:1444 006C C=CODE   S=_TEXT          G=(none)  M=NEW        ACBP=28
 0000:14B0 011B C=CODE   S=_TEXT          G=(none)  M=VDEL       ACBP=28
 0000:15CB 00F3 C=CODE   S=_TEXT          G=(none)  M=VNEW       ACBP=28
 0000:16C0 03FC C=CODE   S=_TEXT          G=(none)  M=FARHEAP    ACBP=68
 0000:1ABC 00AE C=CODE   S=_TEXT          G=(none)  M=H_LDIV     ACBP=28
 0000:1B6A 0021 C=CODE   S=_TEXT          G=(none)  M=H_LLSH     ACBP=28
 0000:1B8B 0060 C=CODE   S=_TEXT          G=(none)  M=H_PADD     ACBP=28
 0000:1BEB 0021 C=CODE   S=_TEXT          G=(none)  M=N_PCMP     ACBP=28
 0000:1C0C 0004 C=CODE   S=_TEXT          G=(none)  M=REALCVT    ACBP=28
 0000:1C10 0127 C=CODE   S=_TEXT          G=(none)  M=SETARGV    ACBP=28
 01D3:0007 0225 C=CODE   S=BSP_TEXT       G=(none)  M=BSP.CPP    ACBP=28
 01F5:000C 00DB C=CODE   S=MAIN_TEXT      G=(none)  M=MAIN.CPP   ACBP=28
 0203:0007 04E2 C=CODE   S=PHILO_TEXT     G=(none)  M=PHILO.CPP  ACBP=28
 0251:0009 048D C=CODE   S=TABLE_TEXT     G=(none)  M=TABLE.CPP  ACBP=28
 029A:0006 000C C=CODE   S=QEP_TEXT       G=(none)  M=QEP        ACBP=28
 029B:0002 016B C=CODE   S=QHSM_INI_TEXT  G=(none)  M=QHSM_INI   ACBP=28
 02B1:000D 04A4 C=CODE   S=QHSM_DIS_TEXT  G=(none)  M=QHSM_DIS   ACBP=28
 02FC:0001 0009 C=CODE   S=QHSM_TOP_TEXT  G=(none)  M=QHSM_TOP   ACBP=28
 02FC:000A 0108 C=CODE   S=QA_FIFO_TEXT   G=(none)  M=QA_FIFO    ACBP=28
 030D:0002 0173 C=CODE   S=QA_GET__TEXT   G=(none)  M=QA_GET_    ACBP=28
 0324:0005 009F C=CODE   S=QA_SUB_TEXT    G=(none)  M=QA_SUB     ACBP=28
 032E:0004 0054 C=CODE   S=QEQ_INIT_TEXT  G=(none)  M=QEQ_INIT   ACBP=28
 0333:0008 00F8 C=CODE   S=QF_ACT_TEXT    G=(none)  M=QF_ACT     ACBP=28
 0343:0000 0080 C=CODE   S=QF_GC_TEXT     G=(none)  M=QF_GC      ACBP=28
 034B:0000 0000 C=CODE   S=QF_LOG2_TEXT   G=(none)  M=QF_LOG2    ACBP=28
 034B:0000 00A3 C=CODE   S=QF_NEW_TEXT    G=(none)  M=QF_NEW     ACBP=28
 0355:0003 007B C=CODE   S=QF_POOL_TEXT   G=(none)  M=QF_POOL    ACBP=28
 035C:000E 0018 C=CODE   S=QF_PSINI_TEXT  G=(none)  M=QF_PSINI   ACBP=28
 035E:0006 0110 C=CODE   S=QF_PSPUB_TEXT  G=(none)  M=QF_PSPUB   ACBP=28
 036F:0006 0000 C=CODE   S=QF_PWR2_TEXT   G=(none)  M=QF_PWR2    ACBP=28
 036F:0006 0103 C=CODE   S=QF_TICK_TEXT   G=(none)  M=QF_TICK    ACBP=28
 037F:0009 00B9 C=CODE   S=QMP_GET_TEXT   G=(none)  M=QMP_GET    ACBP=28
 038B:0002 01A0 C=CODE   S=QMP_INIT_TEXT  G=(none)  M=QMP_INIT   ACBP=28
 03A5:0002 0086 C=CODE   S=QMP_PUT_TEXT   G=(none)  M=QMP_PUT    ACBP=28
 03AD:0008 00A0 C=CODE   S=QTE_CTOR_TEXT  G=(none)  M=QTE_CTOR   ACBP=28
 03B7:0008 00A6 C=CODE   S=QTE_ARM_TEXT   G=(none)  M=QTE_ARM    ACBP=28
 03C1:000E 0166 C=CODE   S=QVANILLA_TEXT  G=(none)  M=QVANILLA   ACBP=28
 03D9:0000 0000 C=FAR_DATA S=_FARDATA       G=(none)  M=c0.ASM     ACBP=68
 03D9:0000 0000 C=FAR_DATA S=BSP5_FAR       G=(none)  M=BSP.CPP    ACBP=68
 03D9:0000 0000 C=FAR_DATA S=MAIN5_FAR      G=(none)  M=MAIN.CPP   ACBP=68
 03D9:0000 0000 C=FAR_DATA S=PHILO5_FAR     G=(none)  M=PHILO.CPP  ACBP=68
 03D9:0000 0000 C=FAR_DATA S=TABLE5_FAR     G=(none)  M=TABLE.CPP  ACBP=68
 03D9:0000 0000 C=FAR_DATA S=QA_FIFO5_FAR   G=(none)  M=QA_FIFO    ACBP=68
 03D9:0000 0000 C=FAR_DATA S=QA_GET_5_FAR   G=(none)  M=QA_GET_    ACBP=68
 03D9:0000 0000 C=FAR_DATA S=QA_SUB5_FAR    G=(none)  M=QA_SUB     ACBP=68
 03D9:0000 0000 C=FAR_DATA S=QEQ_INIT5_FAR  G=(none)  M=QEQ_INIT   ACBP=68
 03D9:0000 0000 C=FAR_DATA S=QF_ACT5_FAR    G=(none)  M=QF_ACT     ACBP=68
 03D9:0000 0000 C=FAR_DATA S=QF_GC5_FAR     G=(none)  M=QF_GC      ACBP=68
 03D9:0000 0000 C=FAR_DATA S=QF_LOG25_FAR   G=(none)  M=QF_LOG2    ACBP=68
 03D9:0000 0000 C=FAR_DATA S=QF_NEW5_FAR    G=(none)  M=QF_NEW     ACBP=68
 03D9:0000 0000 C=FAR_DATA S=QF_POOL5_FAR   G=(none)  M=QF_POOL    ACBP=68
 03D9:0000 0000 C=FAR_DATA S=QF_PSINI5_FAR  G=(none)  M=QF_PSINI   ACBP=68
 03D9:0000 0000 C=FAR_DATA S=QF_PSPUB5_FAR  G=(none)  M=QF_PSPUB   ACBP=68
 03D9:0000 0000 C=FAR_DATA S=QF_PWR25_FAR   G=(none)  M=QF_PWR2    ACBP=68
 03D9:0000 0000 C=FAR_DATA S=QF_TICK5_FAR   G=(none)  M=QF_TICK    ACBP=68
 03D9:0000 0000 C=FAR_DATA S=QMP_GET5_FAR   G=(none)  M=QMP_GET    ACBP=68
 03D9:0000 0000 C=FAR_DATA S=QMP_INIT5_FAR  G=(none)  M=QMP_INIT   ACBP=68
 03D9:0000 0000 C=FAR_DATA S=QMP_PUT5_FAR   G=(none)  M=QMP_PUT    ACBP=68
 03D9:0000 0000 C=FAR_DATA S=QTE_CTOR5_FAR  G=(none)  M=QTE_CTOR   ACBP=68
 03D9:0000 0000 C=FAR_DATA S=QTE_ARM5_FAR   G=(none)  M=QTE_ARM    ACBP=68
 03D9:0000 0000 C=FAR_DATA S=QVANILLA5_FAR  G=(none)  M=QVANILLA   ACBP=68
 03D9:0000 0000 C=OVRINFO S=_OVERLAY_      G=(none)  M=c0.ASM     ACBP=68
 03D9:0000 0000 C=INITDATA S=_INIT_         G=IGROUP  M=c0.ASM     ACBP=48
 03D9:0000 0006 C=INITDATA S=_INIT_         G=IGROUP  M=PHILO.CPP  ACBP=48
 03D9:0006 0006 C=INITDATA S=_INIT_         G=IGROUP  M=TABLE.CPP  ACBP=48
 03D9:000C 0006 C=INITDATA S=_INIT_         G=IGROUP  M=SETUPIO    ACBP=48
 03D9:0012 0006 C=INITDATA S=_INIT_         G=IGROUP  M=SETARGV    ACBP=48
 03D9:0018 0000 C=INITDATA S=_INITEND_      G=IGROUP  M=c0.ASM     ACBP=28
 03DA:0008 0000 C=EXITDATA S=_EXIT_         G=EGROUP  M=c0.ASM     ACBP=48
 03DA:0008 0006 C=EXITDATA S=_EXIT_         G=EGROUP  M=PHILO.CPP  ACBP=48
 03DA:000E 0006 C=EXITDATA S=_EXIT_         G=EGROUP  M=TABLE.CPP  ACBP=48
 03DA:0014 0000 C=EXITDATA S=_EXITEND_      G=EGROUP  M=c0.ASM     ACBP=28
 03DC:0000 0000 C=STUBSEG S=_1STUB_        G=(none)  M=c0.ASM     ACBP=68
 03DC:0000 008F C=DATA   S=_DATA          G=DGROUP  M=c0.ASM     ACBP=68
 03DC:0090 0091 C=DATA   S=_DATA          G=DGROUP  M=BSP.CPP    ACBP=48
 03DC:0122 0000 C=DATA   S=_DATA          G=DGROUP  M=MAIN.CPP   ACBP=48
 03DC:0122 00ED C=DATA   S=_DATA          G=DGROUP  M=PHILO.CPP  ACBP=48
 03DC:0210 005E C=DATA   S=_DATA          G=DGROUP  M=TABLE.CPP  ACBP=48
 03DC:026E 000F C=DATA   S=_DATA          G=DGROUP  M=QEP        ACBP=48
 03DC:027E 0009 C=DATA   S=_DATA          G=DGROUP  M=QHSM_INI   ACBP=48
 03DC:0288 0009 C=DATA   S=_DATA          G=DGROUP  M=QHSM_DIS   ACBP=48
 03DC:0292 0000 C=DATA   S=_DATA          G=DGROUP  M=QHSM_TOP   ACBP=48
 03DC:0292 0008 C=DATA   S=_DATA          G=DGROUP  M=QA_FIFO    ACBP=48
 03DC:029A 0008 C=DATA   S=_DATA          G=DGROUP  M=QA_GET_    ACBP=48
 03DC:02A2 0007 C=DATA   S=_DATA          G=DGROUP  M=QA_SUB     ACBP=48
 03DC:02AA 0000 C=DATA   S=_DATA          G=DGROUP  M=QEQ_INIT   ACBP=48
 03DC:02AA 000E C=DATA   S=_DATA          G=DGROUP  M=QF_ACT     ACBP=48
 03DC:02B8 0006 C=DATA   S=_DATA          G=DGROUP  M=QF_GC      ACBP=48
 03DC:02BE 0100 C=DATA   S=_DATA          G=DGROUP  M=QF_LOG2    ACBP=48
 03DC:03BE 0007 C=DATA   S=_DATA          G=DGROUP  M=QF_NEW     ACBP=48
 03DC:03C6 0045 C=DATA   S=_DATA          G=DGROUP  M=QF_POOL    ACBP=48
 03DC:040C 0005 C=DATA   S=_DATA          G=DGROUP  M=QF_PSINI   ACBP=48
 03DC:0412 0009 C=DATA   S=_DATA          G=DGROUP  M=QF_PSPUB   ACBP=48
 03DC:041C 00C3 C=DATA   S=_DATA          G=DGROUP  M=QF_PWR2    ACBP=48
 03DC:04E0 0000 C=DATA   S=_DATA          G=DGROUP  M=QF_TICK    ACBP=48
 03DC:04E0 0008 C=DATA   S=_DATA          G=DGROUP  M=QMP_GET    ACBP=48
 03DC:04E8 0009 C=DATA   S=_DATA          G=DGROUP  M=QMP_INIT   ACBP=48
 03DC:04F2 0008 C=DATA   S=_DATA          G=DGROUP  M=QMP_PUT    ACBP=48
 03DC:04FA 0009 C=DATA   S=_DATA          G=DGROUP  M=QTE_CTOR   ACBP=48
 03DC:0504 000C C=DATA   S=_DATA          G=DGROUP  M=QTE_ARM    ACBP=48
 03DC:0510 0019 C=DATA   S=_DATA          G=DGROUP  M=QVANILLA   ACBP=48
 03DC:052A 0002 C=DATA   S=_DATA          G=DGROUP  M=ATEXIT     ACBP=48
 03DC:052C 0101 C=DATA   S=_DATA          G=DGROUP  M=CTYPE      ACBP=48
 03DC:062E 000C C=DATA   S=_DATA          G=DGROUP  M=EXIT       ACBP=48
 03DC:063A 0002 C=DATA   S=_DATA          G=DGROUP  M=FBRK       ACBP=48
 03DC:063C 0000 C=DATA   S=_DATA          G=DGROUP  M=FFLUSH     ACBP=48
 03DC:063C 0190 C=DATA   S=_DATA          G=DGROUP  M=FILES      ACBP=48
 03DC:07CC 0028 C=DATA   S=_DATA          G=DGROUP  M=FILES2     ACBP=48
 03DC:07F4 0000 C=DATA   S=_DATA          G=DGROUP  M=FLUSHALL   ACBP=48
 03DC:07F4 0000 C=DATA   S=_DATA          G=DGROUP  M=FPRINTF    ACBP=48
 03DC:07F4 0000 C=DATA   S=_DATA          G=DGROUP  M=FSEEK      ACBP=48
 03DC:07F4 0000 C=DATA   S=_DATA          G=DGROUP  M=PRINTF     ACBP=48
 03DC:07F4 0001 C=DATA   S=_DATA          G=DGROUP  M=PUTC       ACBP=48
 03DC:07F6 0000 C=DATA   S=_DATA          G=DGROUP  M=SETUPIO    ACBP=48
 03DC:07F6 0004 C=DATA   S=_DATA          G=DGROUP  M=SETVBUF    ACBP=48
 03DC:07FA 0002 C=DATA   S=_DATA          G=DGROUP  M=STKLEN     ACBP=48
 03DC:07FC 0000 C=DATA   S=_DATA          G=DGROUP  M=TELL       ACBP=48
 03DC:07FC 0000 C=DATA   S=_DATA          G=DGROUP  M=WRITE      ACBP=48
 03DC:07FC 0000 C=DATA   S=_DATA          G=DGROUP  M=XFFLUSH    ACBP=48
 03DC:07FC 0000 C=DATA   S=_DATA          G=DGROUP  M=ATOL       ACBP=48
 03DC:07FC 0000 C=DATA   S=_DATA          G=DGROUP  M=GETVECT    ACBP=48
 03DC:07FC 0000 C=DATA   S=_DATA          G=DGROUP  M=INPORT     ACBP=48
 03DC:07FC 005B C=DATA   S=_DATA          G=DGROUP  M=IOERROR    ACBP=48
 03DC:0858 0000 C=DATA   S=_DATA          G=DGROUP  M=ISATTY     ACBP=48
 03DC:0858 0000 C=DATA   S=_DATA          G=DGROUP  M=LSEEK      ACBP=48
 03DC:0858 0000 C=DATA   S=_DATA          G=DGROUP  M=LTOA       ACBP=48
 03DC:0858 0000 C=DATA   S=_DATA          G=DGROUP  M=MEMCPY     ACBP=48
 03DC:0858 0000 C=DATA   S=_DATA          G=DGROUP  M=OUTPORT    ACBP=48
 03DC:0858 0000 C=DATA   S=_DATA          G=DGROUP  M=SETBLOCK   ACBP=48
 03DC:0858 0067 C=DATA   S=_DATA          G=DGROUP  M=VPRINTER   ACBP=48
 03DC:08C0 0000 C=DATA   S=_DATA          G=DGROUP  M=WRITEA     ACBP=48
 03DC:08C0 0000 C=DATA   S=_DATA          G=DGROUP  M=DEL        ACBP=48
 03DC:08C0 0000 C=DATA   S=_DATA          G=DGROUP  M=NEW        ACBP=48
 03DC:08C0 0000 C=DATA   S=_DATA          G=DGROUP  M=VDEL       ACBP=48
 03DC:08C0 0000 C=DATA   S=_DATA          G=DGROUP  M=VNEW       ACBP=48
 03DC:08C0 0010 C=DATA   S=_DATA          G=DGROUP  M=SETARGV    ACBP=48
 03DC:08D0 0000 C=DATA   S=_CVTSEG        G=DGROUP  M=c0.ASM     ACBP=48
 03DC:08D0 0000 C=DATA   S=_CVTSEG        G=DGROUP  M=REALCVT    ACBP=48
 03DC:08D0 0000 C=DATA   S=_SCNSEG        G=DGROUP  M=c0.ASM     ACBP=48
 03DC:08D0 0000 C=BSS    S=_BSS           G=DGROUP  M=c0.ASM     ACBP=48
 03DC:08D0 0008 C=BSS    S=_BSS           G=DGROUP  M=BSP.CPP    ACBP=48
 03DC:08D8 00D8 C=BSS    S=_BSS           G=DGROUP  M=MAIN.CPP   ACBP=48
 03DC:09B0 0001 C=BSS    S=_BSS           G=DGROUP  M=PHILO.CPP  ACBP=48
 03DC:09B2 0000 C=BSS    S=_BSS           G=DGROUP  M=TABLE.CPP  ACBP=48
 03DC:09B2 0000 C=BSS    S=_BSS           G=DGROUP  M=QA_FIFO    ACBP=48
 03DC:09B2 0000 C=BSS    S=_BSS           G=DGROUP  M=QA_GET_    ACBP=48
 03DC:09B2 0000 C=BSS    S=_BSS           G=DGROUP  M=QA_SUB     ACBP=48
 03DC:09B2 0000 C=BSS    S=_BSS           G=DGROUP  M=QEQ_INIT   ACBP=48
 03DC:09B2 0101 C=BSS    S=_BSS           G=DGROUP  M=QF_ACT     ACBP=48
 03DC:0AB4 0000 C=BSS    S=_BSS           G=DGROUP  M=QF_GC      ACBP=48
 03DC:0AB4 0000 C=BSS    S=_BSS           G=DGROUP  M=QF_LOG2    ACBP=48
 03DC:0AB4 0000 C=BSS    S=_BSS           G=DGROUP  M=QF_NEW     ACBP=48
 03DC:0AB4 0000 C=BSS    S=_BSS           G=DGROUP  M=QF_POOL    ACBP=48
 03DC:0AB4 0000 C=BSS    S=_BSS           G=DGROUP  M=QF_PSINI   ACBP=48
 03DC:0AB4 0000 C=BSS    S=_BSS           G=DGROUP  M=QF_PSPUB   ACBP=48
 03DC:0AB4 0000 C=BSS    S=_BSS           G=DGROUP  M=QF_PWR2    ACBP=48
 03DC:0AB4 0001 C=BSS    S=_BSS           G=DGROUP  M=QF_TICK    ACBP=48
 03DC:0AB6 0000 C=BSS    S=_BSS           G=DGROUP  M=QMP_GET    ACBP=48
 03DC:0AB6 0000 C=BSS    S=_BSS           G=DGROUP  M=QMP_INIT   ACBP=48
 03DC:0AB6 0000 C=BSS    S=_BSS           G=DGROUP  M=QMP_PUT    ACBP=48
 03DC:0AB6 0000 C=BSS    S=_BSS           G=DGROUP  M=QTE_CTOR   ACBP=48
 03DC:0AB6 0000 C=BSS    S=_BSS           G=DGROUP  M=QTE_ARM    ACBP=48
 03DC:0AB6 0000 C=BSS    S=_BSS           G=DGROUP  M=QVANILLA   ACBP=48
 03DC:0AB6 0080 C=BSS    S=_BSS           G=DGROUP  M=ATEXIT     ACBP=48
 03DC:0B36 0001 C=BSS    S=_BSS           G=DGROUP  M=PUTC       ACBP=48
 03DC:0B38 0000 C=BSS    S=_BSS           G=DGROUP  M=SETUPIO    ACBP=48
 03DC:0B38 0000 C=BSS    S=_BSS           G=DGROUP  M=ATOL       ACBP=48
 03DC:0B38 0000 C=BSS    S=_BSS           G=DGROUP  M=GETVECT    ACBP=48
 03DC:0B38 0000 C=BSS    S=_BSS           G=DGROUP  M=INPORT     ACBP=48
 03DC:0B38 0000 C=BSS    S=_BSS           G=DGROUP  M=IOERROR    ACBP=48
 03DC:0B38 0000 C=BSS    S=_BSS           G=DGROUP  M=ISATTY     ACBP=48
 03DC:0B38 0000 C=BSS    S=_BSS           G=DGROUP  M=LSEEK      ACBP=48
 03DC:0B38 0000 C=BSS    S=_BSS           G=DGROUP  M=LTOA       ACBP=48
 03DC:0B38 0000 C=BSS    S=_BSS           G=DGROUP  M=MEMCPY     ACBP=48
 03DC:0B38 0000 C=BSS    S=_BSS           G=DGROUP  M=OUTPORT    ACBP=48
 03DC:0B38 0000 C=BSS    S=_BSS           G=DGROUP  M=SETBLOCK   ACBP=48
 03DC:0B38 0000 C=BSS    S=_BSS           G=DGROUP  M=VPRINTER   ACBP=48
 03DC:0B38 0000 C=BSS    S=_BSS           G=DGROUP  M=WRITEA     ACBP=48
 03DC:0B38 0004 C=BSS    S=_BSS           G=DGROUP  M=NEW        ACBP=48
 03DC:0B3C 0000 C=ENDBSS S=_BSSEND        G=DGROUP  M=c0.ASM     ACBP=28
 0490:0000 0080 C=STACK  S=_STACK         G=(none)  M=c0.ASM     ACBP=74

  Address         Publics by Name

 0000:1432       operator delete(void far*)
 0000:146E       operator new(unsigned int)
 01D3:01D5       BSP_busyDelay()
 01D3:01B5       BSP_displyPhilStat(unsigned char,const char far*)
 01D3:013F       BSP_init(int,char far*far*)
 01D3:0036 idle  ISR_kbd()
 01D3:0007 idle  ISR_tmr()
 03DC:0203       Philo::
 0203:0007 idle  Philo::Philo()
 0203:0473       Philo::~Philo()
 0203:025A idle  Philo::eating(Philo far*,const QEvent far*)
 0203:015E idle  Philo::hungry(Philo far*,const QEvent far*)
 0203:0078 idle  Philo::initial(Philo far*,const QEvent far*)
 0203:00AE idle  Philo::thinking(Philo far*,const QEvent far*)
 03DC:0207       QActive::
 0203:03A4       QActive::QActive(unsigned char(far*)(void far*,const QEvent far*))
 0203:04B3       QActive::~QActive()
 030D:0002       QActive::get_()
 02FC:000A       QActive::postFIFO(const QEvent far*)
 03C1:00EF       QActive::start(unsigned char,const QEvent far*far*,unsigned long,void far*,unsigned long,const QEvent far*)
 03C1:0162 idle  QActive::stop()
 0324:0005       QActive::subscribe(unsigned char) const
 029A:0006       QEP::getVersion()
 032E:0004       QEQueue::init(const QEvent far*far*,unsigned char)
 03DC:09B2       QF::active_
 0333:0014       QF::add_(QActive far*)
 0343:0000       QF::gc(const QEvent far*)
 037F:0072 idle  QF::getPoolMargin(unsigned char)
 03C1:000E idle  QF::getPortVersion()
 030D:0109 idle  QF::getQueueMargin(unsigned char)
 0333:0008       QF::getVersion()
 03C1:001A       QF::init()
 034B:0000       QF::new_(unsigned int,unsigned char)
 01D3:0101       QF::onCleanup()
 01D3:0139       QF::onIdle()
 01D3:00B0       QF::onStartup()
 0355:0003       QF::poolInit(void far*,unsigned long,unsigned int)
 035C:000E       QF::psInit(QSubscrList far*,unsigned char)
 035E:0006       QF::publish(const QEvent far*)
 0333:0088       QF::remove_(const QActive far*)
 03C1:0029       QF::run()
 03C1:001F       QF::stop()
 036F:0006       QF::tick()
 03DC:020B       QHsm::
 0203:0423       QHsm::QHsm(unsigned char(far*)(void far*,const QEvent far*))
 029B:0002       QHsm::~QHsm()
 02B1:000D       QHsm::dispatch(const QEvent far*)
 029B:002E       QHsm::init(const QEvent far*)
 02FC:0001       QHsm::top(QHsm far*,const QEvent far*)
 037F:0009       QMPool::get()
 038B:0002       QMPool::init(void far*,unsigned long,unsigned int)
 03A5:0002       QMPool::put(void far*)
 03AD:0008       QTimeEvt::QTimeEvt(unsigned char)
 03B7:0008       QTimeEvt::arm_(QActive far*,unsigned int)
 0203:03FE       QTimeEvt::postIn(QActive far*,unsigned int)
 0000:1444 idle  set_new_handler(void(far*)())
 03DC:026A       Table::
 0251:0009 idle  Table::Table()
 0251:0456       Table::~Table()
 0251:009A idle  Table::initial(Table far*,const QEvent far*)
 0251:00D3 idle  Table::serving(Table far*,const QEvent far*)
 03DC:0000 idle  DATASEG@
 0000:0206 idle  DGROUP@
 0000:1ABF       F_LDIV@
 0000:1ACE idle  F_LMOD@
 0000:1AC6 idle  F_LUDIV@
 0000:1AD6 idle  F_LUMOD@
 0000:1B6D       F_LXLSH@
 0000:1B8E idle  F_PADD@
 0000:1BBD idle  F_PSUB@
 0000:1ABF idle  LDIV@
 0000:1ACE idle  LMOD@
 0000:1AC6 idle  LUDIV@
 0000:1AD6 idle  LUMOD@
 0000:1B6D idle  LXLSH@
 0000:1ABC idle  N_LDIV@
 0000:1ACB idle  N_LMOD@
 0000:1AC3 idle  N_LUDIV@
 0000:1AD3 idle  N_LUMOD@
 0000:1B6A idle  N_LXLSH@
 0000:1B8B       N_PADD@
 0000:1BEB       N_PCMP@
 0000:1BBA idle  N_PSUB@
 0000:1B8E idle  PADD@
 0000:1BBD idle  PSUB@
 0000:01F0       _abort
 03DC:01EF       _AO_Philo
 03DC:0239       _AO_Table
 0000:020A idle  _atexit
 0000:0CF2 idle  _atoi
 0000:0C7D       _atol
 03DC:007D       _errno
 0000:0238       _exit
 0000:17FE idle  _farfree
 0000:18EE idle  _farmalloc
 0000:1A4E idle  _farrealloc
 0000:0389       _fflush
 0000:0459       _flushall
 0000:049C       _fprintf
 0000:0649 idle  _fputc
 0000:07A5 idle  _fputchar
 0000:17FE       _free
 0000:053C       _fseek
 0000:05BC idle  _ftell
 0000:0D03       _getvect
 0000:0D23       _inport
 0000:0D2C idle  _inportb
 0000:0D74       _isatty
 0000:0E30 idle  _itoa
 0000:0D85       _lseek
 0000:0E77 idle  _ltoa
 01F5:000C       _main
 0000:18E4       _malloc
 0000:0E9F       _memcpy
 0000:0EC3 idle  _outport
 0000:0ECF       _outportb
 0000:060C       _printf
 03DC:026E       _QEP_reservedEvt_
 03DC:049E       _QF_div8Lkup
 03DC:0AB2 idle  _QF_intLockNest_
 03DC:045D       _QF_invPwr2Lkup
 03DC:02BE       _QF_log2Lkup
 03DC:040A       _QF_maxPool_
 03DC:0410       _QF_maxSignal_
 03DC:03CE       _QF_pool_
 03DC:041C       _QF_pwr2Lkup
 03DC:0519       _QF_readySet_
 03DC:040C       _QF_subscrList_
 03DC:050C       _QF_timeEvtListHead_
 01D3:0206       _Q_onAssert
 0000:1A47 idle  _realloc
 0000:0EDB       _setblock
 0000:09DD       _setvbuf
 0000:0D12       _setvect
 0000:0AFC       _tell
 0000:0E5A idle  _ultoa
 0000:0B16       _write
 0000:1000 idle  __AHINCR
 0000:000C idle  __AHSHIFT
 03DC:08C0 idle  __argc
 03DC:08C2 idle  __argv
 03DC:052A       __atexitcnt
 03DC:0AB6       __atexittbl
 0000:02DD       __brk
 03DC:0087       __brklvl
 03DC:0069       __C0argc
 03DC:006B       __C0argv
 03DC:006F idle  __C0environ
 03DC:052C       __ctype
 03DC:07FC idle  __doserrno
 03DC:07FE idle  __dosErrorToSV
 03DC:0073       __envLng
 03DC:0075       __envseg
 03DC:0077 idle  __envSize
 0000:011A       __exit
 03DC:062E       __exitbuf
 0000:00FA       __exitclean
 03DC:0632       __exitfopen
 03DC:0636       __exitopen
 0000:0627 idle  __fputc
 0000:07BC       __FPUTN
 03DC:0083       __heapbase
 03DC:008B       __heaptop
 03DC:0059 idle  __Int0Vector
 03DC:005D idle  __Int4Vector
 03DC:0061 idle  __Int5Vector
 03DC:0065 idle  __Int6Vector
 0000:0D37       __IOERROR
 0000:0DAE       __LONGTOA
 0000:0208 idle  __MMODEL
 03DC:0B38 idle  __new_handler
 03DC:07CC       __openfd
 03DC:007B       __osmajor
 03DC:007C idle  __osminor
 03DC:0079       __psp
 0000:1C0C       __REALCVT
 03DC:08D0       __RealCvtVector
 0000:0178 idle  __restorezero
 0000:031C       __sbrk
 03DC:08D0 idle  __ScanTodVector
 0000:0000  Abs  __setargv__
 0000:0964       __setupio
 03DC:007F idle  __StartTime
 03DC:07FA       __stklen
 03DC:063C       __streams
 0000:14B0       __vector_delete_
 0000:15CB       __vector_new_
 03DC:007B idle  __version
 0000:0F0F       __VPRINTER
 0000:13E7       __write
 0000:0C43       __xfflush
 0000:16C0 idle  ___first
 0000:16C2 idle  ___last
 0000:16C4 idle  ___rover

  Address         Publics by Value

 0000:0000  Abs  __setargv__
 0000:000C idle  __AHSHIFT
 0000:1000 idle  __AHINCR
 0000:00FA       __exitclean
 0000:011A       __exit
 0000:0178 idle  __restorezero
 0000:01F0       _abort
 0000:0206 idle  DGROUP@
 0000:0208 idle  __MMODEL
 0000:020A idle  _atexit
 0000:0238       _exit
 0000:02DD       __brk
 0000:031C       __sbrk
 0000:0389       _fflush
 0000:0459       _flushall
 0000:049C       _fprintf
 0000:053C       _fseek
 0000:05BC idle  _ftell
 0000:060C       _printf
 0000:0627 idle  __fputc
 0000:0649 idle  _fputc
 0000:07A5 idle  _fputchar
 0000:07BC       __FPUTN
 0000:0964       __setupio
 0000:09DD       _setvbuf
 0000:0AFC       _tell
 0000:0B16       _write
 0000:0C43       __xfflush
 0000:0C7D       _atol
 0000:0CF2 idle  _atoi
 0000:0D03       _getvect
 0000:0D12       _setvect
 0000:0D23       _inport
 0000:0D2C idle  _inportb
 0000:0D37       __IOERROR
 0000:0D74       _isatty
 0000:0D85       _lseek
 0000:0DAE       __LONGTOA
 0000:0E30 idle  _itoa
 0000:0E5A idle  _ultoa
 0000:0E77 idle  _ltoa
 0000:0E9F       _memcpy
 0000:0EC3 idle  _outport
 0000:0ECF       _outportb
 0000:0EDB       _setblock
 0000:0F0F       __VPRINTER
 0000:13E7       __write
 0000:1432       operator delete(void far*)
 0000:1444 idle  set_new_handler(void(far*)())
 0000:146E       operator new(unsigned int)
 0000:14B0       __vector_delete_
 0000:15CB       __vector_new_
 0000:16C0 idle  ___first
 0000:16C2 idle  ___last
 0000:16C4 idle  ___rover
 0000:17FE       _free
 0000:17FE idle  _farfree
 0000:18E4       _malloc
 0000:18EE idle  _farmalloc
 0000:1A47 idle  _realloc
 0000:1A4E idle  _farrealloc
 0000:1ABC idle  N_LDIV@
 0000:1ABF       F_LDIV@
 0000:1ABF idle  LDIV@
 0000:1AC3 idle  N_LUDIV@
 0000:1AC6 idle  F_LUDIV@
 0000:1AC6 idle  LUDIV@
 0000:1ACB idle  N_LMOD@
 0000:1ACE idle  F_LMOD@
 0000:1ACE idle  LMOD@
 0000:1AD3 idle  N_LUMOD@
 0000:1AD6 idle  LUMOD@
 0000:1AD6 idle  F_LUMOD@
 0000:1B6A idle  N_LXLSH@
 0000:1B6D       F_LXLSH@
 0000:1B6D idle  LXLSH@
 0000:1B8B       N_PADD@
 0000:1B8E idle  F_PADD@
 0000:1B8E idle  PADD@
 0000:1BBA idle  N_PSUB@
 0000:1BBD idle  F_PSUB@
 0000:1BBD idle  PSUB@
 0000:1BEB       N_PCMP@
 0000:1C0C       __REALCVT
 01D3:0007 idle  ISR_tmr()
 01D3:0036 idle  ISR_kbd()
 01D3:00B0       QF::onStartup()
 01D3:0101       QF::onCleanup()
 01D3:0139       QF::onIdle()
 01D3:013F       BSP_init(int,char far*far*)
 01D3:01B5       BSP_displyPhilStat(unsigned char,const char far*)
 01D3:01D5       BSP_busyDelay()
 01D3:0206       _Q_onAssert
 01F5:000C       _main
 0203:0007 idle  Philo::Philo()
 0203:0078 idle  Philo::initial(Philo far*,const QEvent far*)
 0203:00AE idle  Philo::thinking(Philo far*,const QEvent far*)
 0203:015E idle  Philo::hungry(Philo far*,const QEvent far*)
 0203:025A idle  Philo::eating(Philo far*,const QEvent far*)
 0203:03A4       QActive::QActive(unsigned char(far*)(void far*,const QEvent far*))
 0203:03FE       QTimeEvt::postIn(QActive far*,unsigned int)
 0203:0423       QHsm::QHsm(unsigned char(far*)(void far*,const QEvent far*))
 0203:0473       Philo::~Philo()
 0203:04B3       QActive::~QActive()
 0251:0009 idle  Table::Table()
 0251:009A idle  Table::initial(Table far*,const QEvent far*)
 0251:00D3 idle  Table::serving(Table far*,const QEvent far*)
 0251:0456       Table::~Table()
 029A:0006       QEP::getVersion()
 029B:0002       QHsm::~QHsm()
 029B:002E       QHsm::init(const QEvent far*)
 02B1:000D       QHsm::dispatch(const QEvent far*)
 02FC:0001       QHsm::top(QHsm far*,const QEvent far*)
 02FC:000A       QActive::postFIFO(const QEvent far*)
 030D:0002       QActive::get_()
 030D:0109 idle  QF::getQueueMargin(unsigned char)
 0324:0005       QActive::subscribe(unsigned char) const
 032E:0004       QEQueue::init(const QEvent far*far*,unsigned char)
 0333:0008       QF::getVersion()
 0333:0014       QF::add_(QActive far*)
 0333:0088       QF::remove_(const QActive far*)
 0343:0000       QF::gc(const QEvent far*)
 034B:0000       QF::new_(unsigned int,unsigned char)
 0355:0003       QF::poolInit(void far*,unsigned long,unsigned int)
 035C:000E       QF::psInit(QSubscrList far*,unsigned char)
 035E:0006       QF::publish(const QEvent far*)
 036F:0006       QF::tick()
 037F:0009       QMPool::get()
 037F:0072 idle  QF::getPoolMargin(unsigned char)
 038B:0002       QMPool::init(void far*,unsigned long,unsigned int)
 03A5:0002       QMPool::put(void far*)
 03AD:0008       QTimeEvt::QTimeEvt(unsigned char)
 03B7:0008       QTimeEvt::arm_(QActive far*,unsigned int)
 03C1:000E idle  QF::getPortVersion()
 03C1:001A       QF::init()
 03C1:001F       QF::stop()
 03C1:0029       QF::run()
 03C1:00EF       QActive::start(unsigned char,const QEvent far*far*,unsigned long,void far*,unsigned long,const QEvent far*)
 03C1:0162 idle  QActive::stop()
 03DC:0000 idle  DATASEG@
 03DC:0059 idle  __Int0Vector
 03DC:005D idle  __Int4Vector
 03DC:0061 idle  __Int5Vector
 03DC:0065 idle  __Int6Vector
 03DC:0069       __C0argc
 03DC:006B       __C0argv
 03DC:006F idle  __C0environ
 03DC:0073       __envLng
 03DC:0075       __envseg
 03DC:0077 idle  __envSize
 03DC:0079       __psp
 03DC:007B       __osmajor
 03DC:007B idle  __version
 03DC:007C idle  __osminor
 03DC:007D       _errno
 03DC:007F idle  __StartTime
 03DC:0083       __heapbase
 03DC:0087       __brklvl
 03DC:008B       __heaptop
 03DC:01EF       _AO_Philo
 03DC:0203       Philo::
 03DC:0207       QActive::
 03DC:020B       QHsm::
 03DC:0239       _AO_Table
 03DC:026A       Table::
 03DC:026E       _QEP_reservedEvt_
 03DC:02BE       _QF_log2Lkup
 03DC:03CE       _QF_pool_
 03DC:040A       _QF_maxPool_
 03DC:040C       _QF_subscrList_
 03DC:0410       _QF_maxSignal_
 03DC:041C       _QF_pwr2Lkup
 03DC:045D       _QF_invPwr2Lkup
 03DC:049E       _QF_div8Lkup
 03DC:050C       _QF_timeEvtListHead_
 03DC:0519       _QF_readySet_
 03DC:052A       __atexitcnt
 03DC:052C       __ctype
 03DC:062E       __exitbuf
 03DC:0632       __exitfopen
 03DC:0636       __exitopen
 03DC:063C       __streams
 03DC:07CC       __openfd
 03DC:07FA       __stklen
 03DC:07FC idle  __doserrno
 03DC:07FE idle  __dosErrorToSV
 03DC:08C0 idle  __argc
 03DC:08C2 idle  __argv
 03DC:08D0 idle  __ScanTodVector
 03DC:08D0       __RealCvtVector
 03DC:09B2       QF::active_
 03DC:0AB2 idle  _QF_intLockNest_
 03DC:0AB6       __atexittbl
 03DC:0B38 idle  __new_handler

Program entry point at 0000:0000

