###############################################################################
#                                                                             #
# IAR ELF Linker V5.40.2.51604/W32 for ARM              10/Oct/2009  23:13:17 #
# Copyright (C) 2007-2009 IAR Systems AB.                                     #
#                                                                             #
#    Output file  =  C:\software\qpcpp\examples\cortex-m3\qk\iar\game-qk-ev-l #
#                    m3s811\rel\game-qk.out                                   #
#    Map file     =  C:\software\qpcpp\examples\cortex-m3\qk\iar\game-qk-ev-l #
#                    m3s811\rel\game-qk.map                                   #
#    Command line =  C:\software\qpcpp\examples\cortex-m3\qk\iar\game-qk-ev-l #
#                    m3s811\rel\bsp.o C:\software\qpcpp\examples\cortex-m3\qk #
#                    \iar\game-qk-ev-lm3s811\rel\main.o                       #
#                    C:\software\qpcpp\examples\cortex-m3\qk\iar\game-qk-ev-l #
#                    m3s811\rel\mine1.o C:\software\qpcpp\examples\cortex-m3\ #
#                    qk\iar\game-qk-ev-lm3s811\rel\mine2.o                    #
#                    C:\software\qpcpp\examples\cortex-m3\qk\iar\game-qk-ev-l #
#                    m3s811\rel\missile.o C:\software\qpcpp\examples\cortex-m #
#                    3\qk\iar\game-qk-ev-lm3s811\rel\osram96x16x1.o           #
#                    C:\software\qpcpp\examples\cortex-m3\qk\iar\game-qk-ev-l #
#                    m3s811\rel\ship.o C:\software\qpcpp\examples\cortex-m3\q #
#                    k\iar\game-qk-ev-lm3s811\rel\startup.o                   #
#                    C:\software\qpcpp\examples\cortex-m3\qk\iar\game-qk-ev-l #
#                    m3s811\rel\tunnel.o C:\software\qpcpp\ports\cortex-m3\qk #
#                    \iar\rel\libqep.a C:\software\qpcpp\ports\cortex-m3\qk\i #
#                    ar\rel\libqf.a C:\software\qpcpp\ports\cortex-m3\qk\iar\ #
#                    rel\libqk.a C:\tools\IAR\ARM_KS_5.40\arm\examples\TexasI #
#                    nstruments\Stellaris\driverlib\ewarm\Exe\driverlib.a     #
#                    --redirect _Printf=_PrintfTiny --redirect                #
#                    _Scanf=_ScanfSmall -o C:\software\qpcpp\examples\cortex- #
#                    m3\qk\iar\game-qk-ev-lm3s811\rel\game-qk.out --map       #
#                    C:\software\qpcpp\examples\cortex-m3\qk\iar\game-qk-ev-l #
#                    m3s811\rel\game-qk.map --config                          #
#                    C:\software\qpcpp\examples\cortex-m3\qk\iar\game-qk-ev-l #
#                    m3s811\lm3s811.icf --semihosting --entry                 #
#                    __iar_program_start                                      #
#                                                                             #
#                                                                             #
###############################################################################

*******************************************************************************
*** PLACEMENT SUMMARY
***

"A1":  place at start of [0x00000000-0x0000ffff] { ro section .intvec };
"P1":  place in [from 0x00000000 to 0x0000ffff] { ro };
"P2":  place in [from 0x20000000 to 0x20001fff] { rw, block HEAP };

  Section             Kind        Address    Size  Object
  -------             ----        -------    ----  ------
"A1":                                        0xb8
  .intvec             const    0x00000000    0xb8  startup.o [1]
                             - 0x000000b8    0xb8

"P1":                                      0x3258
  .text               ro code  0x000000b8   0x890  tunnel.o [1]
  .text               ro code  0x00000948   0x2ec  sysctl.o [4]
  .text               ro code  0x00000c34   0x29c  bsp.o [1]
  .text               ro code  0x00000ed0   0x284  osram96x16x1.o [1]
  .text               ro code  0x00001154   0x230  mine2.o [1]
  .text               ro code  0x00001384   0x228  mine1.o [1]
  .rodata             const    0x000015ac   0x1dc  osram96x16x1.o [1]
  .text               ro code  0x00001788   0x1c4  ship.o [1]
  .text               ro code  0x0000194c   0x17e  qhsm_dis.o [5]
  .text               ro code  0x00001acc   0x134  missile.o [1]
  .rodata             const    0x00001c00   0x100  qf_log2.o [6]
  .text               ro code  0x00001d00    0xec  gpio.o [4]
  .text               ro code  0x00001dec    0xa8  adc.o [4]
  .text               ro code  0x00001e94    0xa4  qhsm_ini.o [5]
  .rodata             const    0x00001f38    0x9c  tunnel.o [1]
  .text               ro code  0x00001fd4    0x98  interrupt.o [4]
  .text               ro code  0x0000206c    0x98  qf_pspub.o [6]
  .text               ro code  0x00002104    0x94  qmp_init.o [6]
  .text               ro code  0x00002198    0x8e  main.o [1]
  .text               ro code  0x00002228    0x8c  xsyslock.o [3]
  .text               ro code  0x000022b4    0x88  xxmemxfree.o [3]
  .text               ro code  0x0000233c    0x84  qk_sched.o [7]
  .text               ro code  0x000023c0    0x84  cppinit.o [3]
  .text               ro code  0x00002444    0x80  qk.o [7]
  .text               ro code  0x000024c4    0x78  timer.o [4]
  .text               ro code  0x0000253c    0x78  ABImemmove.o [8]
  .rodata             const    0x000025b4    0x74  osram96x16x1.o [1]
  .text               ro code  0x00002628    0x70  qa_fifo.o [6]
  .text               ro code  0x00002698    0x70  ABImemcpy.o [8]
  .text               ro code  0x00002708    0x60  qf_tick.o [6]
  .text               ro code  0x00002768    0x60  qa_sub.o [6]
  .text               ro code  0x000027c8    0x5e  i2c.o [4]
  .rodata             const    0x00002828    0x5c  sysctl.o [4]
  .text               ro code  0x00002884    0x5c  qf_new.o [6]
  .text               ro code  0x000028e0    0x5c  qf_pool.o [6]
  .text               ro code  0x0000293c    0x50  qf_gc.o [6]
  .text               ro code  0x0000298c    0x50  qa_get_.o [6]
  .rodata             const    0x000029dc    0x4c  mine1.o [1]
  .rodata             const    0x00002a28    0x4c  mine2.o [1]
  CODE                ro code  0x00002a74    0x4c  qk_port.o [7]
  .rodata             const    0x00002ac0    0x48  interrupt.o [4]
  .rodata             const    0x00002b08    0x44  qf_pwr2.o [6]
  .rodata             const    0x00002b4c    0x44  qf_pwr2.o [6]
  .rodata             const    0x00002b90    0x44  qf_pwr2.o [6]
  .text               ro code  0x00002bd4    0x40  qte_arm.o [6]
  .rodata             const    0x00002c14    0x38  tunnel.o [1]
  .text               ro code  0x00002c4c    0x38  qmp_put.o [6]
  .text               ro code  0x00002c84    0x38  ABImemset48.o [8]
  .text               ro code  0x00002cbc    0x34  qte_darm.o [6]
  .text               ro code  0x00002cf0    0x30  qte_ctor.o [6]
  .text               ro code  0x00002d20    0x30  qf_act.o [6]
  .text               ro code  0x00002d50    0x30  MtxWrapper.o [3]
  .text               ro code  0x00002d80    0x2e  cxxabi.o [3]
  .text               ro code  0x00002db0    0x2c  ship.o [1]
  .text               ro code  0x00002ddc    0x2c  qa_fifo.o [6]
  .text               ro code  0x00002e08    0x2c  qa_get_.o [6]
  .text               ro code  0x00002e34    0x28  systick.o [4]
  .text               ro code  0x00002e5c    0x28  qk_sched.o [7]
  .text               ro code  0x00002e84    0x28  cmain.o [8]
  .text               ro code  0x00002eac    0x24  missile.o [1]
  .text               ro code  0x00002ed0    0x24  qmp_get.o [6]
  .text               ro code  0x00002ef4    0x24  targetabi.o [3]
  .text               ro code  0x00002f18    0x24  copy_init2.o [8]
  .iar.init_table     const    0x00002f3c    0x24  - Linker created -
  .text               ro code  0x00002f60    0x20  data_init2.o [8]
  .text               ro code  0x00002f80    0x20  targetabi.o [3]
  .text               ro code  0x00002fa0    0x1e  missile.o [1]
  .text               ro code  0x00002fbe    0x1e  ship.o [1]
  .text               ro code  0x00002fdc    0x1e  tunnel.o [1]
  .text               ro code  0x00002ffc    0x1c  mine1.o [1]
  .text               ro code  0x00003018    0x1c  mine2.o [1]
  .text               ro code  0x00003034    0x1c  iarwstd.o [9]
  .text               ro code  0x00003050    0x1a  zero_init2.o [8]
  .rodata             const    0x0000306c    0x18  tunnel.o [1]
  .text               ro code  0x00003084    0x14  exit.o [9]
  SHT$$PREINIT_ARRAY           0x00003098     0x0  <Block>
  SHT$$INIT_ARRAY              0x00003098    0x14  <Block>
    .difunct          const    0x00003098     0x4  mine1.o [1]
    .difunct          const    0x0000309c     0x4  mine2.o [1]
    .difunct          const    0x000030a0     0x4  missile.o [1]
    .difunct          const    0x000030a4     0x4  ship.o [1]
    .difunct          const    0x000030a8     0x4  tunnel.o [1]
  .text               ro code  0x000030ac    0x12  mine1.o [1]
  .text               ro code  0x000030be    0x12  mine2.o [1]
  .text               ro code  0x000030d0    0x12  missile.o [1]
  .text               ro code  0x000030e2    0x12  qeq_init.o [6]
  .rodata             const    0x000030f4    0x10  mine1.o [1]
  .rodata             const    0x00003104    0x10  mine2.o [1]
  .rodata             const    0x00003114    0x10  missile.o [1]
  .rodata             const    0x00003124    0x10  missile.o [1]
  .rodata             const    0x00003134    0x10  osram96x16x1.o [1]
  .rodata             const    0x00003144    0x10  ship.o [1]
  .rodata             const    0x00003154    0x10  tunnel.o [1]
  .rodata             const    0x00003164    0x10  tunnel.o [1]
  .rodata             const    0x00003174    0x10  qhsm_ini.o [5]
  .text               ro code  0x00003184     0xe  cexit.o [8]
  .text               ro code  0x00003192     0xe  mine1.o [1]
  .text               ro code  0x000031a0     0xe  mine2.o [1]
  .text               ro code  0x000031ae     0xe  missile.o [1]
  .rodata             const    0x000031bc     0xc  sysctl.o [4]
  .rodata             const    0x000031c8     0xc  qf_pspub.o [6]
  .rodata             const    0x000031d4     0xc  qhsm_ini.o [5]
  .rodata             const    0x000031e0     0xc  qhsm_dis.o [5]
  .rodata             const    0x000031ec     0xc  qte_ctor.o [6]
  .rodata             const    0x000031f8     0xc  qk_sched.o [7]
  .rodata             const    0x00003204     0xc  qmp_init.o [6]
  .text               ro code  0x00003210     0xc  qf_psini.o [6]
  .text               ro code  0x0000321c     0xa  delop_0.o [3]
  .text               ro code  0x00003226     0xa  targetabi.o [3]
  .rodata             const    0x00003230     0x8  tunnel.o [1]
  .rodata             const    0x00003238     0x8  tunnel.o [1]
  .rodata             const    0x00003240     0x8  tunnel.o [1]
  .rodata             const    0x00003248     0x8  tunnel.o [1]
  .rodata             const    0x00003250     0x8  tunnel.o [1]
  .rodata             const    0x00003258     0x8  qf_new.o [6]
  .rodata             const    0x00003260     0x8  qa_fifo.o [6]
  .rodata             const    0x00003268     0x8  qf_pool.o [6]
  .rodata             const    0x00003270     0x8  qa_sub.o [6]
  .rodata             const    0x00003278     0x8  qte_arm.o [6]
  .rodata             const    0x00003280     0x8  qf_act.o [6]
  .rodata             const    0x00003288     0x8  qf_gc.o [6]
  .rodata             const    0x00003290     0x8  qep.o [5]
  .rodata             const    0x00003298     0x8  qa_get_.o [6]
  .rodata             const    0x000032a0     0x8  qmp_put.o [6]
  .text               ro code  0x000032a8     0x6  ABImemclr4.o [8]
  .text               ro code  0x000032ae     0x6  missile.o [1]
  .text               ro code  0x000032b4     0x6  missile.o [1]
  .text               ro code  0x000032ba     0x6  ship.o [1]
  .text               ro code  0x000032c0     0x6  ship.o [1]
  .text               ro code  0x000032c6     0x6  tunnel.o [1]
  .text               ro code  0x000032cc     0x6  tunnel.o [1]
  .text               ro code  0x000032d2     0x6  exit.o [3]
  .rodata             const    0x000032d8     0x4  bsp.o [1]
  .rodata             const    0x000032dc     0x4  bsp.o [1]
  .rodata             const    0x000032e0     0x4  missile.o [1]
  .rodata             const    0x000032e4     0x4  ship.o [1]
  .rodata             const    0x000032e8     0x4  tunnel.o [1]
  .rodata             const    0x000032ec     0x4  tunnel.o [1]
  .rodata             const    0x000032f0     0x4  tunnel.o [1]
  .rodata             const    0x000032f4     0x4  tunnel.o [1]
  .rodata             const    0x000032f8     0x4  tunnel.o [1]
  .rodata             const    0x000032fc     0x4  qk.o [7]
  .text               ro code  0x00003300     0x4  qhsm_top.o [5]
  .text               ro code  0x00003304     0x4  low_level_init.o [3]
  Initializer bytes   ro data  0x00003308     0x8  <for P2 s0> (used: 0x5)
                             - 0x00003310  0x3258

"P2", part 1 of 3:                          0x414
  .noinit             uninit   0x20000000   0x258  startup.o [1]
  .iar.dynexit                 0x20000258   0x1bc  <Block>
    .iar.dynexit      uninit   0x20000258     0xc  cppinit.o [3]
    .iar.dynexit      uninit   0x20000264   0x1b0  <Block tail>
                             - 0x20000414   0x414

"P2", part 2 of 3:                          0x580
  .bss                zero     0x20000414   0x180  tunnel.o [1]
  .bss                zero     0x20000594   0x100  qf_act.o [6]
  .bss                zero     0x20000694    0xf4  main.o [1]
  .bss                zero     0x20000788    0x88  tunnel.o [1]
  .bss                zero     0x20000810    0x40  qf_pool.o [6]
  .bss                zero     0x20000850    0x3c  mine1.o [1]
  .bss                zero     0x2000088c    0x3c  mine2.o [1]
  .bss                zero     0x200008c8    0x20  missile.o [1]
  .bss                zero     0x200008e8    0x20  ship.o [1]
  .bss                zero     0x20000908    0x14  xsyslock.o [3]
  .bss                zero     0x2000091c    0x10  bsp.o [1]
  .bss                zero     0x2000092c    0x10  mine1.o [1]
  .bss                zero     0x2000093c    0x10  mine2.o [1]
  .bss                zero     0x2000094c     0xc  qk.o [7]
  .bss                zero     0x20000958     0x8  qf_psini.o [6]
  .bss                zero     0x20000960     0x8  xxmemxmalloc.o [3]
  .bss                zero     0x20000968     0x4  osram96x16x1.o [1]
  .bss                zero     0x2000096c     0x4  tunnel.o [1]
  .bss                zero     0x20000970     0x4  qte_arm.o [6]
  .bss                zero     0x20000974     0x4  cppinit.o [3]
  .bss                zero     0x20000978     0x4  MtxWrapper.o [3]
  .bss                zero     0x2000097c     0x4  MtxWrapper.o [3]
  .bss                zero     0x20000980     0x4  MtxWrapper.o [3]
  .bss                zero     0x20000984     0x4  MtxWrapper.o [3]
  .bss                zero     0x20000988     0x4  iarwstd.o [9]
  .bss                zero     0x2000098c     0x1  mine1.o [1]
  .bss                zero     0x2000098d     0x1  mine2.o [1]
  .bss                zero     0x2000098e     0x1  qk.o [7]
  .bss                zero     0x2000098f     0x1  qf_tick.o [6]
  .bss                zero     0x20000990     0x1  qk_mutex.o [7]
                             - 0x20000991   0x57d

"P2", part 3 of 3:                            0x8
  P2 s0                        0x20000994     0x8  <Init block>
    .data             inited   0x20000994     0x4  cppinit.o [3]
    .data             inited   0x20000998     0x1  qk.o [7]
                             - 0x2000099c     0x8


*******************************************************************************
*** INIT TABLE
***

          Address     Size
          -------     ----
Zero (__iar_zero_init2)
    1 destination range, total size 0x57d:
          0x20000414  0x57d

Copy (__iar_copy_init2)
    1 source range, total size 0x8 (160% of destination):
          0x00003308    0x8
    1 destination range, total size 0x5:
          0x20000994    0x5


*******************************************************************************
*** MODULE SUMMARY
***

    Module            ro code  ro data  rw data
    ------            -------  -------  -------
C:\software\qpcpp\examples\cortex-m3\qk\iar\game-qk-ev-lm3s811\rel: [1]
    bsp.o                 668        8       16
    main.o                142               244
    mine1.o               612       96       77
    mine2.o               620       96       77
    missile.o             418       40       32
    osram96x16x1.o        644      608        4
    ship.o                538       24       32
    startup.o                      184      600
    tunnel.o            2 234      332      524
    -------------------------------------------
    Total:              5 876    1 388    1 606

command line: [2]
    -------------------------------------------
    Total:

dl7M_tl_in.a: [3]
    MtxWrapper.o           48                16
    cppinit.o             132        4       20
    cxxabi.o               46
    delop_0.o              10
    exit.o                  6
    low_level_init.o        4
    targetabi.o            78
    xsyslock.o            140                20
    xxmemxfree.o          136
    xxmemxmalloc.o                            8
    -------------------------------------------
    Total:                600        4       64

driverlib.a: [4]
    adc.o                 168
    gpio.o                236
    i2c.o                  94
    interrupt.o           152       72
    sysctl.o              748      104
    systick.o              40
    timer.o               120
    -------------------------------------------
    Total:              1 558      176

libqep.a: [5]
    qep.o                            8
    qhsm_dis.o            382       12
    qhsm_ini.o            164       28
    qhsm_top.o              4
    -------------------------------------------
    Total:                550       48

libqf.a: [6]
    qa_fifo.o             156        8
    qa_get_.o             124        8
    qa_sub.o               96        8
    qeq_init.o             18
    qf_act.o               48        8      256
    qf_gc.o                80        8
    qf_log2.o                      256
    qf_new.o               92        8
    qf_pool.o              92        8       64
    qf_psini.o             12                 8
    qf_pspub.o            152       12
    qf_pwr2.o                      204
    qf_tick.o              96                 1
    qmp_get.o              36
    qmp_init.o            148       12
    qmp_put.o              56        8
    qte_arm.o              64        8        4
    qte_ctor.o             48       12
    qte_darm.o             52
    -------------------------------------------
    Total:              1 370      568      333

libqk.a: [7]
    qk.o                  128        5       14
    qk_mutex.o                                1
    qk_port.o              76
    qk_sched.o            172       12
    -------------------------------------------
    Total:                376       17       15

rt7M_tl.a: [8]
    ABImemclr4.o            6
    ABImemcpy.o           112
    ABImemmove.o          120
    ABImemset48.o          56
    cexit.o                14
    cmain.o                40
    copy_init2.o           36
    data_init2.o           32
    zero_init2.o           26
    -------------------------------------------
    Total:                442

shb_l.a: [9]
    exit.o                 20
    iarwstd.o              28                 4
    -------------------------------------------
    Total:                 48                 4

    Gaps                    8        4        3
    Linker created                  39      432
-----------------------------------------------
    Grand Total:       10 828    2 244    2 457


*******************************************************************************
*** ENTRY LIST
***

Entry                      Address   Size  Type      Object
-----                      -------   ----  ----      ------
.iar.dynexit$$Base      0x20000258          --   Gb  - Linker created -
.iar.dynexit$$Limit     0x20000414          --   Gb  - Linker created -
ADCIntClear             0x00001dfb    0xa  Code  Gb  adc.o [4]
ADCIntEnable            0x00001ded    0xe  Code  Gb  adc.o [4]
ADCSequenceConfigure    0x00001e13   0x30  Code  Gb  adc.o [4]
ADCSequenceDataGet      0x00001e77   0x1e  Code  Gb  adc.o [4]
ADCSequenceEnable       0x00001e05    0x8  Code  Gb  adc.o [4]
ADCSequenceStepConfigure
                        0x00001e43   0x34  Code  Gb  adc.o [4]
AO_Missile              0x000032e0    0x4  Data  Gb  missile.o [1]
AO_Ship                 0x000032e4    0x4  Data  Gb  ship.o [1]
AO_Tunnel               0x000032e8    0x4  Data  Gb  tunnel.o [1]
BSP_drawBitmap(const unsigned char *, unsigned char, unsigned char)
                        0x00000e4f   0x12  Code  Gb  bsp.o [1]
BSP_drawNString(unsigned char, unsigned char, const char *)
                        0x00000e61    0xc  Code  Gb  bsp.o [1]
BSP_init(int, char **)  0x00000d85   0xc0  Code  Gb  bsp.o [1]
BSP_updateScore(unsigned short)
                        0x00000e6d    0x2  Code  Gb  bsp.o [1]
DtorRecArray            0x20000258    0xc  Data  Lc  cppinit.o [3]
GPIODirModeSet          0x00001d01   0x28  Code  Gb  gpio.o [4]
GPIOPadConfigSet        0x00001d29   0x98  Code  Gb  gpio.o [4]
GPIOPinRead             0x00001dc1    0x6  Code  Gb  gpio.o [4]
GPIOPinTypeI2C          0x00001ddb    0xa  Code  Gb  gpio.o [4]
GPIOPinWrite            0x00001dc7    0x6  Code  Gb  gpio.o [4]
I2CMasterControl        0x0000281f    0x4  Code  Gb  i2c.o [4]
I2CMasterDataPut        0x00002823    0x4  Code  Gb  i2c.o [4]
I2CMasterEnable         0x000027f9    0xc  Code  Gb  i2c.o [4]
I2CMasterInitExpClk     0x000027c9   0x30  Code  Gb  i2c.o [4]
I2CMasterIntStatus      0x00002805    0xa  Code  Gb  i2c.o [4]
I2CMasterSlaveAddrSet   0x00002817    0x8  Code  Gb  i2c.o [4]
ISR_ADC                 0x00000c4d   0xbc  Code  Gb  bsp.o [1]
ISR_DefaultHandler      0x00000d71    0xe  Code  Gb  bsp.o [1]
ISR_Fault               0x00000d63    0xe  Code  Gb  bsp.o [1]
ISR_GPIOA               0x00000d19   0x18  Code  Gb  bsp.o [1]
ISR_Nmi                 0x00000d55    0xe  Code  Gb  bsp.o [1]
ISR_SysTick             0x00000c35   0x18  Code  Gb  bsp.o [1]
IntEnable               0x00001ffd   0x54  Code  Gb  interrupt.o [4]
IntPrioritySet          0x00001fd5   0x22  Code  Gb  interrupt.o [4]
Mine1::Mine1()          0x00002ffd   0x1c  Code  Gb  mine1.o [1]
Mine1::exploding(Mine1*, const QEvent *)
                        0x00001531   0x4e  Code  Gb  mine1.o [1]
Mine1::initial(Mine1*, const QEvent *)
                        0x000013dd    0xc  Code  Gb  mine1.o [1]
Mine1::planted(Mine1*, const QEvent *)
                        0x00001449   0xd4  Code  Gb  mine1.o [1]
Mine1::unused(Mine1*, const QEvent *)
                        0x000013f5   0x20  Code  Gb  mine1.o [1]
Mine1::used(Mine1*, const QEvent *)
                        0x00001415   0x2c  Code  Gb  mine1.o [1]
Mine1::~Mine1()         0x00003193    0xe  Code  Gb  mine1.o [1]
Mine1::~Mine1() [deleting]
                        0x000030ad   0x12  Code  Gb  mine1.o [1]
Mine1_getInst(unsigned char)
                        0x000013bd   0x20  Code  Gb  mine1.o [1]
Mine2::Mine2()          0x00003019   0x1c  Code  Gb  mine2.o [1]
Mine2::exploding(Mine2*, const QEvent *)
                        0x00001309   0x4e  Code  Gb  mine2.o [1]
Mine2::initial(Mine2*, const QEvent *)
                        0x000011ad    0xc  Code  Gb  mine2.o [1]
Mine2::planted(Mine2*, const QEvent *)
                        0x00001219   0xe0  Code  Gb  mine2.o [1]
Mine2::unused(Mine2*, const QEvent *)
                        0x000011c5   0x20  Code  Gb  mine2.o [1]
Mine2::used(Mine2*, const QEvent *)
                        0x000011e5   0x2c  Code  Gb  mine2.o [1]
Mine2::~Mine2()         0x000031a1    0xe  Code  Gb  mine2.o [1]
Mine2::~Mine2() [deleting]
                        0x000030bf   0x12  Code  Gb  mine2.o [1]
Mine2_getInst(unsigned char)
                        0x0000118d   0x20  Code  Gb  mine2.o [1]
Missile::Missile() [internal]
                        0x00002ead   0x24  Code  Gb  missile.o [1]
Missile::armed(Missile*, const QEvent *)
                        0x00001b05   0x24  Code  Gb  missile.o [1]
Missile::exploding(Missile*, const QEvent *)
                        0x00001b95   0x58  Code  Gb  missile.o [1]
Missile::flying(Missile*, const QEvent *)
                        0x00001b29   0x68  Code  Gb  missile.o [1]
Missile::initial(Missile*, const QEvent *)
                        0x00001af1    0xa  Code  Gb  missile.o [1]
Missile::~Missile()     0x000032b5    0x6  Code  Gb  missile.o [1]
Missile::~Missile() [deleting]
                        0x000032af    0x6  Code  Gb  missile.o [1]
Missile::~Missile() [internal]
                        0x00002fa1   0x1e  Code  Gb  missile.o [1]
OSRAM96x16x1Clear       0x00000f8d   0x48  Code  Gb  osram96x16x1.o [1]
OSRAM96x16x1ImageDraw   0x00001069   0x5e  Code  Gb  osram96x16x1.o [1]
OSRAM96x16x1Init        0x000010d9   0x68  Code  Gb  osram96x16x1.o [1]
OSRAM96x16x1StringDraw  0x00000fd5   0x8c  Code  Gb  osram96x16x1.o [1]
OSRAM96x16x1WriteArray  0x00000f17   0x38  Code  Lc  osram96x16x1.o [1]
OSRAM96x16x1WriteByte   0x00000ee9   0x1c  Code  Lc  osram96x16x1.o [1]
OSRAM96x16x1WriteFinal  0x00000f4f   0x34  Code  Lc  osram96x16x1.o [1]
OSRAM96x16x1WriteFirst  0x00000ed1   0x18  Code  Lc  osram96x16x1.o [1]
QActive::get_()         0x0000298d   0x4c  Code  Gb  qa_get_.o [6]
QActive::postFIFO(const QEvent *)
                        0x00002629   0x70  Code  Gb  qa_fifo.o [6]
QActive::start(unsigned char, const QEvent **, unsigned int, void *, unsigned int, const QEvent *)
                        0x0000246d   0x58  Code  Gb  qk.o [7]
QActive::subscribe(unsigned char) const
                        0x00002769   0x60  Code  Gb  qa_sub.o [6]
QActive::~QActive()     0x000031af    0xe  Code  Gb  missile.o [1]
QActive::~QActive() [deleting]
                        0x000030d1   0x12  Code  Gb  missile.o [1]
QEP_reservedEvt_        0x00003290    0x8  Data  Gb  qep.o [5]
QEQueue::init(const QEvent **, unsigned char)
                        0x000030e3   0x12  Code  Gb  qeq_init.o [6]
QF::active_             0x20000594  0x100  Data  Gb  qf_act.o [6]
QF::add_(QActive *)     0x00002d21   0x28  Code  Gb  qf_act.o [6]
QF::gc(const QEvent *)  0x0000293d   0x50  Code  Gb  qf_gc.o [6]
QF::init()              0x00002445    0x4  Code  Gb  qk.o [7]
QF::new_(unsigned short, unsigned char)
                        0x00002885   0x5c  Code  Gb  qf_new.o [6]
QF::onCleanup()         0x00000eb1    0x2  Code  Gb  bsp.o [1]
QF::onStartup()         0x00000e6f   0x3a  Code  Gb  bsp.o [1]
QF::poolInit(void *, unsigned int, unsigned short)
                        0x000028e1   0x5c  Code  Gb  qf_pool.o [6]
QF::psInit(QSubscrList *, unsigned char)
                        0x00003211    0xc  Code  Gb  qf_psini.o [6]
QF::publish(const QEvent *)
                        0x0000206d   0x98  Code  Gb  qf_pspub.o [6]
QF::run()               0x0000244d   0x20  Code  Gb  qk.o [7]
QF::stop()              0x00002449    0x4  Code  Gb  qk.o [7]
QF::tick()              0x00002709   0x60  Code  Gb  qf_tick.o [6]
QF_div8Lkup             0x00002b90   0x44  Data  Gb  qf_pwr2.o [6]
QF_invPwr2Lkup          0x00002b4c   0x44  Data  Gb  qf_pwr2.o [6]
QF_log2Lkup             0x00001c00  0x100  Data  Gb  qf_log2.o [6]
QF_maxPool_             0x20000810    0x1  Data  Gb  qf_pool.o [6]
QF_maxSignal_           0x20000958    0x1  Data  Gb  qf_psini.o [6]
QF_pool_                0x20000814   0x3c  Data  Gb  qf_pool.o [6]
QF_pwr2Lkup             0x00002b08   0x44  Data  Gb  qf_pwr2.o [6]
QF_subscrList_          0x2000095c    0x4  Data  Gb  qf_psini.o [6]
QF_timeEvtListHead_     0x20000970    0x4  Data  Gb  qte_arm.o [6]
QHsm::dispatch(const QEvent *)
                        0x0000194d  0x174  Code  Gb  qhsm_dis.o [5]
QHsm::init(const QEvent *)
                        0x00001eb5   0x84  Code  Gb  qhsm_ini.o [5]
QHsm::top(QHsm*, const QEvent *)
                        0x00003301    0x4  Code  Gb  qhsm_top.o [5]
QHsm::~QHsm()           0x00001e9d         Code  Gb  qhsm_ini.o [5]
QHsm::~QHsm() [deleting]
                        0x00001e95    0x4  Code  Gb  qhsm_ini.o [5]
QHsm::~QHsm() [internal]
                        0x00001e9f   0x14  Code  Gb  qhsm_ini.o [5]
QHsm::~QHsm() [subobject]
                        0x00001e99    0x2  Code  Gb  qhsm_ini.o [5]
QK::onIdle()            0x00000eb3   0x16  Code  Gb  bsp.o [1]
QK_PendSV               0x00002a93         Code  Gb  qk_port.o [7]
QK_SVCall               0x00002aaf         Code  Gb  qk_port.o [7]
QK_ceilingPrio_         0x20000990    0x1  Data  Gb  qk_mutex.o [7]
QK_currPrio_            0x20000998    0x1  Data  Gb  qk.o [7]
QK_init                 0x00002a75         Code  Gb  qk_port.o [7]
QK_intNest_             0x2000098e    0x1  Data  Gb  qk.o [7]
QK_readySet_            0x2000094c    0xc  Data  Gb  qk.o [7]
QK_schedule_            0x0000233d   0x84  Code  Gb  qk_sched.o [7]
QMPool::get()           0x00002ed1   0x22  Code  Gb  qmp_get.o [6]
QMPool::init(void *, unsigned int, unsigned short)
                        0x00002105   0x94  Code  Gb  qmp_init.o [6]
QMPool::put(void *)     0x00002c4d   0x38  Code  Gb  qmp_put.o [6]
QPSet64::findMax() volatile
                        0x00002e5d   0x28  Code  Gb  qk_sched.o [7]
QPSet64::insert(unsigned char) volatile
                        0x00002ddd   0x2c  Code  Gb  qa_fifo.o [6]
QPSet64::remove(unsigned char) volatile
                        0x00002e09   0x2c  Code  Gb  qa_get_.o [6]
QTimeEvt::QTimeEvt(unsigned char)
                        0x00002cf1    0x4  Code  Gb  qte_ctor.o [6]
QTimeEvt::QTimeEvt(unsigned char) [internal]
                        0x00002cf5   0x2c  Code  Gb  qte_ctor.o [6]
QTimeEvt::arm_(QActive *, unsigned short)
                        0x00002bd5   0x40  Code  Gb  qte_arm.o [6]
QTimeEvt::disarm()      0x00002cbd   0x34  Code  Gb  qte_darm.o [6]
Q_onAssert              0x00000ecd    0x4  Code  Gb  bsp.o [1]
Region$$Table$$Base     0x00002f3c          --   Gb  - Linker created -
Region$$Table$$Limit    0x00002f60          --   Gb  - Linker created -
SHT$$INIT_ARRAY$$Base   0x00003098          --   Gb  - Linker created -
SHT$$INIT_ARRAY$$Limit  0x000030ac          --   Gb  - Linker created -
SHT$$PREINIT_ARRAY$$Base
                        0x00003098          --   Gb  - Linker created -
SHT$$PREINIT_ARRAY$$Limit
                        0x00003098          --   Gb  - Linker created -
Ship::Ship() [internal]
                        0x00002db1   0x2c  Code  Gb  ship.o [1]
Ship::active(Ship*, const QEvent *)
                        0x000017c9   0x24  Code  Gb  ship.o [1]
Ship::exploding(Ship*, const QEvent *)
                        0x000018cd   0x5e  Code  Gb  ship.o [1]
Ship::flying(Ship*, const QEvent *)
                        0x0000180d   0xc0  Code  Gb  ship.o [1]
Ship::initial(Ship*, const QEvent *)
                        0x000017ad   0x14  Code  Gb  ship.o [1]
Ship::parked(Ship*, const QEvent *)
                        0x000017ed   0x14  Code  Gb  ship.o [1]
Ship::~Ship()           0x000032c1    0x6  Code  Gb  ship.o [1]
Ship::~Ship() [deleting]
                        0x000032bb    0x6  Code  Gb  ship.o [1]
Ship::~Ship() [internal]
                        0x00002fbf   0x1e  Code  Gb  ship.o [1]
SysCtlClockGet          0x00000a95  0x188  Code  Gb  sysctl.o [4]
SysCtlClockSet          0x00000975  0x120  Code  Gb  sysctl.o [4]
SysCtlDelay             0x0000096d    0x8  Code  Gb  sysctl.o [4]
SysCtlPeripheralEnable  0x00000949    0x6  Code  Gb  sysctl.o [4]
SysTickEnable           0x00002e35    0xc  Code  Gb  systick.o [4]
SysTickIntEnable        0x00002e41    0xc  Code  Gb  systick.o [4]
SysTickPeriodSet        0x00002e51    0x8  Code  Gb  systick.o [4]
TimerConfigure          0x000024d1   0x24  Code  Gb  timer.o [4]
TimerControlStall       0x0000250d   0x18  Code  Gb  timer.o [4]
TimerControlTrigger     0x000024f5   0x18  Code  Gb  timer.o [4]
TimerEnable             0x000024c5    0xc  Code  Gb  timer.o [4]
TimerLoadSet            0x00002525   0x12  Code  Gb  timer.o [4]
Tunnel::Tunnel() [internal]
                        0x000000dd   0x68  Code  Gb  tunnel.o [1]
Tunnel::active(Tunnel*, const QEvent *)
                        0x000001bd   0x48  Code  Gb  tunnel.o [1]
Tunnel::addImageAt(unsigned char, unsigned char, signed char)
                        0x000007bf   0x58  Code  Gb  tunnel.o [1]
Tunnel::advance()       0x00000649   0xc4  Code  Gb  tunnel.o [1]
Tunnel::demo(Tunnel*, const QEvent *)
                        0x00000209   0xb0  Code  Gb  tunnel.o [1]
Tunnel::dispatchToAllMines(const QEvent *)
                        0x0000079f   0x20  Code  Gb  tunnel.o [1]
Tunnel::final(Tunnel*, const QEvent *)
                        0x00000191   0x2c  Code  Gb  tunnel.o [1]
Tunnel::game_over(Tunnel*, const QEvent *)
                        0x000002c1   0x78  Code  Gb  tunnel.o [1]
Tunnel::initial(Tunnel*, const QEvent *)
                        0x00000145   0x4c  Code  Gb  tunnel.o [1]
Tunnel::isWallHit(unsigned char, unsigned char, unsigned char)
                        0x00000817   0x50  Code  Gb  tunnel.o [1]
Tunnel::plantMine()     0x0000070d   0x92  Code  Gb  tunnel.o [1]
Tunnel::playing(Tunnel*, const QEvent *)
                        0x0000035d  0x178  Code  Gb  tunnel.o [1]
Tunnel::screen_saver(Tunnel*, const QEvent *)
                        0x000004e1   0x24  Code  Gb  tunnel.o [1]
Tunnel::screen_saver_1_pixel(Tunnel*, const QEvent *)
                        0x00000593   0x78  Code  Gb  tunnel.o [1]
Tunnel::screen_saver_n_pixels(Tunnel*, const QEvent *)
                        0x0000050d   0x7c  Code  Gb  tunnel.o [1]
Tunnel::~Tunnel()       0x000032cd    0x6  Code  Gb  tunnel.o [1]
Tunnel::~Tunnel() [deleting]
                        0x000032c7    0x6  Code  Gb  tunnel.o [1]
Tunnel::~Tunnel() [internal]
                        0x00002fdd   0x1e  Code  Gb  tunnel.o [1]
Virtual function table for Mine1
                        0x000030f4   0x10  Data  Gb  mine1.o [1]
Virtual function table for Mine2
                        0x00003104   0x10  Data  Gb  mine2.o [1]
Virtual function table for Missile
                        0x00003124   0x10  Data  Gb  missile.o [1]
Virtual function table for QActive
                        0x00003114   0x10  Data  Gb  missile.o [1]
Virtual function table for QHsm
                        0x00003174   0x10  Data  Gb  qhsm_ini.o [5]
Virtual function table for Ship
                        0x00003144   0x10  Data  Gb  ship.o [1]
Virtual function table for Tunnel
                        0x00003154   0x10  Data  Gb  tunnel.o [1]
__aeabi_atexit          0x00003227    0xa  Code  Gb  targetabi.o [3]
__aeabi_memclr4         0x000032a9         Code  Gb  ABImemclr4.o [8]
__aeabi_memcpy          0x00002699         Code  Gb  ABImemcpy.o [8]
__aeabi_memcpy4         0x000026b3         Code  Gb  ABImemcpy.o [8]
__aeabi_memcpy8         0x000026b3         Code  Gb  ABImemcpy.o [8]
__aeabi_memmove         0x0000253d         Code  Gb  ABImemmove.o [8]
__aeabi_memmove4        0x0000253d         Code  Gb  ABImemmove.o [8]
__aeabi_memmove8        0x0000253d         Code  Gb  ABImemmove.o [8]
__aeabi_memset4         0x00002c85         Code  Gb  ABImemset48.o [8]
__aeabi_memset8         0x00002c85         Code  Gb  ABImemset48.o [8]
__aeabi_vec_ctor_nocookie_nodtor
                        0x00002ef5   0x24  Code  Gb  targetabi.o [3]
__aeabi_vec_dtor        0x00002f81   0x20  Code  Gb  targetabi.o [3]
__call_ctors            0x000023c1   0x18  Code  Gb  cppinit.o [3]
__call_dtors            0x00002401    0x4  Code  Gb  cppinit.o [3]
__cstart_call_dtors     0x00003187         Code  Gb  cexit.o [8]
__cxa_atexit            0x000023d9   0x28  Code  Gb  cppinit.o [3]
__cxa_finalize          0x00002405   0x3c  Code  Gb  cppinit.o [3]
__cxa_guard_abort       0x00002da9         Code  Gb  cxxabi.o [3]
__cxa_guard_acquire     0x00002d81   0x1e  Code  Gb  cxxabi.o [3]
__cxa_guard_release     0x00002d9f    0xa  Code  Gb  cxxabi.o [3]
__data_Aldata           0x20000960    0x8  Data  Gb  xxmemxmalloc.o [3]
__dso_handle            0x20000974    0x4  Data  Gb  cppinit.o [3]
__exit                  0x00003085   0x14  Code  Gb  exit.o [9]
__iar_Locksyslock       0x00002251   0x4c  Code  Gb  xsyslock.o [3]
__iar_Memset4_word      0x00002c8d         Code  Gb  ABImemset48.o [8]
__iar_Memset8_word      0x00002c8d         Code  Gb  ABImemset48.o [8]
__iar_Mtxdst            0x00002d57    0x4  Code  Gb  MtxWrapper.o [3]
__iar_Mtxinit           0x00002d51    0x6  Code  Gb  MtxWrapper.o [3]
__iar_Mtxlock           0x00002d65    0x6  Code  Gb  MtxWrapper.o [3]
__iar_Mtxunlock         0x00002d6b    0x6  Code  Gb  MtxWrapper.o [3]
__iar_Unlocksyslock     0x0000229d   0x14  Code  Gb  xsyslock.o [3]
__iar_copy_init2        0x00002f19   0x24  Code  Gb  copy_init2.o [8]
__iar_cstart_call_ctors
                        0x00002e91         Code  Gb  cmain.o [8]
__iar_data_init2        0x00002f61   0x20  Code  Gb  data_init2.o [8]
__iar_program_start     0x00002e85         Code  Gb  cmain.o [8]
__iar_sh_stdout_close   0x00003035   0x16  Code  Gb  iarwstd.o [9]
__iar_sh_stdout_handle  0x20000988    0x4  Data  Lc  iarwstd.o [9]
__iar_zero_init2        0x00003051   0x1a  Code  Gb  zero_init2.o [8]
__low_level_init        0x00003305    0x4  Code  Gb  low_level_init.o [3]
__vector_table          0x00000000   0xb8  Data  Gb  startup.o [1]
_exit                   0x00003185         Code  Gb  cexit.o [8]
_main                   0x00002e9f         Code  Gb  cmain.o [8]
clearlocks              0x00002229   0x26  Code  Lc  xsyslock.o [3]
do_bitmaps_overlap(unsigned char, unsigned char, unsigned char, unsigned char, unsigned char, unsigned char)
                        0x00000891   0xb2  Code  Gb  tunnel.o [1]
exit                    0x000032d3    0x6  Code  Gb  exit.o [3]
explosion0_bits         0x00003238    0x8  Data  Lc  tunnel.o [1]
explosion1_bits         0x00003240    0x8  Data  Lc  tunnel.o [1]
explosion2_bits         0x00003248    0x8  Data  Lc  tunnel.o [1]
explosion3_bits         0x00003250    0x8  Data  Lc  tunnel.o [1]
free                    0x000022b5   0x88  Code  Gb  xxmemxfree.o [3]
g_pucFont               0x000015ac  0x1dc  Data  Lc  osram96x16x1.o [1]
g_pucOSRAMInit          0x000025b4   0x74  Data  Lc  osram96x16x1.o [1]
g_pulRCGCRegs           0x000031bc    0xc  Data  Lc  sysctl.o [4]
g_pulRegs               0x00002ac0   0x48  Data  Lc  interrupt.o [4]
g_pulXtals              0x00002828   0x5c  Data  Lc  sysctl.o [4]
g_ulDelay               0x20000968    0x4  Data  Lc  osram96x16x1.o [1]
l_bitmap                0x00001f38   0x50  Data  Lc  tunnel.o [1]
l_frame                 0x200004d4   0xc0  Data  Lc  tunnel.o [1]
l_medPoolSto            0x20000704   0x44  Data  Lc  main.o [1]
l_mine1                 0x20000850   0x3c  Data  Lc  mine1.o [1]
l_mine2                 0x2000088c   0x3c  Data  Lc  mine2.o [1]
l_missile               0x200008c8   0x20  Data  Lc  missile.o [1]
l_missileQueueSto       0x20000694    0x8  Data  Lc  main.o [1]
l_rnd                   0x2000096c    0x4  Data  Lc  tunnel.o [1]
l_ship                  0x200008e8   0x20  Data  Lc  ship.o [1]
l_shipQueueSto          0x2000069c    0xc  Data  Lc  main.o [1]
l_smlPoolSto            0x200006d0   0x34  Data  Lc  main.o [1]
l_subscrSto             0x20000748   0x40  Data  Lc  main.o [1]
l_this_file             0x000029dc   0x4c  Data  Lc  mine1.o [1]
l_this_file             0x00002a28   0x4c  Data  Lc  mine2.o [1]
l_this_file             0x00001f88   0x4c  Data  Lc  tunnel.o [1]
l_this_file             0x000032fc    0x4  Data  Lc  qk.o [7]
l_this_file             0x00003258    0x8  Data  Lc  qf_new.o [6]
l_this_file             0x000031c8    0xc  Data  Lc  qf_pspub.o [6]
l_this_file             0x00003260    0x8  Data  Lc  qa_fifo.o [6]
l_this_file             0x00003268    0x8  Data  Lc  qf_pool.o [6]
l_this_file             0x000031d4    0xc  Data  Lc  qhsm_ini.o [5]
l_this_file             0x00003270    0x8  Data  Lc  qa_sub.o [6]
l_this_file             0x000031e0    0xc  Data  Lc  qhsm_dis.o [5]
l_this_file             0x00003278    0x8  Data  Lc  qte_arm.o [6]
l_this_file             0x000031ec    0xc  Data  Lc  qte_ctor.o [6]
l_this_file             0x000031f8    0xc  Data  Lc  qk_sched.o [7]
l_this_file             0x00003280    0x8  Data  Lc  qf_act.o [6]
l_this_file             0x00003288    0x8  Data  Lc  qf_gc.o [6]
l_this_file             0x00003204    0xc  Data  Lc  qmp_init.o [6]
l_this_file             0x00003298    0x8  Data  Lc  qa_get_.o [6]
l_this_file             0x000032a0    0x8  Data  Lc  qmp_put.o [6]
l_tunnel                0x20000788   0x88  Data  Lc  tunnel.o [1]
l_tunnelQueueSto        0x200006a8   0x28  Data  Lc  main.o [1]
l_walls                 0x20000414   0xc0  Data  Lc  tunnel.o [1]
main                    0x00002199   0x84  Code  Gb  main.o [1]
mine1_bits              0x000032f0    0x4  Data  Lc  tunnel.o [1]
mine2_bits              0x000032f4    0x4  Data  Lc  tunnel.o [1]
mine2_missile_bits      0x000032f8    0x4  Data  Lc  tunnel.o [1]
missile_bits            0x000032ec    0x4  Data  Lc  tunnel.o [1]
mtx                     0x2000090c   0x10  Data  Lc  xsyslock.o [3]
mtxdst                  0x2000097c    0x4  Data  Lc  MtxWrapper.o [3]
mtxinit                 0x20000978    0x4  Data  Lc  MtxWrapper.o [3]
mtxlock                 0x20000980    0x4  Data  Lc  MtxWrapper.o [3]
mtxunlock               0x20000984    0x4  Data  Lc  MtxWrapper.o [3]
next_abi_dtor_rec       0x20000994    0x4  Data  Lc  cppinit.o [3]
operator delete (void *)
                        0x0000321d    0xa  Code  Gb  delop_0.o [3]
press_button_bits       0x00002c14   0x38  Data  Lc  tunnel.o [1]
random()                0x00000631   0x14  Code  Lc  tunnel.o [1]
ship_bits               0x00003230    0x8  Data  Lc  tunnel.o [1]
stack                   0x20000000  0x258  Data  Lc  startup.o [1]
syslock_o               0x20000908    0x4  Data  Lc  xsyslock.o [3]


[1] = C:\software\qpcpp\examples\cortex-m3\qk\iar\game-qk-ev-lm3s811\rel
[2] = command line
[3] = dl7M_tl_in.a
[4] = driverlib.a
[5] = libqep.a
[6] = libqf.a
[7] = libqk.a
[8] = rt7M_tl.a
[9] = shb_l.a

  10 828 bytes of readonly  code memory
   2 244 bytes of readonly  data memory
   2 457 bytes of readwrite data memory

Errors: none
Warnings: none
